Microchip MPLAB XC8 Compiler V2.20

Linker command line:

-W-3 --edf=C:\Program Files\Microchip\xc8\v2.20\pic\dat\en_msgs.txt -cn \
  -h+dist/default/production\Tesis_Master_Rotacion.X.production.sym \
  --cmf=dist/default/production\Tesis_Master_Rotacion.X.production.cmf -z \
  -Q16F1455 -oC:\Users\julio\AppData\Local\Temp\s684.2 \
  --defsym=__MPLAB_BUILD=1 \
  -Mdist/default/production/Tesis_Master_Rotacion.X.production.map -E1 \
  -ver=XC8 Compiler --acfsm=1493 -ASTACK=02039h-023EFh -pstack=STACK \
  -ACODE=00h-07FFhx4 -ASTRCODE=00h-01FFFh -ASTRING=00h-0FFhx32 \
  -ACONST=00h-0FFhx32 -AENTRY=00h-0FFhx32 -ACOMMON=070h-07Fh \
  -ABANK0=020h-06Fh -ABANK1=0A0h-0EFh -ABANK2=0120h-016Fh \
  -ABANK3=01A0h-01EFh -ABANK4=0220h-026Fh -ABANK5=02A0h-02EFh \
  -ABANK6=0320h-036Fh -ABANK7=03A0h-03EFh -ABANK8=0420h-046Fh \
  -ABANK9=04A0h-04EFh -ABANK10=0520h-056Fh -ABANK11=05A0h-05EFh \
  -ABANK12=0620h-064Fh -ABIGRAM=02000h-023EFh \
  -ARAM=020h-06Fh,0A0h-0EFh,0120h-016Fh,01A0h-01EFh,0220h-026Fh,02A0h-02EFh,0320h-036Fh,03A0h-03EFh,0420h-046Fh,04A0h-04EFh,0520h-056Fh,05A0h-05EFh,0620h-064Fh \
  -AABS1=020h-07Fh,0A0h-0EFh,0120h-016Fh,01A0h-01EFh,0220h-026Fh,02A0h-02EFh,0320h-036Fh,03A0h-03EFh,0420h-046Fh,04A0h-04EFh,0520h-056Fh,05A0h-05EFh,0620h-064Fh \
  -ASFR0=00h-01Fh -ASFR1=080h-09Fh -ASFR2=0100h-011Fh -ASFR3=0180h-019Fh \
  -ASFR4=0200h-021Fh -ASFR5=0280h-029Fh -ASFR6=0300h-031Fh \
  -ASFR7=0380h-039Fh -ASFR8=0400h-041Fh -ASFR9=0480h-049Fh \
  -ASFR10=0500h-051Fh -ASFR11=0580h-059Fh -ASFR12=0600h-061Fh \
  -ASFR13=0680h-06EFh -ASFR14=0700h-076Fh -ASFR15=0780h-07EFh \
  -ASFR16=0800h-086Fh -ASFR17=0880h-08EFh -ASFR18=0900h-096Fh \
  -ASFR19=0980h-09EFh -ASFR20=0A00h-0A6Fh -ASFR21=0A80h-0AEFh \
  -ASFR22=0B00h-0B6Fh -ASFR23=0B80h-0BEFh -ASFR24=0C00h-0C6Fh \
  -ASFR25=0C80h-0CEFh -ASFR26=0D00h-0D6Fh -ASFR27=0D80h-0DEFh \
  -ASFR28=0E00h-0E6Fh -ASFR29=0E80h-0EEFh -ASFR30=0F00h-0F6Fh \
  -ASFR31=0F80h-0FEFh -ACONFIG=08007h-08008h -DCONFIG=2 \
  -AIDLOC=08000h-08003h -DIDLOC=2 \
  -preset_vec=00h,intentry=04h,init,end_init -ppowerup=CODE -pcinit=CODE \
  -pfunctab=ENTRY -DCODE=2 -DSTRCODE=2 -DSTRING=2 -DCONST=2 -DENTRY=2 -k \
  C:\Users\julio\AppData\Local\Temp\s684.o \
  dist/default/production\Tesis_Master_Rotacion.X.production.o 

Object code version is 3.11

Machine type is 16F1455



                Name                               Link     Load   Length Selector   Space Scale
C:\Users\julio\AppData\Local\Temp\s684.o
                end_init                             19       19        2        8       0
                reset_vec                             0        0        2        0       0
                config                             8007     8007        2        0       4
dist/default/production\Tesis_Master_Rotacion.X.production.o
                cinit                                1B       1B       19        8       0
                intentry                              4        4       15        8       0
                config                             8007     8007        2        0       4
                text61                              460      460        3      50C       0
                text60                              349      349       11      50C       0
                text59                              30C      30C       16      50C       0
                text57                              469      469        2      50C       0
                text56                              467      467        2      50C       0
                text55                              45D      45D        3      50C       0
                text54                              45A      45A        3      50C       0
                text53                              457      457        3      50C       0
                text52                              2C2      2C2       1C      50C       0
                text51                              454      454        3      50C       0
                text50                              451      451        3      50C       0
                text49                              44E      44E        3      50C       0
                text48                              36A      36A       10      50C       0
                text47                              240      240       26        8       0
                text46                              3B0      3B0        D      50C       0
                text45                              337      337       12      50C       0
                text44                              465      465        2      50C       0
                text43                              463      463        2      50C       0
                text42                              44B      44B        3      50C       0
                text41                              43E      43E        4      50C       0
                text40                              448      448        3      50C       0
                text39                              43A      43A        4      50C       0
                text38                              431      431        5      50C       0
                text37                              3F9      3F9        6      50C       0
                text36                              445      445        3      50C       0
                text35                              1BA      1BA       2F        8       0
                text34                              42C      42C        5      50C       0
                text33                              3CF      3CF        9      50C       0
                text32                              3D8      3D8        8      50C       0
                text31                               B2       B2       55        8       0
                text30                              107      107       46        8       0
                text29                              3E0      3E0        7      50C       0
                text28                              427      427        5      50C       0
                text27                              422      422        5      50C       0
                text26                              41D      41D        5      50C       0
                text25                              418      418        5      50C       0
                text24                              413      413        5      50C       0
                text23                              40E      40E        5      50C       0
                text22                              409      409        5      50C       0
                text21                              404      404        5      50C       0
                text20                              1E9      1E9       2C        8       0
                text19                              215      215       2B        8       0
                text18                              3F3      3F3        6      50C       0
                text17                              3A3      3A3        D      50C       0
                text16                              286      286       1F      50C       0
                text15                              3FF      3FF        5      50C       0
                text14                              396      396        D      50C       0
                text13                              14D      14D       3A        8       0
                text12                              389      389        D      50C       0
                text11                              187      187       33        8       0
                text10                              37A      37A        F      50C       0
                text9                                34       34       7E        8       0
                text8                               2A5      2A5       1D      50C       0
                text7                               3C6      3C6        9      50C       0
                text6                               3BD      3BD        9      50C       0
                text5                               322      322       15      50C       0
                text4                               3ED      3ED        6      50C       0
                text3                               2DE      2DE       18      50C       0
                text2                               436      436        4      50C       0
                text1                               35A      35A       10      50C       0
                maintext                            2F6      2F6       16      50C       0
                cstackBANK0                          42       42       10       20       1
                cstackCOMMON                         70       70        B       70       1
                clrtext                             3E7      3E7        6      50C       0
                dataBANK0                            56       56        3       20       1
                bssBANK0                             20       20       22       20       1
                bssCOMMON                            7B       7B        1       70       1
                nvBANK0                              52       52        4       20       1
                stringtext1                         266      266       20      4CC       0
                idataBANK0                          442      442        3      50C       0

TOTAL           Name                               Link     Load   Length     Space
        CLASS   STACK          

        CLASS   CODE           
                end_init                             19       19        2         0
                cinit                                1B       1B       19         0
                intentry                              4        4       15         0
                reset_vec                             0        0        2         0
                text61                              460      460        3         0
                text60                              349      349       11         0
                text59                              30C      30C       16         0
                text57                              469      469        2         0
                text56                              467      467        2         0
                text55                              45D      45D        3         0
                text54                              45A      45A        3         0
                text53                              457      457        3         0
                text52                              2C2      2C2       1C         0
                text51                              454      454        3         0
                text50                              451      451        3         0
                text49                              44E      44E        3         0
                text48                              36A      36A       10         0
                text47                              240      240       26         0
                text46                              3B0      3B0        D         0
                text45                              337      337       12         0
                text44                              465      465        2         0
                text43                              463      463        2         0
                text42                              44B      44B        3         0
                text41                              43E      43E        4         0
                text40                              448      448        3         0
                text39                              43A      43A        4         0
                text38                              431      431        5         0
                text37                              3F9      3F9        6         0
                text36                              445      445        3         0
                text35                              1BA      1BA       2F         0
                text34                              42C      42C        5         0
                text33                              3CF      3CF        9         0
                text32                              3D8      3D8        8         0
                text31                               B2       B2       55         0
                text30                              107      107       46         0
                text29                              3E0      3E0        7         0
                text28                              427      427        5         0
                text27                              422      422        5         0
                text26                              41D      41D        5         0
                text25                              418      418        5         0
                text24                              413      413        5         0
                text23                              40E      40E        5         0
                text22                              409      409        5         0
                text21                              404      404        5         0
                text20                              1E9      1E9       2C         0
                text19                              215      215       2B         0
                text18                              3F3      3F3        6         0
                text17                              3A3      3A3        D         0
                text16                              286      286       1F         0
                text15                              3FF      3FF        5         0
                text14                              396      396        D         0
                text13                              14D      14D       3A         0
                text12                              389      389        D         0
                text11                              187      187       33         0
                text10                              37A      37A        F         0
                text9                                34       34       7E         0
                text8                               2A5      2A5       1D         0
                text7                               3C6      3C6        9         0
                text6                               3BD      3BD        9         0
                text5                               322      322       15         0
                text4                               3ED      3ED        6         0
                text3                               2DE      2DE       18         0
                text2                               436      436        4         0
                text1                               35A      35A       10         0
                maintext                            2F6      2F6       16         0
                clrtext                             3E7      3E7        6         0
                idataBANK0                          442      442        3         0

        CLASS   STRCODE        
                stringtext1                         266      266       20         0

        CLASS   STRING         

        CLASS   CONST          

        CLASS   ENTRY          

        CLASS   COMMON         
                cstackCOMMON                         70       70        B         1
                bssCOMMON                            7B       7B        1         1

        CLASS   BANK0          
                cstackBANK0                          42       42       10         1
                dataBANK0                            56       56        3         1
                bssBANK0                             20       20       22         1
                nvBANK0                              52       52        4         1

        CLASS   BANK1          

        CLASS   BANK2          

        CLASS   BANK3          

        CLASS   BANK4          

        CLASS   BANK5          

        CLASS   BANK6          

        CLASS   BANK7          

        CLASS   BANK8          

        CLASS   BANK9          

        CLASS   BANK10         

        CLASS   BANK11         

        CLASS   BANK12         

        CLASS   BIGRAM         

        CLASS   RAM            

        CLASS   ABS1           
                abs_s1                               7E       7E        2         1

        CLASS   SFR0           

        CLASS   SFR1           

        CLASS   SFR2           

        CLASS   SFR3           

        CLASS   SFR4           

        CLASS   SFR5           

        CLASS   SFR6           

        CLASS   SFR7           

        CLASS   SFR8           

        CLASS   SFR9           

        CLASS   SFR10          

        CLASS   SFR11          

        CLASS   SFR12          

        CLASS   SFR13          

        CLASS   SFR14          

        CLASS   SFR15          

        CLASS   SFR16          

        CLASS   SFR17          

        CLASS   SFR18          

        CLASS   SFR19          

        CLASS   SFR20          

        CLASS   SFR21          

        CLASS   SFR22          

        CLASS   SFR23          

        CLASS   SFR24          

        CLASS   SFR25          

        CLASS   SFR26          

        CLASS   SFR27          

        CLASS   SFR28          

        CLASS   SFR29          

        CLASS   SFR30          

        CLASS   SFR31          

        CLASS   CONFIG         
                config                             8007     8007        2         4

        CLASS   IDLOC          

        CLASS   BANK31         

        CLASS   BANK30         

        CLASS   BANK29         

        CLASS   BANK28         

        CLASS   BANK27         

        CLASS   BANK26         

        CLASS   BANK25         

        CLASS   BANK24         

        CLASS   BANK23         

        CLASS   BANK22         

        CLASS   BANK21         

        CLASS   BANK20         

        CLASS   BANK19         

        CLASS   BANK18         

        CLASS   BANK17         

        CLASS   BANK16         

        CLASS   BANK15         

        CLASS   BANK14         

        CLASS   BANK13         

        CLASS   EEDATA         



SEGMENTS        Name                           Load    Length   Top    Selector   Space  Class     Delta

                reset_vec                      000000  000002  000002         0       0  CODE        2
                intentry                       000004  000262  000266         8       0  CODE        2
                bssBANK0                       000020  000039  000059        20       1  BANK0       1
                cstackCOMMON                   000070  00000C  00007C        70       1  COMMON      1
                stringtext1                    000266  000020  000286       4CC       0  STRCODE     2
                text16                         000286  0001E5  00046B       50C       0  CODE        2


UNUSED ADDRESS RANGES

        Name                Unused          Largest block    Delta
        BANK0            00059-0006F              17           1
        BANK1            000A0-000EF              50           1
        BANK10           00520-0056F              50           1
        BANK11           005A0-005EF              50           1
        BANK12           00620-0064F              30           1
        BANK2            00120-0016F              50           1
        BANK3            001A0-001EF              50           1
        BANK4            00220-0026F              50           1
        BANK5            002A0-002EF              50           1
        BANK6            00320-0036F              50           1
        BANK7            003A0-003EF              50           1
        BANK8            00420-0046F              50           1
        BANK9            004A0-004EF              50           1
        BIGRAM           02000-023EF             3F0           1
        CODE             00002-00003               2           2
                         0046B-01FFF             800
        COMMON           0007C-0007D               2           1
        CONST            00002-00003               2           2
                         0046B-01FFF             100
        ENTRY            00002-00003               2           2
                         0046B-01FFF             100
        IDLOC            08000-08003               4           2
        RAM              00059-0006F              17           1
                         000A0-000EF              50
                         00120-0016F              50
                         001A0-001EF              50
                         00220-0026F              50
                         002A0-002EF              50
                         00320-0036F              50
                         003A0-003EF              50
                         00420-0046F              50
                         004A0-004EF              50
                         00520-0056F              50
                         005A0-005EF              50
                         00620-0064F              30
        SFR0             00000-0001F              20           1
        SFR1             00080-0009F              20           1
        SFR10            00500-0051F              20           1
        SFR11            00580-0059F              20           1
        SFR12            00600-0061F              20           1
        SFR13            00680-006EF              70           1
        SFR14            00700-0076F              70           1
        SFR15            00780-007EF              70           1
        SFR16            00800-0086F              70           1
        SFR17            00880-008EF              70           1
        SFR18            00900-0096F              70           1
        SFR19            00980-009EF              70           1
        SFR2             00100-0011F              20           1
        SFR20            00A00-00A6F              70           1
        SFR21            00A80-00AEF              70           1
        SFR22            00B00-00B6F              70           1
        SFR23            00B80-00BEF              70           1
        SFR24            00C00-00C6F              70           1
        SFR25            00C80-00CEF              70           1
        SFR26            00D00-00D6F              70           1
        SFR27            00D80-00DEF              70           1
        SFR28            00E00-00E6F              70           1
        SFR29            00E80-00EEF              70           1
        SFR3             00180-0019F              20           1
        SFR30            00F00-00F6F              70           1
        SFR31            00F80-00FEF              70           1
        SFR4             00200-0021F              20           1
        SFR5             00280-0029F              20           1
        SFR6             00300-0031F              20           1
        SFR7             00380-0039F              20           1
        SFR8             00400-0041F              20           1
        SFR9             00480-0049F              20           1
        STACK            02039-023EF             3B7           1
        STRCODE          00002-00003               2           2
                         0046B-01FFF            1B95
        STRING           00002-00003               2           2
                         0046B-01FFF             100

                                  Symbol Table

I2C_Close@returnValue                     cstackCOMMON 00073
I2C_MasterOperation@read                  cstackBANK0  00042
I2C_MasterOperation@returnValue           cstackBANK0  00043
I2C_MasterSendTxData@data                 cstackCOMMON 00072
I2C_Open@address                          cstackCOMMON 00073
I2C_Open@returnValue                      cstackCOMMON 00074
I2C_SetAddressNackCallback@cb             cstackCOMMON 00077
I2C_SetAddressNackCallback@ptr            cstackCOMMON 00079
I2C_SetBuffer@buffer                      cstackCOMMON 00075
I2C_SetBuffer@bufferSize                  cstackCOMMON 00072
I2C_SetCallback@cb                        cstackCOMMON 00072
I2C_SetCallback@idx                       cstackCOMMON 00076
I2C_SetCallback@ptr                       cstackCOMMON 00074
I2C_SetDataCompleteCallback@cb            cstackCOMMON 00077
I2C_SetDataCompleteCallback@ptr           cstackCOMMON 00079
I2C_Write1ByteRegister@address            cstackBANK0  00047
I2C_Write1ByteRegister@data               cstackBANK0  00045
I2C_Write1ByteRegister@reg                cstackBANK0  00044
Rotar_All_Slaves@n                        cstackBANK0  00050
Rotar_Slave@esclavo                       cstackBANK0  0004E
SetServo@ciclo                            cstackBANK0  00048
SetServo@slave                            cstackBANK0  0004B
TMR1_SetInterruptHandler@InterruptHandler cstackCOMMON 00072
TMR1_WriteTimer@timerVal                  cstackCOMMON 00070
_ACTCON                                   (abs)        0039B
_ANSELA                                   (abs)        0018C
_ANSELC                                   (abs)        0018E
_APFCON                                   (abs)        0011D
_BORCON                                   (abs)        00116
_Clear_Master_TMR1_flag                   text57       00469
_Get_Master_TMR1_flag                     text56       00467
_I2C_CallbackReturnReset                  text43       00463
_I2C_CallbackReturnStop                   text44       00465
_I2C_Close                                text52       002C2
_I2C_DO_ADDRESS_NACK                      text20       001E9
_I2C_DO_IDLE                              text34       0042C
_I2C_DO_RCEN                              text29       003E0
_I2C_DO_RESET                             text21       00404
_I2C_DO_RX                                text30       00107
_I2C_DO_RX_ACK                            text24       00413
_I2C_DO_RX_NACK_RESTART                   text22       00409
_I2C_DO_RX_NACK_STOP                      text23       0040E
_I2C_DO_SEND_ADR_READ                     text33       003CF
_I2C_DO_SEND_ADR_WRITE                    text32       003D8
_I2C_DO_SEND_RESTART                      text26       0041D
_I2C_DO_SEND_RESTART_READ                 text28       00427
_I2C_DO_SEND_RESTART_WRITE                text27       00422
_I2C_DO_SEND_STOP                         text25       00418
_I2C_DO_TX                                text31       000B2
_I2C_DO_TX_EMPTY                          text35       001BA
_I2C_Initialize                           text7        003C6
_I2C_MasterClearIrq                       text55       0045D
_I2C_MasterClose                          text54       0045A
_I2C_MasterDisableIrq                     text53       00457
_I2C_MasterEnableRestart                  text50       00451
_I2C_MasterFsm                            text19       00215
_I2C_MasterGetRxData                      text40       00448
_I2C_MasterIsNack                         text37       003F9
_I2C_MasterOpen                           text14       00396
_I2C_MasterOperation                      text16       00286
_I2C_MasterSendAck                        text39       0043A
_I2C_MasterSendNack                       text41       0043E
_I2C_MasterSendTxData                     text38       00431
_I2C_MasterSetIrq                         text36       00445
_I2C_MasterStart                          text51       00454
_I2C_MasterStartRx                        text42       0044B
_I2C_MasterStop                           text49       0044E
_I2C_MasterWaitForEvent                   text18       003F3
_I2C_MasterWrite                          text15       003FF
_I2C_Open                                 text13       0014D
_I2C_Poller                               text17       003A3
_I2C_SetAddressNackCallback               text12       00389
_I2C_SetBuffer                            text48       0036A
_I2C_SetCallback                          text47       00240
_I2C_SetDataCompleteCallback              text46       003B0
_I2C_Status                               bssBANK0     00020
_I2C_Write1ByteRegister                   text11       00187
_INTCONbits                               (abs)        0000B
_INTERRUPT_InterruptManager               intentry     00004
_LATA                                     (abs)        0010C
_LATC                                     (abs)        0010E
_OPTION_REGbits                           (abs)        00095
_OSCCON                                   (abs)        00099
_OSCILLATOR_Initialize                    text6        003BD
_OSCTUNE                                  (abs)        00098
_PIE1bits                                 (abs)        00091
_PIN_MANAGER_Initialize                   text5        00322
_PIR1bits                                 (abs)        00011
_Rotar_All_Slaves                         text8        002A5
_Rotar_Slave                              text9        00034
_SSP1ADD                                  (abs)        00212
_SSP1BUF                                  (abs)        00211
_SSP1CON1                                 (abs)        00215
_SSP1CON1bits                             (abs)        00215
_SSP1CON2                                 (abs)        00216
_SSP1CON2bits                             (abs)        00216
_SSP1STAT                                 (abs)        00214
_SYSTEM_Initialize                        text1        0035A
_SetServo                                 text10       0037A
_T1CON                                    (abs)        00018
_T1CONbits                                (abs)        00018
_T1GCON                                   (abs)        00019
_TMR1H                                    (abs)        00017
_TMR1L                                    (abs)        00016
_TMR1_ISR                                 text59       0030C
_TMR1_Initialize                          text3        002DE
_TMR1_InterruptHandler                    nvBANK0      00052
_TMR1_Master_InterruptHandler             text61       00460
_TMR1_SetInterruptHandler                 text4        003ED
_TMR1_WriteTimer                          text60       00349
_TRISA                                    (abs)        0008C
_TRISC                                    (abs)        0008E
_WDTCON                                   (abs)        00097
_WDT_Initialize                           text2        00436
_WPUA                                     (abs)        0020C
__Habs1                                   abs1         00000
__Hbank0                                  bank0        00000
__Hbank1                                  bank1        00000
__Hbank10                                 bank10       00000
__Hbank11                                 bank11       00000
__Hbank12                                 bank12       00000
__Hbank13                                 bank13       00000
__Hbank14                                 bank14       00000
__Hbank15                                 bank15       00000
__Hbank16                                 bank16       00000
__Hbank17                                 bank17       00000
__Hbank18                                 bank18       00000
__Hbank19                                 bank19       00000
__Hbank2                                  bank2        00000
__Hbank20                                 bank20       00000
__Hbank21                                 bank21       00000
__Hbank22                                 bank22       00000
__Hbank23                                 bank23       00000
__Hbank24                                 bank24       00000
__Hbank25                                 bank25       00000
__Hbank26                                 bank26       00000
__Hbank27                                 bank27       00000
__Hbank28                                 bank28       00000
__Hbank29                                 bank29       00000
__Hbank3                                  bank3        00000
__Hbank30                                 bank30       00000
__Hbank31                                 bank31       00000
__Hbank4                                  bank4        00000
__Hbank5                                  bank5        00000
__Hbank6                                  bank6        00000
__Hbank7                                  bank7        00000
__Hbank8                                  bank8        00000
__Hbank9                                  bank9        00000
__Hbigram                                 bigram       00000
__HbssBANK0                               bssBANK0     00000
__HbssCOMMON                              bssCOMMON    00000
__Hcinit                                  cinit        00034
__Hclrtext                                clrtext      00000
__Hcode                                   code         00000
__Hcommon                                 common       00000
__Hconfig                                 config       08009
__HcstackBANK0                            cstackBANK0  00000
__HcstackCOMMON                           cstackCOMMON 00000
__HdataBANK0                              dataBANK0    00000
__Heeprom_data                            eeprom_data  00000
__Hend_init                               end_init     0001B
__Hfunctab                                functab      00000
__HidataBANK0                             idataBANK0   00000
__Hinit                                   init         00019
__Hintentry                               intentry     00019
__Hmaintext                               maintext     00000
__HnvBANK0                                nvBANK0      00000
__Hpowerup                                powerup      00000
__Hram                                    ram          00000
__Hreset_vec                              reset_vec    00002
__Hsfr0                                   sfr0         00000
__Hsfr1                                   sfr1         00000
__Hsfr10                                  sfr10        00000
__Hsfr11                                  sfr11        00000
__Hsfr12                                  sfr12        00000
__Hsfr13                                  sfr13        00000
__Hsfr14                                  sfr14        00000
__Hsfr15                                  sfr15        00000
__Hsfr16                                  sfr16        00000
__Hsfr17                                  sfr17        00000
__Hsfr18                                  sfr18        00000
__Hsfr19                                  sfr19        00000
__Hsfr2                                   sfr2         00000
__Hsfr20                                  sfr20        00000
__Hsfr21                                  sfr21        00000
__Hsfr22                                  sfr22        00000
__Hsfr23                                  sfr23        00000
__Hsfr24                                  sfr24        00000
__Hsfr25                                  sfr25        00000
__Hsfr26                                  sfr26        00000
__Hsfr27                                  sfr27        00000
__Hsfr28                                  sfr28        00000
__Hsfr29                                  sfr29        00000
__Hsfr3                                   sfr3         00000
__Hsfr30                                  sfr30        00000
__Hsfr31                                  sfr31        00000
__Hsfr4                                   sfr4         00000
__Hsfr5                                   sfr5         00000
__Hsfr6                                   sfr6         00000
__Hsfr7                                   sfr7         00000
__Hsfr8                                   sfr8         00000
__Hsfr9                                   sfr9         00000
__Hspace_0                                (abs)        0046B
__Hspace_1                                (abs)        0007C
__Hspace_2                                (abs)        00000
__Hspace_3                                (abs)        00000
__Hspace_4                                (abs)        10010
__Hstack                                  stack        00000
__Hstrings                                strings      00000
__Hstringtext1                            stringtext1  00000
__Htext                                   text         00000
__Labs1                                   abs1         00000
__Lbank0                                  bank0        00000
__Lbank1                                  bank1        00000
__Lbank10                                 bank10       00000
__Lbank11                                 bank11       00000
__Lbank12                                 bank12       00000
__Lbank13                                 bank13       00000
__Lbank14                                 bank14       00000
__Lbank15                                 bank15       00000
__Lbank16                                 bank16       00000
__Lbank17                                 bank17       00000
__Lbank18                                 bank18       00000
__Lbank19                                 bank19       00000
__Lbank2                                  bank2        00000
__Lbank20                                 bank20       00000
__Lbank21                                 bank21       00000
__Lbank22                                 bank22       00000
__Lbank23                                 bank23       00000
__Lbank24                                 bank24       00000
__Lbank25                                 bank25       00000
__Lbank26                                 bank26       00000
__Lbank27                                 bank27       00000
__Lbank28                                 bank28       00000
__Lbank29                                 bank29       00000
__Lbank3                                  bank3        00000
__Lbank30                                 bank30       00000
__Lbank31                                 bank31       00000
__Lbank4                                  bank4        00000
__Lbank5                                  bank5        00000
__Lbank6                                  bank6        00000
__Lbank7                                  bank7        00000
__Lbank8                                  bank8        00000
__Lbank9                                  bank9        00000
__Lbigram                                 bigram       00000
__LbssBANK0                               bssBANK0     00000
__LbssCOMMON                              bssCOMMON    00000
__Lcinit                                  cinit        0001B
__Lclrtext                                clrtext      00000
__Lcode                                   code         00000
__Lcommon                                 common       00000
__Lconfig                                 config       00000
__LcstackBANK0                            cstackBANK0  00000
__LcstackCOMMON                           cstackCOMMON 00000
__LdataBANK0                              dataBANK0    00000
__Leeprom_data                            eeprom_data  00000
__Lend_init                               end_init     00019
__Lfunctab                                functab      00000
__LidataBANK0                             idataBANK0   00000
__Linit                                   init         00019
__Lintentry                               intentry     00004
__Lmaintext                               maintext     00000
__LnvBANK0                                nvBANK0      00000
__Lpowerup                                powerup      00000
__Lram                                    ram          00000
__Lreset_vec                              reset_vec    00000
__Lsfr0                                   sfr0         00000
__Lsfr1                                   sfr1         00000
__Lsfr10                                  sfr10        00000
__Lsfr11                                  sfr11        00000
__Lsfr12                                  sfr12        00000
__Lsfr13                                  sfr13        00000
__Lsfr14                                  sfr14        00000
__Lsfr15                                  sfr15        00000
__Lsfr16                                  sfr16        00000
__Lsfr17                                  sfr17        00000
__Lsfr18                                  sfr18        00000
__Lsfr19                                  sfr19        00000
__Lsfr2                                   sfr2         00000
__Lsfr20                                  sfr20        00000
__Lsfr21                                  sfr21        00000
__Lsfr22                                  sfr22        00000
__Lsfr23                                  sfr23        00000
__Lsfr24                                  sfr24        00000
__Lsfr25                                  sfr25        00000
__Lsfr26                                  sfr26        00000
__Lsfr27                                  sfr27        00000
__Lsfr28                                  sfr28        00000
__Lsfr29                                  sfr29        00000
__Lsfr3                                   sfr3         00000
__Lsfr30                                  sfr30        00000
__Lsfr31                                  sfr31        00000
__Lsfr4                                   sfr4         00000
__Lsfr5                                   sfr5         00000
__Lsfr6                                   sfr6         00000
__Lsfr7                                   sfr7         00000
__Lsfr8                                   sfr8         00000
__Lsfr9                                   sfr9         00000
__Lspace_0                                (abs)        00000
__Lspace_1                                (abs)        00000
__Lspace_2                                (abs)        00000
__Lspace_3                                (abs)        00000
__Lspace_4                                (abs)        00000
__Lstack                                  stack        00000
__Lstrings                                strings      00000
__Lstringtext1                            stringtext1  00000
__Ltext                                   text         00000
__S0                                      (abs)        0046B
__S1                                      (abs)        0007C
__S2                                      (abs)        00000
___int_sp                                 stack        00000
___latbits                                (abs)        00002
___sp                                     stack        00000
___stackhi                                (abs)        023EF
___stacklo                                (abs)        02039
__end_of_Clear_Master_TMR1_flag           text57       0046B
__end_of_Get_Master_TMR1_flag             text56       00469
__end_of_I2C_CallbackReturnReset          text43       00465
__end_of_I2C_CallbackReturnStop           text44       00467
__end_of_I2C_Close                        text52       002DE
__end_of_I2C_DO_ADDRESS_NACK              text20       00215
__end_of_I2C_DO_IDLE                      text34       00431
__end_of_I2C_DO_RCEN                      text29       003E7
__end_of_I2C_DO_RESET                     text21       00409
__end_of_I2C_DO_RX                        text30       0014D
__end_of_I2C_DO_RX_ACK                    text24       00418
__end_of_I2C_DO_RX_NACK_RESTART           text22       0040E
__end_of_I2C_DO_RX_NACK_STOP              text23       00413
__end_of_I2C_DO_SEND_ADR_READ             text33       003D8
__end_of_I2C_DO_SEND_ADR_WRITE            text32       003E0
__end_of_I2C_DO_SEND_RESTART              text26       00422
__end_of_I2C_DO_SEND_RESTART_READ         text28       0042C
__end_of_I2C_DO_SEND_RESTART_WRITE        text27       00427
__end_of_I2C_DO_SEND_STOP                 text25       0041D
__end_of_I2C_DO_TX                        text31       00107
__end_of_I2C_DO_TX_EMPTY                  text35       001E9
__end_of_I2C_Initialize                   text7        003CF
__end_of_I2C_MasterClearIrq               text55       00460
__end_of_I2C_MasterClose                  text54       0045D
__end_of_I2C_MasterDisableIrq             text53       0045A
__end_of_I2C_MasterEnableRestart          text50       00454
__end_of_I2C_MasterFsm                    text19       00240
__end_of_I2C_MasterGetRxData              text40       0044B
__end_of_I2C_MasterIsNack                 text37       003FF
__end_of_I2C_MasterOpen                   text14       003A3
__end_of_I2C_MasterOperation              text16       002A5
__end_of_I2C_MasterSendAck                text39       0043E
__end_of_I2C_MasterSendNack               text41       00442
__end_of_I2C_MasterSendTxData             text38       00436
__end_of_I2C_MasterSetIrq                 text36       00448
__end_of_I2C_MasterStart                  text51       00457
__end_of_I2C_MasterStartRx                text42       0044E
__end_of_I2C_MasterStop                   text49       00451
__end_of_I2C_MasterWaitForEvent           text18       003F9
__end_of_I2C_MasterWrite                  text15       00404
__end_of_I2C_Open                         text13       00187
__end_of_I2C_Poller                       text17       003B0
__end_of_I2C_SetAddressNackCallback       text12       00396
__end_of_I2C_SetBuffer                    text48       0037A
__end_of_I2C_SetCallback                  text47       00266
__end_of_I2C_SetDataCompleteCallback      text46       003BD
__end_of_I2C_Write1ByteRegister           text11       001BA
__end_of_INTERRUPT_InterruptManager       intentry     00019
__end_of_OSCILLATOR_Initialize            text6        003C6
__end_of_PIN_MANAGER_Initialize           text5        00337
__end_of_Rotar_All_Slaves                 text8        002C2
__end_of_Rotar_Slave                      text9        000B2
__end_of_SYSTEM_Initialize                text1        0036A
__end_of_SetServo                         text10       00389
__end_of_TMR1_ISR                         text59       00322
__end_of_TMR1_Initialize                  text3        002F6
__end_of_TMR1_Master_InterruptHandler     text61       00463
__end_of_TMR1_SetInterruptHandler         text4        003F3
__end_of_TMR1_WriteTimer                  text60       0035A
__end_of_WDT_Initialize                   text2        0043A
__end_of__initialization                  cinit        00030
__end_of_i2c_fsmStateTable                stringtext1  00286
__end_of_main                             maintext     0030C
__end_of_wr1RegCompleteHandler            text45       00349
__initialization                          cinit        0001B
__pbssBANK0                               bssBANK0     00020
__pbssCOMMON                              bssCOMMON    0007B
__pcstackBANK0                            cstackBANK0  00042
__pcstackCOMMON                           cstackCOMMON 00070
__pdataBANK0                              dataBANK0    00056
__pidataBANK0                             idataBANK0   00442
__pintentry                               intentry     00004
__pmaintext                               maintext     002F6
__pnvBANK0                                nvBANK0      00052
__pstringtext1                            stringtext1  00266
__ptext1                                  text1        0035A
__ptext10                                 text10       0037A
__ptext11                                 text11       00187
__ptext12                                 text12       00389
__ptext13                                 text13       0014D
__ptext14                                 text14       00396
__ptext15                                 text15       003FF
__ptext16                                 text16       00286
__ptext17                                 text17       003A3
__ptext18                                 text18       003F3
__ptext19                                 text19       00215
__ptext2                                  text2        00436
__ptext20                                 text20       001E9
__ptext21                                 text21       00404
__ptext22                                 text22       00409
__ptext23                                 text23       0040E
__ptext24                                 text24       00413
__ptext25                                 text25       00418
__ptext26                                 text26       0041D
__ptext27                                 text27       00422
__ptext28                                 text28       00427
__ptext29                                 text29       003E0
__ptext3                                  text3        002DE
__ptext30                                 text30       00107
__ptext31                                 text31       000B2
__ptext32                                 text32       003D8
__ptext33                                 text33       003CF
__ptext34                                 text34       0042C
__ptext35                                 text35       001BA
__ptext36                                 text36       00445
__ptext37                                 text37       003F9
__ptext38                                 text38       00431
__ptext39                                 text39       0043A
__ptext4                                  text4        003ED
__ptext40                                 text40       00448
__ptext41                                 text41       0043E
__ptext42                                 text42       0044B
__ptext43                                 text43       00463
__ptext44                                 text44       00465
__ptext45                                 text45       00337
__ptext46                                 text46       003B0
__ptext47                                 text47       00240
__ptext48                                 text48       0036A
__ptext49                                 text49       0044E
__ptext5                                  text5        00322
__ptext50                                 text50       00451
__ptext51                                 text51       00454
__ptext52                                 text52       002C2
__ptext53                                 text53       00457
__ptext54                                 text54       0045A
__ptext55                                 text55       0045D
__ptext56                                 text56       00467
__ptext57                                 text57       00469
__ptext59                                 text59       0030C
__ptext6                                  text6        003BD
__ptext60                                 text60       00349
__ptext61                                 text61       00460
__ptext7                                  text7        003C6
__ptext8                                  text8        002A5
__ptext9                                  text9        00034
__size_of_Clear_Master_TMR1_flag          (abs)        00000
__size_of_Get_Master_TMR1_flag            (abs)        00000
__size_of_I2C_CallbackReturnReset         (abs)        00000
__size_of_I2C_CallbackReturnStop          (abs)        00000
__size_of_I2C_Close                       (abs)        00000
__size_of_I2C_DO_ADDRESS_NACK             (abs)        00000
__size_of_I2C_DO_IDLE                     (abs)        00000
__size_of_I2C_DO_RCEN                     (abs)        00000
__size_of_I2C_DO_RESET                    (abs)        00000
__size_of_I2C_DO_RX                       (abs)        00000
__size_of_I2C_DO_RX_ACK                   (abs)        00000
__size_of_I2C_DO_RX_NACK_RESTART          (abs)        00000
__size_of_I2C_DO_RX_NACK_STOP             (abs)        00000
__size_of_I2C_DO_SEND_ADR_READ            (abs)        00000
__size_of_I2C_DO_SEND_ADR_WRITE           (abs)        00000
__size_of_I2C_DO_SEND_RESTART             (abs)        00000
__size_of_I2C_DO_SEND_RESTART_READ        (abs)        00000
__size_of_I2C_DO_SEND_RESTART_WRITE       (abs)        00000
__size_of_I2C_DO_SEND_STOP                (abs)        00000
__size_of_I2C_DO_TX                       (abs)        00000
__size_of_I2C_DO_TX_EMPTY                 (abs)        00000
__size_of_I2C_Initialize                  (abs)        00000
__size_of_I2C_MasterClearIrq              (abs)        00000
__size_of_I2C_MasterClose                 (abs)        00000
__size_of_I2C_MasterDisableIrq            (abs)        00000
__size_of_I2C_MasterEnableRestart         (abs)        00000
__size_of_I2C_MasterFsm                   (abs)        00000
__size_of_I2C_MasterGetRxData             (abs)        00000
__size_of_I2C_MasterIsNack                (abs)        00000
__size_of_I2C_MasterOpen                  (abs)        00000
__size_of_I2C_MasterOperation             (abs)        00000
__size_of_I2C_MasterSendAck               (abs)        00000
__size_of_I2C_MasterSendNack              (abs)        00000
__size_of_I2C_MasterSendTxData            (abs)        00000
__size_of_I2C_MasterSetIrq                (abs)        00000
__size_of_I2C_MasterStart                 (abs)        00000
__size_of_I2C_MasterStartRx               (abs)        00000
__size_of_I2C_MasterStop                  (abs)        00000
__size_of_I2C_MasterWaitForEvent          (abs)        00000
__size_of_I2C_MasterWrite                 (abs)        00000
__size_of_I2C_Open                        (abs)        00000
__size_of_I2C_Poller                      (abs)        00000
__size_of_I2C_SetAddressNackCallback      (abs)        00000
__size_of_I2C_SetBuffer                   (abs)        00000
__size_of_I2C_SetCallback                 (abs)        00000
__size_of_I2C_SetDataCompleteCallback     (abs)        00000
__size_of_I2C_Write1ByteRegister          (abs)        00000
__size_of_INTERRUPT_InterruptManager      (abs)        00000
__size_of_OSCILLATOR_Initialize           (abs)        00000
__size_of_PIN_MANAGER_Initialize          (abs)        00000
__size_of_Rotar_All_Slaves                (abs)        00000
__size_of_Rotar_Slave                     (abs)        00000
__size_of_SYSTEM_Initialize               (abs)        00000
__size_of_SetServo                        (abs)        00000
__size_of_TMR1_ISR                        (abs)        00000
__size_of_TMR1_Initialize                 (abs)        00000
__size_of_TMR1_Master_InterruptHandler    (abs)        00000
__size_of_TMR1_SetInterruptHandler        (abs)        00000
__size_of_TMR1_WriteTimer                 (abs)        00000
__size_of_WDT_Initialize                  (abs)        00000
__size_of_main                            (abs)        00000
__size_of_wr1RegCompleteHandler           (abs)        00000
_ciclo                                    bssBANK0     0003F
_estado_mov_nuevo                         bssBANK0     00040
_estado_mov_viejo                         bssBANK0     00041
_flag                                     bssCOMMON    0007B
_i2c_fsmStateTable                        stringtext1  00266
_main                                     maintext     002F6
_timer1ReloadVal                          nvBANK0      00054
_wr1RegCompleteHandler                    text45       00337
btemp                                     (abs)        0007E
clear_ram0                                clrtext      003E7
end_of_initialization                     cinit        00030
int$flags                                 (abs)        0007E
intlevel0                                 functab      00000
intlevel1                                 functab      00000
intlevel2                                 functab      00000
intlevel3                                 functab      00000
intlevel4                                 functab      00000
intlevel5                                 functab      00000
reset_vec                                 reset_vec    00000
start                                     init         00019
start_initialization                      cinit        0001B
wr1RegCompleteHandler@ptr                 cstackBANK0  00042
wtemp0                                    (abs)        0007E


FUNCTION INFORMATION:

 *************** function _main *****************
 Defined at:
		line 14 in file "../src/main.c"
 Parameters:    Size  Location     Type
		None
 Auto vars:     Size  Location     Type
		None
 Return value:  Size  Location     Type
                  1    wreg      void 
 Registers used:
		wreg, fsr0l, fsr0h, fsr1l, fsr1h, status,2, status,0, pclath, cstack
 Tracked objects:
		On entry : 
		On exit  : 
		Unchanged: 
 Data sizes:     COMMON   BANK0   BANK1   BANK2   BANK3   BANK4   BANK5   BANK6   BANK7   BANK8   BANK9  BANK10  BANK11  BANK12
      Params:         0       0       0       0       0       0       0       0       0       0       0       0       0       0
      Locals:         0       0       0       0       0       0       0       0       0       0       0       0       0       0
      Temps:          0       0       0       0       0       0       0       0       0       0       0       0       0       0
      Totals:         0       0       0       0       0       0       0       0       0       0       0       0       0       0
Total ram usage:        0 bytes
 Hardware stack levels required when called:   15
 This function calls:
		_Clear_Master_TMR1_flag
		_Get_Master_TMR1_flag
		_Rotar_All_Slaves
		_SYSTEM_Initialize
 This function is called by:
		Startup code after reset
 This function uses a non-reentrant model


 *************** function _SYSTEM_Initialize *****************
 Defined at:
		line 4 in file "../src/init.c"
 Parameters:    Size  Location     Type
		None
 Auto vars:     Size  Location     Type
		None
 Return value:  Size  Location     Type
                  1    wreg      void 
 Registers used:
		wreg, status,2, status,0, pclath, cstack
 Tracked objects:
		On entry : 
		On exit  : 
		Unchanged: 
 Data sizes:     COMMON   BANK0   BANK1   BANK2   BANK3   BANK4   BANK5   BANK6   BANK7   BANK8   BANK9  BANK10  BANK11  BANK12
      Params:         0       0       0       0       0       0       0       0       0       0       0       0       0       0
      Locals:         0       0       0       0       0       0       0       0       0       0       0       0       0       0
      Temps:          0       0       0       0       0       0       0       0       0       0       0       0       0       0
      Totals:         0       0       0       0       0       0       0       0       0       0       0       0       0       0
Total ram usage:        0 bytes
 Hardware stack levels used:    1
 Hardware stack levels required when called:    5
 This function calls:
		_I2C_Initialize
		_OSCILLATOR_Initialize
		_PIN_MANAGER_Initialize
		_TMR1_Initialize
		_WDT_Initialize
 This function is called by:
		_main
 This function uses a non-reentrant model


 *************** function _WDT_Initialize *****************
 Defined at:
		line 25 in file "../src/init.c"
 Parameters:    Size  Location     Type
		None
 Auto vars:     Size  Location     Type
		None
 Return value:  Size  Location     Type
                  1    wreg      void 
 Registers used:
		wreg
 Tracked objects:
		On entry : 
		On exit  : 
		Unchanged: 
 Data sizes:     COMMON   BANK0   BANK1   BANK2   BANK3   BANK4   BANK5   BANK6   BANK7   BANK8   BANK9  BANK10  BANK11  BANK12
      Params:         0       0       0       0       0       0       0       0       0       0       0       0       0       0
      Locals:         0       0       0       0       0       0       0       0       0       0       0       0       0       0
      Temps:          0       0       0       0       0       0       0       0       0       0       0       0       0       0
      Totals:         0       0       0       0       0       0       0       0       0       0       0       0       0       0
Total ram usage:        0 bytes
 Hardware stack levels used:    1
 Hardware stack levels required when called:    3
 This function calls:
		Nothing
 This function is called by:
		_SYSTEM_Initialize
 This function uses a non-reentrant model


 *************** function _TMR1_Initialize *****************
 Defined at:
		line 8 in file "../src/tmr1.c"
 Parameters:    Size  Location     Type
		None
 Auto vars:     Size  Location     Type
		None
 Return value:  Size  Location     Type
                  1    wreg      void 
 Registers used:
		wreg, status,2, status,0, pclath, cstack
 Tracked objects:
		On entry : 
		On exit  : 
		Unchanged: 
 Data sizes:     COMMON   BANK0   BANK1   BANK2   BANK3   BANK4   BANK5   BANK6   BANK7   BANK8   BANK9  BANK10  BANK11  BANK12
      Params:         0       0       0       0       0       0       0       0       0       0       0       0       0       0
      Locals:         0       0       0       0       0       0       0       0       0       0       0       0       0       0
      Temps:          0       0       0       0       0       0       0       0       0       0       0       0       0       0
      Totals:         0       0       0       0       0       0       0       0       0       0       0       0       0       0
Total ram usage:        0 bytes
 Hardware stack levels used:    1
 Hardware stack levels required when called:    4
 This function calls:
		_TMR1_SetInterruptHandler
 This function is called by:
		_SYSTEM_Initialize
 This function uses a non-reentrant model


 *************** function _TMR1_SetInterruptHandler *****************
 Defined at:
		line 71 in file "../src/tmr1.c"
 Parameters:    Size  Location     Type
  InterruptHan    2    2[COMMON] PTR FTN()void 
		 -> TMR1_Master_InterruptHandler(1), 
 Auto vars:     Size  Location     Type
		None
 Return value:  Size  Location     Type
                  1    wreg      void 
 Registers used:
		wreg
 Tracked objects:
		On entry : 
		On exit  : 
		Unchanged: 
 Data sizes:     COMMON   BANK0   BANK1   BANK2   BANK3   BANK4   BANK5   BANK6   BANK7   BANK8   BANK9  BANK10  BANK11  BANK12
      Params:         2       0       0       0       0       0       0       0       0       0       0       0       0       0
      Locals:         0       0       0       0       0       0       0       0       0       0       0       0       0       0
      Temps:          0       0       0       0       0       0       0       0       0       0       0       0       0       0
      Totals:         2       0       0       0       0       0       0       0       0       0       0       0       0       0
Total ram usage:        2 bytes
 Hardware stack levels used:    1
 Hardware stack levels required when called:    3
 This function calls:
		Nothing
 This function is called by:
		_TMR1_Initialize
 This function uses a non-reentrant model


 *************** function _PIN_MANAGER_Initialize *****************
 Defined at:
		line 3 in file "../src/pin_manager.c"
 Parameters:    Size  Location     Type
		None
 Auto vars:     Size  Location     Type
		None
 Return value:  Size  Location     Type
                  1    wreg      void 
 Registers used:
		wreg, status,2
 Tracked objects:
		On entry : 
		On exit  : 
		Unchanged: 
 Data sizes:     COMMON   BANK0   BANK1   BANK2   BANK3   BANK4   BANK5   BANK6   BANK7   BANK8   BANK9  BANK10  BANK11  BANK12
      Params:         0       0       0       0       0       0       0       0       0       0       0       0       0       0
      Locals:         0       0       0       0       0       0       0       0       0       0       0       0       0       0
      Temps:          0       0       0       0       0       0       0       0       0       0       0       0       0       0
      Totals:         0       0       0       0       0       0       0       0       0       0       0       0       0       0
Total ram usage:        0 bytes
 Hardware stack levels used:    1
 Hardware stack levels required when called:    3
 This function calls:
		Nothing
 This function is called by:
		_SYSTEM_Initialize
 This function uses a non-reentrant model


 *************** function _OSCILLATOR_Initialize *****************
 Defined at:
		line 13 in file "../src/init.c"
 Parameters:    Size  Location     Type
		None
 Auto vars:     Size  Location     Type
		None
 Return value:  Size  Location     Type
                  1    wreg      void 
 Registers used:
		wreg, status,2
 Tracked objects:
		On entry : 
		On exit  : 
		Unchanged: 
 Data sizes:     COMMON   BANK0   BANK1   BANK2   BANK3   BANK4   BANK5   BANK6   BANK7   BANK8   BANK9  BANK10  BANK11  BANK12
      Params:         0       0       0       0       0       0       0       0       0       0       0       0       0       0
      Locals:         0       0       0       0       0       0       0       0       0       0       0       0       0       0
      Temps:          0       0       0       0       0       0       0       0       0       0       0       0       0       0
      Totals:         0       0       0       0       0       0       0       0       0       0       0       0       0       0
Total ram usage:        0 bytes
 Hardware stack levels used:    1
 Hardware stack levels required when called:    3
 This function calls:
		Nothing
 This function is called by:
		_SYSTEM_Initialize
 This function uses a non-reentrant model


 *************** function _I2C_Initialize *****************
 Defined at:
		line 117 in file "../src/i2c_master.c"
 Parameters:    Size  Location     Type
		None
 Auto vars:     Size  Location     Type
		None
 Return value:  Size  Location     Type
                  1    wreg      void 
 Registers used:
		wreg, status,2
 Tracked objects:
		On entry : 
		On exit  : 
		Unchanged: 
 Data sizes:     COMMON   BANK0   BANK1   BANK2   BANK3   BANK4   BANK5   BANK6   BANK7   BANK8   BANK9  BANK10  BANK11  BANK12
      Params:         0       0       0       0       0       0       0       0       0       0       0       0       0       0
      Locals:         0       0       0       0       0       0       0       0       0       0       0       0       0       0
      Temps:          0       0       0       0       0       0       0       0       0       0       0       0       0       0
      Totals:         0       0       0       0       0       0       0       0       0       0       0       0       0       0
Total ram usage:        0 bytes
 Hardware stack levels used:    1
 Hardware stack levels required when called:    3
 This function calls:
		Nothing
 This function is called by:
		_SYSTEM_Initialize
 This function uses a non-reentrant model


 *************** function _Rotar_All_Slaves *****************
 Defined at:
		line 85 in file "../src/vertebra.c"
 Parameters:    Size  Location     Type
		None
 Auto vars:     Size  Location     Type
  n               2   14[BANK0 ] int 
 Return value:  Size  Location     Type
                  1    wreg      void 
 Registers used:
		wreg, fsr0l, fsr0h, fsr1l, fsr1h, status,2, status,0, pclath, cstack
 Tracked objects:
		On entry : 
		On exit  : 
		Unchanged: 
 Data sizes:     COMMON   BANK0   BANK1   BANK2   BANK3   BANK4   BANK5   BANK6   BANK7   BANK8   BANK9  BANK10  BANK11  BANK12
      Params:         0       0       0       0       0       0       0       0       0       0       0       0       0       0
      Locals:         0       2       0       0       0       0       0       0       0       0       0       0       0       0
      Temps:          0       1       0       0       0       0       0       0       0       0       0       0       0       0
      Totals:         0       3       0       0       0       0       0       0       0       0       0       0       0       0
Total ram usage:        3 bytes
 Hardware stack levels used:    1
 Hardware stack levels required when called:   14
 This function calls:
		_Rotar_Slave
 This function is called by:
		_main
 This function uses a non-reentrant model


 *************** function _Rotar_Slave *****************
 Defined at:
		line 43 in file "../src/vertebra.c"
 Parameters:    Size  Location     Type
  esclavo         1    wreg     unsigned char 
 Auto vars:     Size  Location     Type
  esclavo         1   12[BANK0 ] unsigned char 
 Return value:  Size  Location     Type
                  1    wreg      void 
 Registers used:
		wreg, fsr0l, fsr0h, fsr1l, fsr1h, status,2, status,0, pclath, cstack
 Tracked objects:
		On entry : 
		On exit  : 
		Unchanged: 
 Data sizes:     COMMON   BANK0   BANK1   BANK2   BANK3   BANK4   BANK5   BANK6   BANK7   BANK8   BANK9  BANK10  BANK11  BANK12
      Params:         0       0       0       0       0       0       0       0       0       0       0       0       0       0
      Locals:         0       1       0       0       0       0       0       0       0       0       0       0       0       0
      Temps:          0       2       0       0       0       0       0       0       0       0       0       0       0       0
      Totals:         0       3       0       0       0       0       0       0       0       0       0       0       0       0
Total ram usage:        3 bytes
 Hardware stack levels used:    1
 Hardware stack levels required when called:   13
 This function calls:
		_SetServo
 This function is called by:
		_Rotar_All_Slaves
 This function uses a non-reentrant model


 *************** function _SetServo *****************
 Defined at:
		line 39 in file "../src/vertebra.c"
 Parameters:    Size  Location     Type
  slave           1    wreg     unsigned char 
  ciclo           1    6[BANK0 ] unsigned char 
 Auto vars:     Size  Location     Type
  slave           1    9[BANK0 ] unsigned char 
 Return value:  Size  Location     Type
                  1    wreg      void 
 Registers used:
		wreg, fsr0l, fsr0h, fsr1l, fsr1h, status,2, status,0, pclath, cstack
 Tracked objects:
		On entry : 
		On exit  : 
		Unchanged: 
 Data sizes:     COMMON   BANK0   BANK1   BANK2   BANK3   BANK4   BANK5   BANK6   BANK7   BANK8   BANK9  BANK10  BANK11  BANK12
      Params:         0       1       0       0       0       0       0       0       0       0       0       0       0       0
      Locals:         0       1       0       0       0       0       0       0       0       0       0       0       0       0
      Temps:          0       2       0       0       0       0       0       0       0       0       0       0       0       0
      Totals:         0       4       0       0       0       0       0       0       0       0       0       0       0       0
Total ram usage:        4 bytes
 Hardware stack levels used:    1
 Hardware stack levels required when called:   12
 This function calls:
		_I2C_Write1ByteRegister
 This function is called by:
		_Rotar_Slave
 This function uses a non-reentrant model


 *************** function _I2C_Write1ByteRegister *****************
 Defined at:
		line 12 in file "../src/i2c_master_functions.c"
 Parameters:    Size  Location     Type
  address         1    wreg     unsigned char 
  reg             1    2[BANK0 ] unsigned char 
  data            1    3[BANK0 ] unsigned char 
 Auto vars:     Size  Location     Type
  address         1    5[BANK0 ] unsigned char 
 Return value:  Size  Location     Type
                  1    wreg      void 
 Registers used:
		wreg, fsr0l, fsr0h, fsr1l, fsr1h, status,2, status,0, pclath, cstack
 Tracked objects:
		On entry : 
		On exit  : 
		Unchanged: 
 Data sizes:     COMMON   BANK0   BANK1   BANK2   BANK3   BANK4   BANK5   BANK6   BANK7   BANK8   BANK9  BANK10  BANK11  BANK12
      Params:         0       2       0       0       0       0       0       0       0       0       0       0       0       0
      Locals:         0       1       0       0       0       0       0       0       0       0       0       0       0       0
      Temps:          0       1       0       0       0       0       0       0       0       0       0       0       0       0
      Totals:         0       4       0       0       0       0       0       0       0       0       0       0       0       0
Total ram usage:        4 bytes
 Hardware stack levels used:    1
 Hardware stack levels required when called:   11
 This function calls:
		_I2C_Close
		_I2C_MasterWrite
		_I2C_Open
		_I2C_SetAddressNackCallback
		_I2C_SetBuffer
		_I2C_SetDataCompleteCallback
 This function is called by:
		_SetServo
 This function uses a non-reentrant model


 *************** function _I2C_SetAddressNackCallback *****************
 Defined at:
		line 218 in file "../src/i2c_master.c"
 Parameters:    Size  Location     Type
  cb              2    7[COMMON] PTR FTN(PTR void ,)enum 
		 -> Absolute function(1), 
  ptr             1    9[COMMON] PTR void 
		 -> NULL(0), 
 Auto vars:     Size  Location     Type
		None
 Return value:  Size  Location     Type
                  1    wreg      void 
 Registers used:
		wreg, fsr1l, fsr1h, status,2, status,0, pclath, cstack
 Tracked objects:
		On entry : 
		On exit  : 
		Unchanged: 
 Data sizes:     COMMON   BANK0   BANK1   BANK2   BANK3   BANK4   BANK5   BANK6   BANK7   BANK8   BANK9  BANK10  BANK11  BANK12
      Params:         3       0       0       0       0       0       0       0       0       0       0       0       0       0
      Locals:         0       0       0       0       0       0       0       0       0       0       0       0       0       0
      Temps:          1       0       0       0       0       0       0       0       0       0       0       0       0       0
      Totals:         4       0       0       0       0       0       0       0       0       0       0       0       0       0
Total ram usage:        4 bytes
 Hardware stack levels used:    1
 Hardware stack levels required when called:    4
 This function calls:
		_I2C_SetCallback
 This function is called by:
		_I2C_Write1ByteRegister
 This function uses a non-reentrant model


 *************** function _I2C_Open *****************
 Defined at:
		line 126 in file "../src/i2c_master.c"
 Parameters:    Size  Location     Type
  address         1    wreg     unsigned char 
 Auto vars:     Size  Location     Type
  address         1    3[COMMON] unsigned char 
  returnValue     1    4[COMMON] enum E353
 Return value:  Size  Location     Type
                  1    wreg      enum E353
 Registers used:
		wreg, status,2, status,0, pclath, cstack
 Tracked objects:
		On entry : 
		On exit  : 
		Unchanged: 
 Data sizes:     COMMON   BANK0   BANK1   BANK2   BANK3   BANK4   BANK5   BANK6   BANK7   BANK8   BANK9  BANK10  BANK11  BANK12
      Params:         0       0       0       0       0       0       0       0       0       0       0       0       0       0
      Locals:         2       0       0       0       0       0       0       0       0       0       0       0       0       0
      Temps:          1       0       0       0       0       0       0       0       0       0       0       0       0       0
      Totals:         3       0       0       0       0       0       0       0       0       0       0       0       0       0
Total ram usage:        3 bytes
 Hardware stack levels used:    1
 Hardware stack levels required when called:    4
 This function calls:
		_I2C_MasterClearIrq
		_I2C_MasterOpen
 This function is called by:
		_I2C_Write1ByteRegister
 This function uses a non-reentrant model


 *************** function _I2C_MasterOpen *****************
 Defined at:
		line 427 in file "../src/i2c_master.c"
 Parameters:    Size  Location     Type
		None
 Auto vars:     Size  Location     Type
		None
 Return value:  Size  Location     Type
                  1    wreg      _Bool 
 Registers used:
		wreg, status,2
 Tracked objects:
		On entry : 
		On exit  : 
		Unchanged: 
 Data sizes:     COMMON   BANK0   BANK1   BANK2   BANK3   BANK4   BANK5   BANK6   BANK7   BANK8   BANK9  BANK10  BANK11  BANK12
      Params:         0       0       0       0       0       0       0       0       0       0       0       0       0       0
      Locals:         0       0       0       0       0       0       0       0       0       0       0       0       0       0
      Temps:          0       0       0       0       0       0       0       0       0       0       0       0       0       0
      Totals:         0       0       0       0       0       0       0       0       0       0       0       0       0       0
Total ram usage:        0 bytes
 Hardware stack levels used:    1
 Hardware stack levels required when called:    3
 This function calls:
		Nothing
 This function is called by:
		_I2C_Open
 This function uses a non-reentrant model


 *************** function _I2C_MasterWrite *****************
 Defined at:
		line 198 in file "../src/i2c_master.c"
 Parameters:    Size  Location     Type
		None
 Auto vars:     Size  Location     Type
		None
 Return value:  Size  Location     Type
                  1    wreg      enum E353
 Registers used:
		wreg, fsr0l, fsr0h, fsr1l, fsr1h, status,2, status,0, pclath, cstack
 Tracked objects:
		On entry : 
		On exit  : 
		Unchanged: 
 Data sizes:     COMMON   BANK0   BANK1   BANK2   BANK3   BANK4   BANK5   BANK6   BANK7   BANK8   BANK9  BANK10  BANK11  BANK12
      Params:         0       0       0       0       0       0       0       0       0       0       0       0       0       0
      Locals:         0       0       0       0       0       0       0       0       0       0       0       0       0       0
      Temps:          0       0       0       0       0       0       0       0       0       0       0       0       0       0
      Totals:         0       0       0       0       0       0       0       0       0       0       0       0       0       0
Total ram usage:        0 bytes
 Hardware stack levels used:    1
 Hardware stack levels required when called:   10
 This function calls:
		_I2C_MasterOperation
 This function is called by:
		_I2C_Write1ByteRegister
 This function uses a non-reentrant model


 *************** function _I2C_MasterOperation *****************
 Defined at:
		line 174 in file "../src/i2c_master.c"
 Parameters:    Size  Location     Type
  read            1    wreg     _Bool 
 Auto vars:     Size  Location     Type
  read            1    0[BANK0 ] _Bool 
  returnValue     1    1[BANK0 ] enum E353
 Return value:  Size  Location     Type
                  1    wreg      enum E353
 Registers used:
		wreg, fsr0l, fsr0h, fsr1l, fsr1h, status,2, status,0, pclath, cstack
 Tracked objects:
		On entry : 
		On exit  : 
		Unchanged: 
 Data sizes:     COMMON   BANK0   BANK1   BANK2   BANK3   BANK4   BANK5   BANK6   BANK7   BANK8   BANK9  BANK10  BANK11  BANK12
      Params:         0       0       0       0       0       0       0       0       0       0       0       0       0       0
      Locals:         0       2       0       0       0       0       0       0       0       0       0       0       0       0
      Temps:          1       0       0       0       0       0       0       0       0       0       0       0       0       0
      Totals:         1       2       0       0       0       0       0       0       0       0       0       0       0       0
Total ram usage:        3 bytes
 Hardware stack levels used:    1
 Hardware stack levels required when called:    9
 This function calls:
		_I2C_MasterStart
		_I2C_Poller
 This function is called by:
		_I2C_MasterWrite
 This function uses a non-reentrant model


 *************** function _I2C_Poller *****************
 Defined at:
		line 237 in file "../src/i2c_master.c"
 Parameters:    Size  Location     Type
		None
 Auto vars:     Size  Location     Type
		None
 Return value:  Size  Location     Type
                  1    wreg      void 
 Registers used:
		wreg, fsr0l, fsr0h, fsr1l, fsr1h, status,2, status,0, pclath, cstack
 Tracked objects:
[...]
      Params:         0       0       0       0       0       0       0       0       0       0       0       0       0       0
      Locals:         0       0       0       0       0       0       0       0       0       0       0       0       0       0
      Temps:          0       0       0       0       0       0       0       0       0       0       0       0       0       0
      Totals:         0       0       0       0       0       0       0       0       0       0       0       0       0       0
Total ram usage:        0 bytes
 Hardware stack levels used:    1
 Hardware stack levels required when called:    3
 This function calls:
		Nothing
 This function is called by:
		_I2C_DO_SEND_STOP
 This function uses a non-reentrant model


 *************** function _I2C_MasterEnableRestart *****************
 Defined at:
		line 457 in file "../src/i2c_master.c"
 Parameters:    Size  Location     Type
		None
 Auto vars:     Size  Location     Type
		None
 Return value:  Size  Location     Type
                  1    wreg      void 
 Registers used:
		None
 Tracked objects:
		On entry : 
		On exit  : 
		Unchanged: 
 Data sizes:     COMMON   BANK0   BANK1   BANK2   BANK3   BANK4   BANK5   BANK6   BANK7   BANK8   BANK9  BANK10  BANK11  BANK12
      Params:         0       0       0       0       0       0       0       0       0       0       0       0       0       0
      Locals:         0       0       0       0       0       0       0       0       0       0       0       0       0       0
      Temps:          0       0       0       0       0       0       0       0       0       0       0       0       0       0
      Totals:         0       0       0       0       0       0       0       0       0       0       0       0       0       0
Total ram usage:        0 bytes
 Hardware stack levels used:    1
 Hardware stack levels required when called:    3
 This function calls:
		Nothing
 This function is called by:
		_I2C_DO_SEND_RESTART_READ
		_I2C_DO_SEND_RESTART_WRITE
		_I2C_DO_SEND_RESTART
 This function uses a non-reentrant model


 *************** function _I2C_MasterStart *****************
 Defined at:
		line 467 in file "../src/i2c_master.c"
 Parameters:    Size  Location     Type
		None
 Auto vars:     Size  Location     Type
		None
 Return value:  Size  Location     Type
                  1    wreg      void 
 Registers used:
		None
 Tracked objects:
		On entry : 
		On exit  : 
		Unchanged: 
 Data sizes:     COMMON   BANK0   BANK1   BANK2   BANK3   BANK4   BANK5   BANK6   BANK7   BANK8   BANK9  BANK10  BANK11  BANK12
      Params:         0       0       0       0       0       0       0       0       0       0       0       0       0       0
      Locals:         0       0       0       0       0       0       0       0       0       0       0       0       0       0
      Temps:          0       0       0       0       0       0       0       0       0       0       0       0       0       0
      Totals:         0       0       0       0       0       0       0       0       0       0       0       0       0       0
Total ram usage:        0 bytes
 Hardware stack levels used:    1
 Hardware stack levels required when called:    3
 This function calls:
		Nothing
 This function is called by:
		_I2C_MasterOperation
 This function uses a non-reentrant model


 *************** function _I2C_Close *****************
 Defined at:
		line 159 in file "../src/i2c_master.c"
 Parameters:    Size  Location     Type
		None
 Auto vars:     Size  Location     Type
  returnValue     1    3[COMMON] enum E353
 Return value:  Size  Location     Type
                  1    wreg      enum E353
 Registers used:
		wreg, status,2, status,0, pclath, cstack
 Tracked objects:
		On entry : 
		On exit  : 
		Unchanged: 
 Data sizes:     COMMON   BANK0   BANK1   BANK2   BANK3   BANK4   BANK5   BANK6   BANK7   BANK8   BANK9  BANK10  BANK11  BANK12
      Params:         0       0       0       0       0       0       0       0       0       0       0       0       0       0
      Locals:         1       0       0       0       0       0       0       0       0       0       0       0       0       0
      Temps:          1       0       0       0       0       0       0       0       0       0       0       0       0       0
      Totals:         2       0       0       0       0       0       0       0       0       0       0       0       0       0
Total ram usage:        2 bytes
 Hardware stack levels used:    1
 Hardware stack levels required when called:    4
 This function calls:
		_I2C_MasterClearIrq
		_I2C_MasterClose
		_I2C_MasterDisableIrq
 This function is called by:
		_I2C_Write1ByteRegister
 This function uses a non-reentrant model


 *************** function _I2C_MasterDisableIrq *****************
 Defined at:
		line 494 in file "../src/i2c_master.c"
 Parameters:    Size  Location     Type
		None
 Auto vars:     Size  Location     Type
		None
 Return value:  Size  Location     Type
                  1    wreg      void 
 Registers used:
		None
 Tracked objects:
		On entry : 
		On exit  : 
		Unchanged: 
 Data sizes:     COMMON   BANK0   BANK1   BANK2   BANK3   BANK4   BANK5   BANK6   BANK7   BANK8   BANK9  BANK10  BANK11  BANK12
      Params:         0       0       0       0       0       0       0       0       0       0       0       0       0       0
      Locals:         0       0       0       0       0       0       0       0       0       0       0       0       0       0
      Temps:          0       0       0       0       0       0       0       0       0       0       0       0       0       0
      Totals:         0       0       0       0       0       0       0       0       0       0       0       0       0       0
Total ram usage:        0 bytes
 Hardware stack levels used:    1
 Hardware stack levels required when called:    3
 This function calls:
		Nothing
 This function is called by:
		_I2C_Close
 This function uses a non-reentrant model


 *************** function _I2C_MasterClose *****************
 Defined at:
		line 441 in file "../src/i2c_master.c"
 Parameters:    Size  Location     Type
		None
 Auto vars:     Size  Location     Type
		None
 Return value:  Size  Location     Type
                  1    wreg      void 
 Registers used:
		None
 Tracked objects:
		On entry : 
		On exit  : 
		Unchanged: 
 Data sizes:     COMMON   BANK0   BANK1   BANK2   BANK3   BANK4   BANK5   BANK6   BANK7   BANK8   BANK9  BANK10  BANK11  BANK12
      Params:         0       0       0       0       0       0       0       0       0       0       0       0       0       0
      Locals:         0       0       0       0       0       0       0       0       0       0       0       0       0       0
      Temps:          0       0       0       0       0       0       0       0       0       0       0       0       0       0
      Totals:         0       0       0       0       0       0       0       0       0       0       0       0       0       0
Total ram usage:        0 bytes
 Hardware stack levels used:    1
 Hardware stack levels required when called:    3
 This function calls:
		Nothing
 This function is called by:
		_I2C_Close
 This function uses a non-reentrant model


 *************** function _I2C_MasterClearIrq *****************
 Defined at:
		line 499 in file "../src/i2c_master.c"
 Parameters:    Size  Location     Type
		None
 Auto vars:     Size  Location     Type
		None
 Return value:  Size  Location     Type
                  1    wreg      void 
 Registers used:
		None
 Tracked objects:
		On entry : 
		On exit  : 
		Unchanged: 
 Data sizes:     COMMON   BANK0   BANK1   BANK2   BANK3   BANK4   BANK5   BANK6   BANK7   BANK8   BANK9  BANK10  BANK11  BANK12
      Params:         0       0       0       0       0       0       0       0       0       0       0       0       0       0
      Locals:         0       0       0       0       0       0       0       0       0       0       0       0       0       0
      Temps:          0       0       0       0       0       0       0       0       0       0       0       0       0       0
      Totals:         0       0       0       0       0       0       0       0       0       0       0       0       0       0
Total ram usage:        0 bytes
 Hardware stack levels used:    1
 Hardware stack levels required when called:    3
 This function calls:
		Nothing
 This function is called by:
		_I2C_Open
		_I2C_Close
		_I2C_MasterFsm
 This function uses a non-reentrant model


 *************** function _Get_Master_TMR1_flag *****************
 Defined at:
		line 32 in file "../src/vertebra.c"
 Parameters:    Size  Location     Type
		None
 Auto vars:     Size  Location     Type
		None
 Return value:  Size  Location     Type
                  1    wreg      unsigned char 
 Registers used:
		wreg
 Tracked objects:
		On entry : 
		On exit  : 
		Unchanged: 
 Data sizes:     COMMON   BANK0   BANK1   BANK2   BANK3   BANK4   BANK5   BANK6   BANK7   BANK8   BANK9  BANK10  BANK11  BANK12
      Params:         0       0       0       0       0       0       0       0       0       0       0       0       0       0
      Locals:         0       0       0       0       0       0       0       0       0       0       0       0       0       0
      Temps:          0       0       0       0       0       0       0       0       0       0       0       0       0       0
      Totals:         0       0       0       0       0       0       0       0       0       0       0       0       0       0
Total ram usage:        0 bytes
 Hardware stack levels used:    1
 Hardware stack levels required when called:    3
 This function calls:
		Nothing
 This function is called by:
		_main
 This function uses a non-reentrant model


 *************** function _Clear_Master_TMR1_flag *****************
 Defined at:
		line 36 in file "../src/vertebra.c"
 Parameters:    Size  Location     Type
		None
 Auto vars:     Size  Location     Type
		None
 Return value:  Size  Location     Type
                  1    wreg      void 
 Registers used:
		status,2
 Tracked objects:
		On entry : 
		On exit  : 
		Unchanged: 
 Data sizes:     COMMON   BANK0   BANK1   BANK2   BANK3   BANK4   BANK5   BANK6   BANK7   BANK8   BANK9  BANK10  BANK11  BANK12
      Params:         0       0       0       0       0       0       0       0       0       0       0       0       0       0
      Locals:         0       0       0       0       0       0       0       0       0       0       0       0       0       0
      Temps:          0       0       0       0       0       0       0       0       0       0       0       0       0       0
      Totals:         0       0       0       0       0       0       0       0       0       0       0       0       0       0
Total ram usage:        0 bytes
 Hardware stack levels used:    1
 Hardware stack levels required when called:    3
 This function calls:
		Nothing
 This function is called by:
		_main
 This function uses a non-reentrant model


 *************** function _INTERRUPT_InterruptManager *****************
 Defined at:
		line 4 in file "../src/interrupt_manager.c"
 Parameters:    Size  Location     Type
		None
 Auto vars:     Size  Location     Type
		None
 Return value:  Size  Location     Type
                  1    wreg      void 
 Registers used:
		wreg, status,2, status,0, pclath, cstack
 Tracked objects:
		On entry : 
		On exit  : 
		Unchanged: 
 Data sizes:     COMMON   BANK0   BANK1   BANK2   BANK3   BANK4   BANK5   BANK6   BANK7   BANK8   BANK9  BANK10  BANK11  BANK12
      Params:         0       0       0       0       0       0       0       0       0       0       0       0       0       0
      Locals:         0       0       0       0       0       0       0       0       0       0       0       0       0       0
      Temps:          0       0       0       0       0       0       0       0       0       0       0       0       0       0
      Totals:         0       0       0       0       0       0       0       0       0       0       0       0       0       0
Total ram usage:        0 bytes
 Hardware stack levels used:    1
 Hardware stack levels required when called:    2
 This function calls:
		_TMR1_ISR
 This function is called by:
		Interrupt level 1
 This function uses a non-reentrant model


 *************** function _TMR1_ISR *****************
 Defined at:
		line 58 in file "../src/tmr1.c"
 Parameters:    Size  Location     Type
		None
 Auto vars:     Size  Location     Type
		None
 Return value:  Size  Location     Type
                  1    wreg      void 
 Registers used:
		wreg, status,2, status,0, pclath, cstack
 Tracked objects:
		On entry : 
		On exit  : 
		Unchanged: 
 Data sizes:     COMMON   BANK0   BANK1   BANK2   BANK3   BANK4   BANK5   BANK6   BANK7   BANK8   BANK9  BANK10  BANK11  BANK12
      Params:         0       0       0       0       0       0       0       0       0       0       0       0       0       0
      Locals:         0       0       0       0       0       0       0       0       0       0       0       0       0       0
      Temps:          0       0       0       0       0       0       0       0       0       0       0       0       0       0
      Totals:         0       0       0       0       0       0       0       0       0       0       0       0       0       0
Total ram usage:        0 bytes
 Hardware stack levels used:    1
 Hardware stack levels required when called:    1
 This function calls:
		Absolute function
		_TMR1_Master_InterruptHandler
		_TMR1_WriteTimer
 This function is called by:
		_INTERRUPT_InterruptManager
 This function uses a non-reentrant model


 *************** function _TMR1_WriteTimer *****************
 Defined at:
		line 36 in file "../src/tmr1.c"
 Parameters:    Size  Location     Type
  timerVal        2    0[COMMON] unsigned short 
 Auto vars:     Size  Location     Type
		None
 Return value:  Size  Location     Type
                  1    wreg      void 
 Registers used:
		wreg, status,2
 Tracked objects:
		On entry : 
		On exit  : 
		Unchanged: 
 Data sizes:     COMMON   BANK0   BANK1   BANK2   BANK3   BANK4   BANK5   BANK6   BANK7   BANK8   BANK9  BANK10  BANK11  BANK12
      Params:         2       0       0       0       0       0       0       0       0       0       0       0       0       0
      Locals:         0       0       0       0       0       0       0       0       0       0       0       0       0       0
      Temps:          0       0       0       0       0       0       0       0       0       0       0       0       0       0
      Totals:         2       0       0       0       0       0       0       0       0       0       0       0       0       0
Total ram usage:        2 bytes
 Hardware stack levels used:    1
 This function calls:
		Nothing
 This function is called by:
		_TMR1_ISR
 This function uses a non-reentrant model


 *************** function _TMR1_Master_InterruptHandler *****************
 Defined at:
		line 28 in file "../src/vertebra.c"
 Parameters:    Size  Location     Type
		None
 Auto vars:     Size  Location     Type
		None
 Return value:  Size  Location     Type
                  1    wreg      void 
 Registers used:
		None
 Tracked objects:
		On entry : 
		On exit  : 
		Unchanged: 
 Data sizes:     COMMON   BANK0   BANK1   BANK2   BANK3   BANK4   BANK5   BANK6   BANK7   BANK8   BANK9  BANK10  BANK11  BANK12
      Params:         0       0       0       0       0       0       0       0       0       0       0       0       0       0
      Locals:         0       0       0       0       0       0       0       0       0       0       0       0       0       0
      Temps:          0       0       0       0       0       0       0       0       0       0       0       0       0       0
      Totals:         0       0       0       0       0       0       0       0       0       0       0       0       0       0
Total ram usage:        0 bytes
 Hardware stack levels used:    1
 This function calls:
		Nothing
 This function is called by:
		_TMR1_Initialize
		_TMR1_ISR
 This function uses a non-reentrant model



MODULE INFORMATION

Module		Function		Class		Link	Load	Size
../src/tmr1.c
		_TMR1_Initialize		CODE           	02DE	0000	25
		_TMR1_SetInterruptHandler		CODE           	03ED	0000	7
		_TMR1_WriteTimer		CODE           	0349	0000	18
		_TMR1_ISR      		CODE           	030C	0000	23

../src/tmr1.c estimated size: 73

../src/i2c_master_functions.c
		_wr1RegCompleteHandler		CODE           	0337	0000	19
		_I2C_Write1ByteRegister		CODE           	0187	0000	52

../src/i2c_master_functions.c estimated size: 71

../src/interrupt_manager.c
		_INTERRUPT_InterruptManager		CODE           	0004	0000	22

../src/interrupt_manager.c estimated size: 22

../src/pin_manager.c
		_PIN_MANAGER_Initialize		CODE           	0322	0000	22

../src/pin_manager.c estimated size: 22

shared
		__initialization		CODE           	001B	0000	22
		_i2c_fsmStateTable		STRCODE        	0266	0000	33

shared estimated size: 55

../src/vertebra.c
		_SetServo      		CODE           	037A	0000	16
		_Rotar_Slave   		CODE           	0034	0000	127
		_Get_Master_TMR1_flag		CODE           	0467	0000	3
		_Clear_Master_TMR1_flag		CODE           	0469	0000	3
		_Rotar_All_Slaves		CODE           	02A5	0000	30
		_TMR1_Master_InterruptHandler		CODE           	0460	0000	4

../src/vertebra.c estimated size: 183

../src/init.c
		_WDT_Initialize		CODE           	0436	0000	5
		_OSCILLATOR_Initialize		CODE           	03BD	0000	10
		_SYSTEM_Initialize		CODE           	035A	0000	17

../src/init.c estimated size: 32

../src/main.c
		_main          		CODE           	02F6	0000	23

../src/main.c estimated size: 23

../src/i2c_master.c
		_I2C_Close     		CODE           	02C2	0000	29
		_I2C_MasterStartRx		CODE           	044B	0000	4
		_I2C_DO_SEND_ADR_WRITE		CODE           	03D8	0000	9
		_I2C_MasterWaitForEvent		CODE           	03F3	0000	7
		_I2C_DO_SEND_STOP		CODE           	0418	0000	6
		_I2C_MasterSendNack		CODE           	043E	0000	5
		_I2C_MasterDisableIrq		CODE           	0457	0000	4
		_I2C_CallbackReturnStop		CODE           	0465	0000	3
		_I2C_MasterOperation		CODE           	0286	0000	32
		_I2C_DO_SEND_ADR_READ		CODE           	03CF	0000	10
		_I2C_DO_RX_NACK_STOP		CODE           	040E	0000	6
		_I2C_DO_SEND_RESTART		CODE           	041D	0000	6
		_I2C_DO_RX     		CODE           	0107	0000	71
		_I2C_DO_TX     		CODE           	00B2	0000	86
		_I2C_DO_IDLE   		CODE           	042C	0000	6
		_I2C_DO_RCEN   		CODE           	03E0	0000	8
		_I2C_Poller    		CODE           	03A3	0000	14
		_I2C_DO_RESET  		CODE           	0404	0000	6
		_I2C_MasterClose		CODE           	045A	0000	4
		_I2C_MasterWrite		CODE           	03FF	0000	6
		_I2C_DO_RX_ACK 		CODE           	0413	0000	6
		_I2C_MasterStart		CODE           	0454	0000	4
		_I2C_MasterClearIrq		CODE           	045D	0000	4
		_I2C_MasterGetRxData		CODE           	0448	0000	4
		_I2C_SetCallback		CODE           	0240	0000	39
		_I2C_DO_ADDRESS_NACK		CODE           	01E9	0000	45
		_I2C_MasterEnableRestart		CODE           	0451	0000	4
		_I2C_CallbackReturnReset		CODE           	0463	0000	3
		_I2C_Open      		CODE           	014D	0000	59
		_I2C_SetAddressNackCallback		CODE           	0389	0000	14
		_I2C_DO_TX_EMPTY		CODE           	01BA	0000	48
		_I2C_DO_SEND_RESTART_WRITE		CODE           	0422	0000	6
		_I2C_MasterIsNack		CODE           	03F9	0000	7
		_I2C_SetDataCompleteCallback		CODE           	03B0	0000	14
		_I2C_DO_RX_NACK_RESTART		CODE           	0409	0000	6
		_I2C_MasterSendAck		CODE           	043A	0000	5
		_I2C_MasterFsm 		CODE           	0215	0000	44
		_I2C_MasterSetIrq		CODE           	0445	0000	4
		_I2C_DO_SEND_RESTART_READ		CODE           	0427	0000	6
		_I2C_Initialize		CODE           	03C6	0000	10
		_I2C_SetBuffer 		CODE           	036A	0000	17
		_I2C_MasterOpen		CODE           	0396	0000	14
		_I2C_MasterSendTxData		CODE           	0431	0000	6
		_I2C_MasterStop		CODE           	044E	0000	4

../src/i2c_master.c estimated size: 695

