Microchip MPLAB XC8 Compiler V2.20

Linker command line:

-W-3 --edf=C:\Program Files\Microchip\xc8\v2.20\pic\dat\en_msgs.txt -cn \
  -h+dist/default/production\Tesis_Slave.X.production.sym \
  --cmf=dist/default/production\Tesis_Slave.X.production.cmf -z -Q16F1455 \
  -oC:\Users\julio\AppData\Local\Temp\sdng.2 --defsym=__MPLAB_BUILD=1 \
  -Mdist/default/production/Tesis_Slave.X.production.map -E1 \
  -ver=XC8 Compiler --acfsm=1493 -ASTACK=02022h-023EFh -pstack=STACK \
  -ACODE=00h-07FFhx4 -ASTRCODE=00h-01FFFh -ASTRING=00h-0FFhx32 \
  -ACONST=00h-0FFhx32 -AENTRY=00h-0FFhx32 -ACOMMON=070h-07Fh \
  -ABANK0=020h-06Fh -ABANK1=0A0h-0EFh -ABANK2=0120h-016Fh \
  -ABANK3=01A0h-01EFh -ABANK4=0220h-026Fh -ABANK5=02A0h-02EFh \
  -ABANK6=0320h-036Fh -ABANK7=03A0h-03EFh -ABANK8=0420h-046Fh \
  -ABANK9=04A0h-04EFh -ABANK10=0520h-056Fh -ABANK11=05A0h-05EFh \
  -ABANK12=0620h-064Fh -ABIGRAM=02000h-023EFh \
  -ARAM=020h-06Fh,0A0h-0EFh,0120h-016Fh,01A0h-01EFh,0220h-026Fh,02A0h-02EFh,0320h-036Fh,03A0h-03EFh,0420h-046Fh,04A0h-04EFh,0520h-056Fh,05A0h-05EFh,0620h-064Fh \
  -AABS1=020h-07Fh,0A0h-0EFh,0120h-016Fh,01A0h-01EFh,0220h-026Fh,02A0h-02EFh,0320h-036Fh,03A0h-03EFh,0420h-046Fh,04A0h-04EFh,0520h-056Fh,05A0h-05EFh,0620h-064Fh \
  -ASFR0=00h-01Fh -ASFR1=080h-09Fh -ASFR2=0100h-011Fh -ASFR3=0180h-019Fh \
  -ASFR4=0200h-021Fh -ASFR5=0280h-029Fh -ASFR6=0300h-031Fh \
  -ASFR7=0380h-039Fh -ASFR8=0400h-041Fh -ASFR9=0480h-049Fh \
  -ASFR10=0500h-051Fh -ASFR11=0580h-059Fh -ASFR12=0600h-061Fh \
  -ASFR13=0680h-06EFh -ASFR14=0700h-076Fh -ASFR15=0780h-07EFh \
  -ASFR16=0800h-086Fh -ASFR17=0880h-08EFh -ASFR18=0900h-096Fh \
  -ASFR19=0980h-09EFh -ASFR20=0A00h-0A6Fh -ASFR21=0A80h-0AEFh \
  -ASFR22=0B00h-0B6Fh -ASFR23=0B80h-0BEFh -ASFR24=0C00h-0C6Fh \
  -ASFR25=0C80h-0CEFh -ASFR26=0D00h-0D6Fh -ASFR27=0D80h-0DEFh \
  -ASFR28=0E00h-0E6Fh -ASFR29=0E80h-0EEFh -ASFR30=0F00h-0F6Fh \
  -ASFR31=0F80h-0FEFh -ACONFIG=08007h-08008h -DCONFIG=2 \
  -AIDLOC=08000h-08003h -DIDLOC=2 \
  -preset_vec=00h,intentry=04h,init,end_init -ppowerup=CODE -pcinit=CODE \
  -pfunctab=ENTRY -DCODE=2 -DSTRCODE=2 -DSTRING=2 -DCONST=2 -DENTRY=2 -k \
  C:\Users\julio\AppData\Local\Temp\sdng.o \
  dist/default/production\Tesis_Slave.X.production.o 

Object code version is 3.11

Machine type is 16F1455



                Name                               Link     Load   Length Selector   Space Scale
C:\Users\julio\AppData\Local\Temp\sdng.o
                end_init                             35       35        2        8       0
                reset_vec                             0        0        2        0       0
                config                             8007     8007        2        0       4
dist/default/production\Tesis_Slave.X.production.o
                cinit                                37       37       10        8       0
                intentry                              4        4       31        8       0
                config                             8007     8007        2        0       4
                text57                              36E      36E        3        8       0
                text56                              2ED      2ED        8        8       0
                text55                              291      291        D        8       0
                text54                              36B      36B        3        8       0
                text53                              2FC      2FC        7        8       0
                text52                              342      342        5        8       0
                text51                              34F      34F        4        8       0
                text50                              2F5      2F5        7        8       0
                text49                              2E5      2E5        8        8       0
                text48                              284      284        D        8       0
                text47                              368      368        3        8       0
                text46                              375      375        2        8       0
                text45                              33D      33D        5        8       0
                text44                              29E      29E        B        8       0
                text43                              277      277        D        8       0
                text42                              2C4      2C4        9        8       0
                text41                               47       47       77        8       0
                text40                              365      365        3        8       0
                text39                              24B      24B       11        8       0
                text38                              220      220       16        8       0
                text36                              362      362        3        8       0
                text35                              373      373        2        8       0
                text34                              35F      35F        3        8       0
                text33                              35C      35C        3        8       0
                text32                              371      371        2        8       0
                text31                              359      359        3        8       0
                text30                              26A      26A        D        8       0
                text29                              32D      32D        6        8       0
                text28                              327      327        6        8       0
                text27                              321      321        6        8       0
                text26                              338      338        5        8       0
                text25                              333      333        5        8       0
                text24                              31B      31B        6        8       0
                text23                              315      315        6        8       0
                text22                              11F      11F       32        8       0
                text21                              356      356        3        8       0
                text20                              30F      30F        6        8       0
                text19                              353      353        3        8       0
                text18                              34B      34B        4        8       0
                text17                              1EF      1EF       19        8       0
                text16                              1D6      1D6       19        8       0
                text15                               BE       BE       61        8       0
                text14                              1BB      1BB       1B        8       0
                text13                              17B      17B       21        8       0
                text12                              2BB      2BB        9        8       0
                text11                              25C      25C        E        8       0
                text10                              2B2      2B2        9        8       0
                text9                               2A9      2A9        9        8       0
                text8                               236      236       15        8       0
                text7                               2DD      2DD        8        8       0
                text6                               2D5      2D5        8        8       0
                text5                               309      309        6        8       0
                text4                               208      208       18        8       0
                text3                               2CD      2CD        8        8       0
                text2                               347      347        4        8       0
                text1                               19C      19C       1F        8       0
                maintext                            151      151       2A        8       0
                cstackBANK0                          38       38        6       20       1
                cstackCOMMON                         70       70        6       70       1
                clrtext                             303      303        6        8       0
                bssBANK0                             20       20       18       20       1
                bssCOMMON                            76       76        4       70       1
                nvBANK0                              3E       3E        4       20       1

TOTAL           Name                               Link     Load   Length     Space
        CLASS   STACK          

        CLASS   CODE           
                end_init                             35       35        2         0
                cinit                                37       37       10         0
                intentry                              4        4       31         0
                reset_vec                             0        0        2         0
                text57                              36E      36E        3         0
                text56                              2ED      2ED        8         0
                text55                              291      291        D         0
                text54                              36B      36B        3         0
                text53                              2FC      2FC        7         0
                text52                              342      342        5         0
                text51                              34F      34F        4         0
                text50                              2F5      2F5        7         0
                text49                              2E5      2E5        8         0
                text48                              284      284        D         0
                text47                              368      368        3         0
                text46                              375      375        2         0
                text45                              33D      33D        5         0
                text44                              29E      29E        B         0
                text43                              277      277        D         0
                text42                              2C4      2C4        9         0
                text41                               47       47       77         0
                text40                              365      365        3         0
                text39                              24B      24B       11         0
                text38                              220      220       16         0
                text36                              362      362        3         0
                text35                              373      373        2         0
                text34                              35F      35F        3         0
                text33                              35C      35C        3         0
                text32                              371      371        2         0
                text31                              359      359        3         0
                text30                              26A      26A        D         0
                text29                              32D      32D        6         0
                text28                              327      327        6         0
                text27                              321      321        6         0
                text26                              338      338        5         0
                text25                              333      333        5         0
                text24                              31B      31B        6         0
                text23                              315      315        6         0
                text22                              11F      11F       32         0
                text21                              356      356        3         0
                text20                              30F      30F        6         0
                text19                              353      353        3         0
                text18                              34B      34B        4         0
                text17                              1EF      1EF       19         0
                text16                              1D6      1D6       19         0
                text15                               BE       BE       61         0
                text14                              1BB      1BB       1B         0
                text13                              17B      17B       21         0
                text12                              2BB      2BB        9         0
                text11                              25C      25C        E         0
                text10                              2B2      2B2        9         0
                text9                               2A9      2A9        9         0
                text8                               236      236       15         0
                text7                               2DD      2DD        8         0
                text6                               2D5      2D5        8         0
                text5                               309      309        6         0
                text4                               208      208       18         0
                text3                               2CD      2CD        8         0
                text2                               347      347        4         0
                text1                               19C      19C       1F         0
                maintext                            151      151       2A         0
                clrtext                             303      303        6         0

        CLASS   STRCODE        

        CLASS   STRING         

        CLASS   CONST          

        CLASS   ENTRY          

        CLASS   COMMON         
                cstackCOMMON                         70       70        6         1
                bssCOMMON                            76       76        4         1

        CLASS   BANK0          
                cstackBANK0                          38       38        6         1
                bssBANK0                             20       20       18         1
                nvBANK0                              3E       3E        4         1

        CLASS   BANK1          

        CLASS   BANK2          

        CLASS   BANK3          

        CLASS   BANK4          

        CLASS   BANK5          

        CLASS   BANK6          

        CLASS   BANK7          

        CLASS   BANK8          

        CLASS   BANK9          

        CLASS   BANK10         

        CLASS   BANK11         

        CLASS   BANK12         

        CLASS   BIGRAM         

        CLASS   RAM            

        CLASS   ABS1           
                abs_s1                               7E       7E        2         1

        CLASS   SFR0           

        CLASS   SFR1           

        CLASS   SFR2           

        CLASS   SFR3           

        CLASS   SFR4           

        CLASS   SFR5           

        CLASS   SFR6           

        CLASS   SFR7           

        CLASS   SFR8           

        CLASS   SFR9           

        CLASS   SFR10          

        CLASS   SFR11          

        CLASS   SFR12          

        CLASS   SFR13          

        CLASS   SFR14          

        CLASS   SFR15          

        CLASS   SFR16          

        CLASS   SFR17          

        CLASS   SFR18          

        CLASS   SFR19          

        CLASS   SFR20          

        CLASS   SFR21          

        CLASS   SFR22          

        CLASS   SFR23          

        CLASS   SFR24          

        CLASS   SFR25          

        CLASS   SFR26          

        CLASS   SFR27          

        CLASS   SFR28          

        CLASS   SFR29          

        CLASS   SFR30          

        CLASS   SFR31          

        CLASS   CONFIG         
                config                             8007     8007        2         4

        CLASS   IDLOC          

        CLASS   BANK31         

        CLASS   BANK30         

        CLASS   BANK29         

        CLASS   BANK28         

        CLASS   BANK27         

        CLASS   BANK26         

        CLASS   BANK25         

        CLASS   BANK24         

        CLASS   BANK23         

        CLASS   BANK22         

        CLASS   BANK21         

        CLASS   BANK20         

        CLASS   BANK19         

        CLASS   BANK18         

        CLASS   BANK17         

        CLASS   BANK16         

        CLASS   BANK15         

        CLASS   BANK14         

        CLASS   BANK13         

        CLASS   EEDATA         



SEGMENTS        Name                           Load    Length   Top    Selector   Space  Class     Delta

                reset_vec                      000000  000002  000002         0       0  CODE        2
                intentry                       000004  000373  000377         8       0  CODE        2
                bssBANK0                       000020  000022  000042        20       1  BANK0       1
                cstackCOMMON                   000070  00000A  00007A        70       1  COMMON      1


UNUSED ADDRESS RANGES

        Name                Unused          Largest block    Delta
        BANK0            00042-0006F              2E           1
        BANK1            000A0-000EF              50           1
        BANK10           00520-0056F              50           1
        BANK11           005A0-005EF              50           1
        BANK12           00620-0064F              30           1
        BANK2            00120-0016F              50           1
        BANK3            001A0-001EF              50           1
        BANK4            00220-0026F              50           1
        BANK5            002A0-002EF              50           1
        BANK6            00320-0036F              50           1
        BANK7            003A0-003EF              50           1
        BANK8            00420-0046F              50           1
        BANK9            004A0-004EF              50           1
        BIGRAM           02000-023EF             3F0           1
        CODE             00002-00003               2           2
                         00377-01FFF             800
        COMMON           0007A-0007D               4           1
        CONST            00002-00003               2           2
                         00377-01FFF             100
        ENTRY            00002-00003               2           2
                         00377-01FFF             100
        IDLOC            08000-08003               4           2
        RAM              00042-0006F              2E           1
                         000A0-000EF              50
                         00120-0016F              50
                         001A0-001EF              50
                         00220-0026F              50
                         002A0-002EF              50
                         00320-0036F              50
                         003A0-003EF              50
                         00420-0046F              50
                         004A0-004EF              50
                         00520-0056F              50
                         005A0-005EF              50
                         00620-0064F              30
        SFR0             00000-0001F              20           1
        SFR1             00080-0009F              20           1
        SFR10            00500-0051F              20           1
        SFR11            00580-0059F              20           1
        SFR12            00600-0061F              20           1
        SFR13            00680-006EF              70           1
        SFR14            00700-0076F              70           1
        SFR15            00780-007EF              70           1
        SFR16            00800-0086F              70           1
        SFR17            00880-008EF              70           1
        SFR18            00900-0096F              70           1
        SFR19            00980-009EF              70           1
        SFR2             00100-0011F              20           1
        SFR20            00A00-00A6F              70           1
        SFR21            00A80-00AEF              70           1
        SFR22            00B00-00B6F              70           1
        SFR23            00B80-00BEF              70           1
        SFR24            00C00-00C6F              70           1
        SFR25            00C80-00CEF              70           1
        SFR26            00D00-00D6F              70           1
        SFR27            00D80-00DEF              70           1
        SFR28            00E00-00E6F              70           1
        SFR29            00E80-00EEF              70           1
        SFR3             00180-0019F              20           1
        SFR30            00F00-00F6F              70           1
        SFR31            00F80-00FEF              70           1
        SFR4             00200-0021F              20           1
        SFR5             00280-0029F              20           1
        SFR6             00300-0031F              20           1
        SFR7             00380-0039F              20           1
        SFR8             00400-0041F              20           1
        SFR9             00480-0049F              20           1
        STACK            02022-023EF             3CE           1
        STRCODE          00002-00003               2           2
                         00377-01FFF            1C89
        STRING           00002-00003               2           2
                         00377-01FFF             100

                                  Symbol Table

?_ADC_GetConversion                        cstackCOMMON 00074
ADC_GetConversion@channel                  cstackBANK0  00039
Data_to_master@i2c_wr_data                 cstackCOMMON 00075
I2C_Read_Write@data                        cstackBANK0  0003C
I2C_Read_Write@i2c_WrData                  cstackBANK0  0003D
I2C_SlaveSendTxData@data                   cstackCOMMON 00070
I2C_SlaveSetAddrIntHandler@handler         cstackCOMMON 00074
I2C_SlaveSetIsrHandler@handler             cstackCOMMON 00074
I2C_SlaveSetReadIntHandler@handler         cstackCOMMON 00074
I2C_SlaveSetSlaveAddr@slaveAddr            cstackCOMMON 00074
I2C_SlaveSetSlaveMask@maskAddr             cstackCOMMON 00074
I2C_SlaveSetWrColIntHandler@handler        cstackCOMMON 00074
I2C_SlaveSetWriteIntHandler@handler        cstackCOMMON 00074
I2C_reg_Slave_InterruptHandler@reg         cstackCOMMON 00071
PWM1_LoadDutyValue@dutyValue               cstackCOMMON 00074
PWM2_LoadDutyValue@dutyValue               cstackCOMMON 00074
TMR1_SetInterruptHandler@InterruptHandler  cstackCOMMON 00074
TMR1_WriteTimer@timerVal                   cstackCOMMON 00070
_ACTCON                                    (abs)        0039B
_ADCON0                                    (abs)        0009D
_ADCON0bits                                (abs)        0009D
_ADCON1                                    (abs)        0009E
_ADCON2                                    (abs)        0009F
_ADC_GetConversion                         text14       001BB
_ADC_Initialize                            text12       002BB
_ADRESH                                    (abs)        0009C
_ADRESL                                    (abs)        0009B
_ANSELA                                    (abs)        0018C
_ANSELC                                    (abs)        0018E
_APFCON                                    (abs)        0011D
_BORCON                                    (abs)        00116
_Clear_I2C_data_flag                       text21       00356
_Clear_I2C_reg_flag                        text36       00362
_Clear_TMR1_flag                           text35       00373
_Data_to_master                            text20       0030F
_Datos_Initialize                          text11       0025C
_Get_Data_to_master                        text46       00375
_Get_I2C_data_flag                         text19       00353
_Get_I2C_reg                               text34       0035F
_Get_I2C_reg_flag                          text33       0035C
_Get_TMR1_flag                             text32       00371
_I2C_Initialize                            text10       002B2
_I2C_Isr                                   text41       00047
_I2C_Open                                  text22       0011F
_I2C_Read_Write                            text15       000BE
_I2C_SlaveAddrCallBack                     text55       00291
_I2C_SlaveAddrInterruptHandler             bssBANK0     00029
_I2C_SlaveClearIrq                         text54       0036B
_I2C_SlaveDefAddrInterruptHandler          text56       002ED
_I2C_SlaveDefRdInterruptHandler            text49       002E5
_I2C_SlaveDefWrColInterruptHandler         (abs)        00000
_I2C_SlaveDefWrInterruptHandler            text44       0029E
_I2C_SlaveEnableIrq                        text31       00359
_I2C_SlaveGetRxData                        text57       0036E
_I2C_SlaveIsAddr                           text53       002FC
_I2C_SlaveIsRead                           text52       00342
_I2C_SlaveIsRxBufFull                      text51       0034F
_I2C_SlaveIsTxBufEmpty                     text50       002F5
_I2C_SlaveOpen                             text30       0026A
_I2C_SlaveRdCallBack                       text48       00284
_I2C_SlaveRdInterruptHandler               bssBANK0     0002D
_I2C_SlaveReleaseClock                     text47       00368
_I2C_SlaveSendTxData                       text45       0033D
_I2C_SlaveSetAddrIntHandler                text29       0032D
_I2C_SlaveSetIsrHandler                    text28       00327
_I2C_SlaveSetReadIntHandler                text27       00321
_I2C_SlaveSetSlaveAddr                     text26       00338
_I2C_SlaveSetSlaveMask                     text25       00333
_I2C_SlaveSetWrColIntHandler               text24       0031B
_I2C_SlaveSetWriteIntHandler               text23       00315
_I2C_SlaveWrCallBack                       text43       00277
_I2C_SlaveWrColInterruptHandler            bssBANK0     00025
_I2C_SlaveWrInterruptHandler               bssBANK0     0002B
_I2C_data_slave_flag                       text18       0034B
_I2C_reg_Slave_InterruptHandler            text42       002C4
_INTCONbits                                (abs)        0000B
_INTERRUPT_InterruptManager                intentry     00004
_LATA                                      (abs)        0010C
_LATC                                      (abs)        0010E
_MSSP_InterruptHandler                     bssBANK0     0002F
_OPTION_REGbits                            (abs)        00095
_OSCCON                                    (abs)        00099
_OSCILLATOR_Initialize                     text9        002A9
_OSCTUNE                                   (abs)        00098
_PIE1bits                                  (abs)        00091
_PIE2bits                                  (abs)        00092
_PIN_MANAGER_Initialize                    text8        00236
_PIR1bits                                  (abs)        00011
_PIR2bits                                  (abs)        00012
_PR2                                       (abs)        0001B
_PWM1CON                                   (abs)        00613
_PWM1DCH                                   (abs)        00612
_PWM1DCL                                   (abs)        00611
_PWM1_Initialize                           text7        002DD
_PWM1_LoadDutyValue                        text17       001EF
_PWM2CON                                   (abs)        00616
_PWM2DCH                                   (abs)        00615
_PWM2DCL                                   (abs)        00614
_PWM2_Initialize                           text6        002D5
_PWM2_LoadDutyValue                        text16       001D6
_Read_Ldr                                  text13       0017B
_RegParaEscribir                           bssBANK0     00034
_SSP1ADD                                   (abs)        00212
_SSP1BUF                                   (abs)        00211
_SSP1CON1                                  (abs)        00215
_SSP1CON1bits                              (abs)        00215
_SSP1CON2                                  (abs)        00216
_SSP1MSK                                   (abs)        00213
_SSP1STAT                                  (abs)        00214
_SSP1STATbits                              (abs)        00214
_SYSTEM_Initialize                         text1        0019C
_T1CON                                     (abs)        00018
_T1CONbits                                 (abs)        00018
_T1GCON                                    (abs)        00019
_T2CON                                     (abs)        0001C
_TMR1H                                     (abs)        00017
_TMR1L                                     (abs)        00016
_TMR1_ISR                                  text38       00220
_TMR1_Initialize                           text4        00208
_TMR1_InterruptHandler                     nvBANK0      0003E
_TMR1_SetInterruptHandler                  text5        00309
_TMR1_Slave_InterruptHandler               text40       00365
_TMR1_WriteTimer                           text39       0024B
_TMR2                                      (abs)        0001A
_TMR2_Initialize                           text3        002CD
_TRISA                                     (abs)        0008C
_TRISC                                     (abs)        0008E
_WDTCON                                    (abs)        00097
_WDT_Initialize                            text2        00347
_WPUA                                      (abs)        0020C
__Habs1                                    abs1         00000
__Hbank0                                   bank0        00000
__Hbank1                                   bank1        00000
__Hbank10                                  bank10       00000
__Hbank11                                  bank11       00000
__Hbank12                                  bank12       00000
__Hbank13                                  bank13       00000
__Hbank14                                  bank14       00000
__Hbank15                                  bank15       00000
__Hbank16                                  bank16       00000
__Hbank17                                  bank17       00000
__Hbank18                                  bank18       00000
__Hbank19                                  bank19       00000
__Hbank2                                   bank2        00000
__Hbank20                                  bank20       00000
__Hbank21                                  bank21       00000
__Hbank22                                  bank22       00000
__Hbank23                                  bank23       00000
__Hbank24                                  bank24       00000
__Hbank25                                  bank25       00000
__Hbank26                                  bank26       00000
__Hbank27                                  bank27       00000
__Hbank28                                  bank28       00000
__Hbank29                                  bank29       00000
__Hbank3                                   bank3        00000
__Hbank30                                  bank30       00000
__Hbank31                                  bank31       00000
__Hbank4                                   bank4        00000
__Hbank5                                   bank5        00000
__Hbank6                                   bank6        00000
__Hbank7                                   bank7        00000
__Hbank8                                   bank8        00000
__Hbank9                                   bank9        00000
__Hbigram                                  bigram       00000
__HbssBANK0                                bssBANK0     00000
__HbssCOMMON                               bssCOMMON    00000
__Hcinit                                   cinit        00047
__Hclrtext                                 clrtext      00000
__Hcode                                    code         00000
__Hcommon                                  common       00000
__Hconfig                                  config       08009
__HcstackBANK0                             cstackBANK0  00000
__HcstackCOMMON                            cstackCOMMON 00000
__Heeprom_data                             eeprom_data  00000
__Hend_init                                end_init     00037
__Hfunctab                                 functab      00000
__Hinit                                    init         00035
__Hintentry                                intentry     00035
__Hmaintext                                maintext     00000
__HnvBANK0                                 nvBANK0      00000
__Hpowerup                                 powerup      00000
__Hram                                     ram          00000
__Hreset_vec                               reset_vec    00002
__Hsfr0                                    sfr0         00000
__Hsfr1                                    sfr1         00000
__Hsfr10                                   sfr10        00000
__Hsfr11                                   sfr11        00000
__Hsfr12                                   sfr12        00000
__Hsfr13                                   sfr13        00000
__Hsfr14                                   sfr14        00000
__Hsfr15                                   sfr15        00000
__Hsfr16                                   sfr16        00000
__Hsfr17                                   sfr17        00000
__Hsfr18                                   sfr18        00000
__Hsfr19                                   sfr19        00000
__Hsfr2                                    sfr2         00000
__Hsfr20                                   sfr20        00000
__Hsfr21                                   sfr21        00000
__Hsfr22                                   sfr22        00000
__Hsfr23                                   sfr23        00000
__Hsfr24                                   sfr24        00000
__Hsfr25                                   sfr25        00000
__Hsfr26                                   sfr26        00000
__Hsfr27                                   sfr27        00000
__Hsfr28                                   sfr28        00000
__Hsfr29                                   sfr29        00000
__Hsfr3                                    sfr3         00000
__Hsfr30                                   sfr30        00000
__Hsfr31                                   sfr31        00000
__Hsfr4                                    sfr4         00000
__Hsfr5                                    sfr5         00000
__Hsfr6                                    sfr6         00000
__Hsfr7                                    sfr7         00000
__Hsfr8                                    sfr8         00000
__Hsfr9                                    sfr9         00000
__Hspace_0                                 (abs)        00377
__Hspace_1                                 (abs)        0007A
__Hspace_2                                 (abs)        00000
__Hspace_3                                 (abs)        00000
__Hspace_4                                 (abs)        10010
__Hstack                                   stack        00000
__Hstrings                                 strings      00000
__Htext                                    text         00000
__Labs1                                    abs1         00000
__Lbank0                                   bank0        00000
__Lbank1                                   bank1        00000
__Lbank10                                  bank10       00000
__Lbank11                                  bank11       00000
__Lbank12                                  bank12       00000
__Lbank13                                  bank13       00000
__Lbank14                                  bank14       00000
__Lbank15                                  bank15       00000
__Lbank16                                  bank16       00000
__Lbank17                                  bank17       00000
__Lbank18                                  bank18       00000
__Lbank19                                  bank19       00000
__Lbank2                                   bank2        00000
__Lbank20                                  bank20       00000
__Lbank21                                  bank21       00000
__Lbank22                                  bank22       00000
__Lbank23                                  bank23       00000
__Lbank24                                  bank24       00000
__Lbank25                                  bank25       00000
__Lbank26                                  bank26       00000
__Lbank27                                  bank27       00000
__Lbank28                                  bank28       00000
__Lbank29                                  bank29       00000
__Lbank3                                   bank3        00000
__Lbank30                                  bank30       00000
__Lbank31                                  bank31       00000
__Lbank4                                   bank4        00000
__Lbank5                                   bank5        00000
__Lbank6                                   bank6        00000
__Lbank7                                   bank7        00000
__Lbank8                                   bank8        00000
__Lbank9                                   bank9        00000
__Lbigram                                  bigram       00000
__LbssBANK0                                bssBANK0     00000
__LbssCOMMON                               bssCOMMON    00000
__Lcinit                                   cinit        00037
__Lclrtext                                 clrtext      00000
__Lcode                                    code         00000
__Lcommon                                  common       00000
__Lconfig                                  config       00000
__LcstackBANK0                             cstackBANK0  00000
__LcstackCOMMON                            cstackCOMMON 00000
__Leeprom_data                             eeprom_data  00000
__Lend_init                                end_init     00035
__Lfunctab                                 functab      00000
__Linit                                    init         00035
__Lintentry                                intentry     00004
__Lmaintext                                maintext     00000
__LnvBANK0                                 nvBANK0      00000
__Lpowerup                                 powerup      00000
__Lram                                     ram          00000
__Lreset_vec                               reset_vec    00000
__Lsfr0                                    sfr0         00000
__Lsfr1                                    sfr1         00000
__Lsfr10                                   sfr10        00000
__Lsfr11                                   sfr11        00000
__Lsfr12                                   sfr12        00000
__Lsfr13                                   sfr13        00000
__Lsfr14                                   sfr14        00000
__Lsfr15                                   sfr15        00000
__Lsfr16                                   sfr16        00000
__Lsfr17                                   sfr17        00000
__Lsfr18                                   sfr18        00000
__Lsfr19                                   sfr19        00000
__Lsfr2                                    sfr2         00000
__Lsfr20                                   sfr20        00000
__Lsfr21                                   sfr21        00000
__Lsfr22                                   sfr22        00000
__Lsfr23                                   sfr23        00000
__Lsfr24                                   sfr24        00000
__Lsfr25                                   sfr25        00000
__Lsfr26                                   sfr26        00000
__Lsfr27                                   sfr27        00000
__Lsfr28                                   sfr28        00000
__Lsfr29                                   sfr29        00000
__Lsfr3                                    sfr3         00000
__Lsfr30                                   sfr30        00000
__Lsfr31                                   sfr31        00000
__Lsfr4                                    sfr4         00000
__Lsfr5                                    sfr5         00000
__Lsfr6                                    sfr6         00000
__Lsfr7                                    sfr7         00000
__Lsfr8                                    sfr8         00000
__Lsfr9                                    sfr9         00000
__Lspace_0                                 (abs)        00000
__Lspace_1                                 (abs)        00000
__Lspace_2                                 (abs)        00000
__Lspace_3                                 (abs)        00000
__Lspace_4                                 (abs)        00000
__Lstack                                   stack        00000
__Lstrings                                 strings      00000
__Ltext                                    text         00000
__S0                                       (abs)        00377
__S1                                       (abs)        0007A
__S2                                       (abs)        00000
___int_sp                                  stack        00000
___latbits                                 (abs)        00002
___sp                                      stack        00000
___stackhi                                 (abs)        023EF
___stacklo                                 (abs)        02022
__end_of_ADC_GetConversion                 text14       001D6
__end_of_ADC_Initialize                    text12       002C4
__end_of_Clear_I2C_data_flag               text21       00359
__end_of_Clear_I2C_reg_flag                text36       00365
__end_of_Clear_TMR1_flag                   text35       00375
__end_of_Data_to_master                    text20       00315
__end_of_Datos_Initialize                  text11       0026A
__end_of_Get_Data_to_master                text46       00377
__end_of_Get_I2C_data_flag                 text19       00356
__end_of_Get_I2C_reg                       text34       00362
__end_of_Get_I2C_reg_flag                  text33       0035F
__end_of_Get_TMR1_flag                     text32       00373
__end_of_I2C_Initialize                    text10       002BB
__end_of_I2C_Isr                           text41       000BE
__end_of_I2C_Open                          text22       00151
__end_of_I2C_Read_Write                    text15       0011F
__end_of_I2C_SlaveAddrCallBack             text55       0029E
__end_of_I2C_SlaveClearIrq                 text54       0036E
__end_of_I2C_SlaveDefAddrInterruptHandler  text56       002F5
__end_of_I2C_SlaveDefRdInterruptHandler    text49       002ED
__end_of_I2C_SlaveDefWrInterruptHandler    text44       002A9
__end_of_I2C_SlaveEnableIrq                text31       0035C
__end_of_I2C_SlaveGetRxData                text57       00371
__end_of_I2C_SlaveIsAddr                   text53       00303
__end_of_I2C_SlaveIsRead                   text52       00347
__end_of_I2C_SlaveIsRxBufFull              text51       00353
__end_of_I2C_SlaveIsTxBufEmpty             text50       002FC
__end_of_I2C_SlaveOpen                     text30       00277
__end_of_I2C_SlaveRdCallBack               text48       00291
__end_of_I2C_SlaveReleaseClock             text47       0036B
__end_of_I2C_SlaveSendTxData               text45       00342
__end_of_I2C_SlaveSetAddrIntHandler        text29       00333
__end_of_I2C_SlaveSetIsrHandler            text28       0032D
__end_of_I2C_SlaveSetReadIntHandler        text27       00327
__end_of_I2C_SlaveSetSlaveAddr             text26       0033D
__end_of_I2C_SlaveSetSlaveMask             text25       00338
__end_of_I2C_SlaveSetWrColIntHandler       text24       00321
__end_of_I2C_SlaveSetWriteIntHandler       text23       0031B
__end_of_I2C_SlaveWrCallBack               text43       00284
__end_of_I2C_data_slave_flag               text18       0034F
__end_of_I2C_reg_Slave_InterruptHandler    text42       002CD
__end_of_INTERRUPT_InterruptManager        intentry     00035
__end_of_OSCILLATOR_Initialize             text9        002B2
__end_of_PIN_MANAGER_Initialize            text8        0024B
__end_of_PWM1_Initialize                   text7        002E5
__end_of_PWM1_LoadDutyValue                text17       00208
__end_of_PWM2_Initialize                   text6        002DD
__end_of_PWM2_LoadDutyValue                text16       001EF
__end_of_Read_Ldr                          text13       0019C
__end_of_SYSTEM_Initialize                 text1        001BB
__end_of_TMR1_ISR                          text38       00236
__end_of_TMR1_Initialize                   text4        00220
__end_of_TMR1_SetInterruptHandler          text5        0030F
__end_of_TMR1_Slave_InterruptHandler       text40       00368
__end_of_TMR1_WriteTimer                   text39       0025C
__end_of_TMR2_Initialize                   text3        002D5
__end_of_WDT_Initialize                    text2        0034B
__end_of__initialization                   cinit        00043
__end_of_main                              maintext     0017B
__initialization                           cinit        00037
__pbssBANK0                                bssBANK0     00020
__pbssCOMMON                               bssCOMMON    00076
__pcstackBANK0                             cstackBANK0  00038
__pcstackCOMMON                            cstackCOMMON 00070
__pintentry                                intentry     00004
__pmaintext                                maintext     00151
__pnvBANK0                                 nvBANK0      0003E
__ptext1                                   text1        0019C
__ptext10                                  text10       002B2
__ptext11                                  text11       0025C
__ptext12                                  text12       002BB
__ptext13                                  text13       0017B
__ptext14                                  text14       001BB
__ptext15                                  text15       000BE
__ptext16                                  text16       001D6
__ptext17                                  text17       001EF
__ptext18                                  text18       0034B
__ptext19                                  text19       00353
__ptext2                                   text2        00347
__ptext20                                  text20       0030F
__ptext21                                  text21       00356
__ptext22                                  text22       0011F
__ptext23                                  text23       00315
__ptext24                                  text24       0031B
__ptext25                                  text25       00333
__ptext26                                  text26       00338
__ptext27                                  text27       00321
__ptext28                                  text28       00327
__ptext29                                  text29       0032D
__ptext3                                   text3        002CD
__ptext30                                  text30       0026A
__ptext31                                  text31       00359
__ptext32                                  text32       00371
__ptext33                                  text33       0035C
__ptext34                                  text34       0035F
__ptext35                                  text35       00373
__ptext36                                  text36       00362
__ptext38                                  text38       00220
__ptext39                                  text39       0024B
__ptext4                                   text4        00208
__ptext40                                  text40       00365
__ptext41                                  text41       00047
__ptext42                                  text42       002C4
__ptext43                                  text43       00277
__ptext44                                  text44       0029E
__ptext45                                  text45       0033D
__ptext46                                  text46       00375
__ptext47                                  text47       00368
__ptext48                                  text48       00284
__ptext49                                  text49       002E5
__ptext5                                   text5        00309
__ptext50                                  text50       002F5
__ptext51                                  text51       0034F
__ptext52                                  text52       00342
__ptext53                                  text53       002FC
__ptext54                                  text54       0036B
__ptext55                                  text55       00291
__ptext56                                  text56       002ED
__ptext57                                  text57       0036E
__ptext6                                   text6        002D5
__ptext7                                   text7        002DD
__ptext8                                   text8        00236
__ptext9                                   text9        002A9
__size_of_ADC_GetConversion                (abs)        00000
__size_of_ADC_Initialize                   (abs)        00000
__size_of_Clear_I2C_data_flag              (abs)        00000
__size_of_Clear_I2C_reg_flag               (abs)        00000
__size_of_Clear_TMR1_flag                  (abs)        00000
__size_of_Data_to_master                   (abs)        00000
__size_of_Datos_Initialize                 (abs)        00000
__size_of_Get_Data_to_master               (abs)        00000
__size_of_Get_I2C_data_flag                (abs)        00000
__size_of_Get_I2C_reg                      (abs)        00000
__size_of_Get_I2C_reg_flag                 (abs)        00000
__size_of_Get_TMR1_flag                    (abs)        00000
__size_of_I2C_Initialize                   (abs)        00000
__size_of_I2C_Isr                          (abs)        00000
__size_of_I2C_Open                         (abs)        00000
__size_of_I2C_Read_Write                   (abs)        00000
__size_of_I2C_SlaveAddrCallBack            (abs)        00000
__size_of_I2C_SlaveClearIrq                (abs)        00000
__size_of_I2C_SlaveDefAddrInterruptHandler (abs)        00000
__size_of_I2C_SlaveDefRdInterruptHandler   (abs)        00000
__size_of_I2C_SlaveDefWrInterruptHandler   (abs)        00000
__size_of_I2C_SlaveEnableIrq               (abs)        00000
__size_of_I2C_SlaveGetRxData               (abs)        00000
__size_of_I2C_SlaveIsAddr                  (abs)        00000
__size_of_I2C_SlaveIsRead                  (abs)        00000
__size_of_I2C_SlaveIsRxBufFull             (abs)        00000
__size_of_I2C_SlaveIsTxBufEmpty            (abs)        00000
__size_of_I2C_SlaveOpen                    (abs)        00000
__size_of_I2C_SlaveRdCallBack              (abs)        00000
__size_of_I2C_SlaveReleaseClock            (abs)        00000
__size_of_I2C_SlaveSendTxData              (abs)        00000
__size_of_I2C_SlaveSetAddrIntHandler       (abs)        00000
__size_of_I2C_SlaveSetIsrHandler           (abs)        00000
__size_of_I2C_SlaveSetReadIntHandler       (abs)        00000
__size_of_I2C_SlaveSetSlaveAddr            (abs)        00000
__size_of_I2C_SlaveSetSlaveMask            (abs)        00000
__size_of_I2C_SlaveSetWrColIntHandler      (abs)        00000
__size_of_I2C_SlaveSetWriteIntHandler      (abs)        00000
__size_of_I2C_SlaveWrCallBack              (abs)        00000
__size_of_I2C_data_slave_flag              (abs)        00000
__size_of_I2C_reg_Slave_InterruptHandler   (abs)        00000
__size_of_INTERRUPT_InterruptManager       (abs)        00000
__size_of_OSCILLATOR_Initialize            (abs)        00000
__size_of_PIN_MANAGER_Initialize           (abs)        00000
__size_of_PWM1_Initialize                  (abs)        00000
__size_of_PWM1_LoadDutyValue               (abs)        00000
__size_of_PWM2_Initialize                  (abs)        00000
__size_of_PWM2_LoadDutyValue               (abs)        00000
__size_of_Read_Ldr                         (abs)        00000
__size_of_SYSTEM_Initialize                (abs)        00000
__size_of_TMR1_ISR                         (abs)        00000
__size_of_TMR1_Initialize                  (abs)        00000
__size_of_TMR1_SetInterruptHandler         (abs)        00000
__size_of_TMR1_Slave_InterruptHandler      (abs)        00000
__size_of_TMR1_WriteTimer                  (abs)        00000
__size_of_TMR2_Initialize                  (abs)        00000
__size_of_WDT_Initialize                   (abs)        00000
__size_of_main                             (abs)        00000
_d1                                        bssBANK0     00020
_datoParaLeer                              bssBANK0     00035
_flag_i2c_data                             bssBANK0     00032
_flag_i2c_reg                              bssBANK0     00033
_flag_tmr1                                 bssCOMMON    00076
_i2cRdData                                 bssBANK0     00037
_i2cSlaveAddr                              bssBANK0     00036
_i2cSlaveState                             bssCOMMON    00078
_i2cWrData                                 bssCOMMON    00079
_main                                      maintext     00151
_master_read_data                          bssCOMMON    00077
_timer1ReloadVal                           nvBANK0      00040
_write_reg                                 bssBANK0     00031
btemp                                      (abs)        0007E
clear_ram0                                 clrtext      00303
end_of_initialization                      cinit        00043
int$flags                                  (abs)        0007E
intlevel0                                  functab      00000
intlevel1                                  functab      00000
intlevel2                                  functab      00000
intlevel3                                  functab      00000
intlevel4                                  functab      00000
intlevel5                                  functab      00000
reset_vec                                  reset_vec    00000
start                                      init         00035
start_initialization                       cinit        00037
wtemp0                                     (abs)        0007E


FUNCTION INFORMATION:

 *************** function _main *****************
 Defined at:
		line 13 in file "../src/main.c"
 Parameters:    Size  Location     Type
		None
 Auto vars:     Size  Location     Type
		None
 Return value:  Size  Location     Type
                  1    wreg      void 
 Registers used:
		wreg, fsr0l, fsr0h, status,2, status,0, pclath, cstack
 Tracked objects:
		On entry : 
		On exit  : 
		Unchanged: 
 Data sizes:     COMMON   BANK0   BANK1   BANK2   BANK3   BANK4   BANK5   BANK6   BANK7   BANK8   BANK9  BANK10  BANK11  BANK12
      Params:         0       0       0       0       0       0       0       0       0       0       0       0       0       0
      Locals:         0       0       0       0       0       0       0       0       0       0       0       0       0       0
      Temps:          0       0       0       0       0       0       0       0       0       0       0       0       0       0
      Totals:         0       0       0       0       0       0       0       0       0       0       0       0       0       0
Total ram usage:        0 bytes
 Hardware stack levels required when called:    8
 This function calls:
		_Clear_I2C_reg_flag
		_Clear_TMR1_flag
		_Get_I2C_reg
		_Get_I2C_reg_flag
		_Get_TMR1_flag
		_I2C_Open
		_I2C_Read_Write
		_Read_Ldr
		_SYSTEM_Initialize
 This function is called by:
		Startup code after reset
 This function uses a non-reentrant model


 *************** function _SYSTEM_Initialize *****************
 Defined at:
		line 4 in file "../src/init.c"
 Parameters:    Size  Location     Type
		None
 Auto vars:     Size  Location     Type
		None
 Return value:  Size  Location     Type
                  1    wreg      void 
 Registers used:
		wreg, status,2, status,0, pclath, cstack
 Tracked objects:
		On entry : 
		On exit  : 
		Unchanged: 
 Data sizes:     COMMON   BANK0   BANK1   BANK2   BANK3   BANK4   BANK5   BANK6   BANK7   BANK8   BANK9  BANK10  BANK11  BANK12
      Params:         0       0       0       0       0       0       0       0       0       0       0       0       0       0
      Locals:         0       0       0       0       0       0       0       0       0       0       0       0       0       0
      Temps:          0       0       0       0       0       0       0       0       0       0       0       0       0       0
      Totals:         0       0       0       0       0       0       0       0       0       0       0       0       0       0
Total ram usage:        0 bytes
 Hardware stack levels used:    1
 Hardware stack levels required when called:    7
 This function calls:
		_ADC_Initialize
		_Datos_Initialize
		_I2C_Initialize
		_OSCILLATOR_Initialize
		_PIN_MANAGER_Initialize
		_PWM1_Initialize
		_PWM2_Initialize
		_TMR1_Initialize
		_TMR2_Initialize
		_WDT_Initialize
 This function is called by:
		_main
 This function uses a non-reentrant model


 *************** function _WDT_Initialize *****************
 Defined at:
		line 30 in file "../src/init.c"
 Parameters:    Size  Location     Type
		None
 Auto vars:     Size  Location     Type
		None
 Return value:  Size  Location     Type
                  1    wreg      void 
 Registers used:
		wreg
 Tracked objects:
		On entry : 
		On exit  : 
		Unchanged: 
 Data sizes:     COMMON   BANK0   BANK1   BANK2   BANK3   BANK4   BANK5   BANK6   BANK7   BANK8   BANK9  BANK10  BANK11  BANK12
      Params:         0       0       0       0       0       0       0       0       0       0       0       0       0       0
      Locals:         0       0       0       0       0       0       0       0       0       0       0       0       0       0
      Temps:          0       0       0       0       0       0       0       0       0       0       0       0       0       0
      Totals:         0       0       0       0       0       0       0       0       0       0       0       0       0       0
Total ram usage:        0 bytes
 Hardware stack levels used:    1
 Hardware stack levels required when called:    5
 This function calls:
		Nothing
 This function is called by:
		_SYSTEM_Initialize
 This function uses a non-reentrant model


 *************** function _TMR2_Initialize *****************
 Defined at:
		line 4 in file "../src/tmr2.c"
 Parameters:    Size  Location     Type
		None
 Auto vars:     Size  Location     Type
		None
 Return value:  Size  Location     Type
                  1    wreg      void 
 Registers used:
		wreg, status,2
 Tracked objects:
		On entry : 
		On exit  : 
		Unchanged: 
 Data sizes:     COMMON   BANK0   BANK1   BANK2   BANK3   BANK4   BANK5   BANK6   BANK7   BANK8   BANK9  BANK10  BANK11  BANK12
      Params:         0       0       0       0       0       0       0       0       0       0       0       0       0       0
      Locals:         0       0       0       0       0       0       0       0       0       0       0       0       0       0
      Temps:          0       0       0       0       0       0       0       0       0       0       0       0       0       0
      Totals:         0       0       0       0       0       0       0       0       0       0       0       0       0       0
Total ram usage:        0 bytes
 Hardware stack levels used:    1
 Hardware stack levels required when called:    5
 This function calls:
		Nothing
 This function is called by:
		_SYSTEM_Initialize
 This function uses a non-reentrant model


 *************** function _TMR1_Initialize *****************
 Defined at:
		line 8 in file "../src/tmr1.c"
 Parameters:    Size  Location     Type
		None
 Auto vars:     Size  Location     Type
		None
 Return value:  Size  Location     Type
                  1    wreg      void 
 Registers used:
		wreg, status,2, status,0, pclath, cstack
 Tracked objects:
		On entry : 
		On exit  : 
		Unchanged: 
 Data sizes:     COMMON   BANK0   BANK1   BANK2   BANK3   BANK4   BANK5   BANK6   BANK7   BANK8   BANK9  BANK10  BANK11  BANK12
      Params:         0       0       0       0       0       0       0       0       0       0       0       0       0       0
      Locals:         0       0       0       0       0       0       0       0       0       0       0       0       0       0
      Temps:          0       0       0       0       0       0       0       0       0       0       0       0       0       0
      Totals:         0       0       0       0       0       0       0       0       0       0       0       0       0       0
Total ram usage:        0 bytes
 Hardware stack levels used:    1
 Hardware stack levels required when called:    6
 This function calls:
		_TMR1_SetInterruptHandler
 This function is called by:
		_SYSTEM_Initialize
 This function uses a non-reentrant model


 *************** function _TMR1_SetInterruptHandler *****************
 Defined at:
		line 72 in file "../src/tmr1.c"
 Parameters:    Size  Location     Type
  InterruptHan    2    4[COMMON] PTR FTN()void 
		 -> TMR1_Slave_InterruptHandler(1), 
 Auto vars:     Size  Location     Type
		None
 Return value:  Size  Location     Type
                  1    wreg      void 
 Registers used:
		wreg
 Tracked objects:
		On entry : 
		On exit  : 
		Unchanged: 
 Data sizes:     COMMON   BANK0   BANK1   BANK2   BANK3   BANK4   BANK5   BANK6   BANK7   BANK8   BANK9  BANK10  BANK11  BANK12
      Params:         2       0       0       0       0       0       0       0       0       0       0       0       0       0
      Locals:         0       0       0       0       0       0       0       0       0       0       0       0       0       0
      Temps:          0       0       0       0       0       0       0       0       0       0       0       0       0       0
      Totals:         2       0       0       0       0       0       0       0       0       0       0       0       0       0
Total ram usage:        2 bytes
 Hardware stack levels used:    1
 Hardware stack levels required when called:    5
 This function calls:
		Nothing
 This function is called by:
		_TMR1_Initialize
 This function uses a non-reentrant model


 *************** function _PWM2_Initialize *****************
 Defined at:
		line 5 in file "../src/pwm2.c"
 Parameters:    Size  Location     Type
		None
 Auto vars:     Size  Location     Type
		None
 Return value:  Size  Location     Type
                  1    wreg      void 
 Registers used:
		wreg
 Tracked objects:
		On entry : 
		On exit  : 
		Unchanged: 
 Data sizes:     COMMON   BANK0   BANK1   BANK2   BANK3   BANK4   BANK5   BANK6   BANK7   BANK8   BANK9  BANK10  BANK11  BANK12
      Params:         0       0       0       0       0       0       0       0       0       0       0       0       0       0
      Locals:         0       0       0       0       0       0       0       0       0       0       0       0       0       0
      Temps:          0       0       0       0       0       0       0       0       0       0       0       0       0       0
      Totals:         0       0       0       0       0       0       0       0       0       0       0       0       0       0
Total ram usage:        0 bytes
 Hardware stack levels used:    1
 Hardware stack levels required when called:    5
 This function calls:
		Nothing
 This function is called by:
		_SYSTEM_Initialize
 This function uses a non-reentrant model


 *************** function _PWM1_Initialize *****************
 Defined at:
		line 5 in file "../src/pwm1.c"
 Parameters:    Size  Location     Type
		None
 Auto vars:     Size  Location     Type
		None
 Return value:  Size  Location     Type
                  1    wreg      void 
 Registers used:
		wreg
 Tracked objects:
		On entry : 
		On exit  : 
		Unchanged: 
 Data sizes:     COMMON   BANK0   BANK1   BANK2   BANK3   BANK4   BANK5   BANK6   BANK7   BANK8   BANK9  BANK10  BANK11  BANK12
      Params:         0       0       0       0       0       0       0       0       0       0       0       0       0       0
      Locals:         0       0       0       0       0       0       0       0       0       0       0       0       0       0
      Temps:          0       0       0       0       0       0       0       0       0       0       0       0       0       0
      Totals:         0       0       0       0       0       0       0       0       0       0       0       0       0       0
Total ram usage:        0 bytes
 Hardware stack levels used:    1
 Hardware stack levels required when called:    5
 This function calls:
		Nothing
 This function is called by:
		_SYSTEM_Initialize
 This function uses a non-reentrant model


 *************** function _PIN_MANAGER_Initialize *****************
 Defined at:
		line 4 in file "../src/pin_manager.c"
 Parameters:    Size  Location     Type
		None
 Auto vars:     Size  Location     Type
		None
 Return value:  Size  Location     Type
                  1    wreg      void 
 Registers used:
		wreg, status,2
 Tracked objects:
		On entry : 
		On exit  : 
		Unchanged: 
 Data sizes:     COMMON   BANK0   BANK1   BANK2   BANK3   BANK4   BANK5   BANK6   BANK7   BANK8   BANK9  BANK10  BANK11  BANK12
      Params:         0       0       0       0       0       0       0       0       0       0       0       0       0       0
      Locals:         0       0       0       0       0       0       0       0       0       0       0       0       0       0
      Temps:          0       0       0       0       0       0       0       0       0       0       0       0       0       0
      Totals:         0       0       0       0       0       0       0       0       0       0       0       0       0       0
Total ram usage:        0 bytes
 Hardware stack levels used:    1
 Hardware stack levels required when called:    5
 This function calls:
		Nothing
 This function is called by:
		_SYSTEM_Initialize
 This function uses a non-reentrant model


 *************** function _OSCILLATOR_Initialize *****************
 Defined at:
		line 18 in file "../src/init.c"
 Parameters:    Size  Location     Type
		None
 Auto vars:     Size  Location     Type
		None
 Return value:  Size  Location     Type
                  1    wreg      void 
 Registers used:
		wreg, status,2
 Tracked objects:
		On entry : 
		On exit  : 
		Unchanged: 
 Data sizes:     COMMON   BANK0   BANK1   BANK2   BANK3   BANK4   BANK5   BANK6   BANK7   BANK8   BANK9  BANK10  BANK11  BANK12
      Params:         0       0       0       0       0       0       0       0       0       0       0       0       0       0
      Locals:         0       0       0       0       0       0       0       0       0       0       0       0       0       0
      Temps:          0       0       0       0       0       0       0       0       0       0       0       0       0       0
      Totals:         0       0       0       0       0       0       0       0       0       0       0       0       0       0
Total ram usage:        0 bytes
 Hardware stack levels used:    1
 Hardware stack levels required when called:    5
 This function calls:
		Nothing
 This function is called by:
		_SYSTEM_Initialize
 This function uses a non-reentrant model


 *************** function _I2C_Initialize *****************
 Defined at:
		line 59 in file "../src/i2c_slave.c"
 Parameters:    Size  Location     Type
		None
 Auto vars:     Size  Location     Type
		None
 Return value:  Size  Location     Type
                  1    wreg      void 
 Registers used:
		wreg, status,2, status,0
 Tracked objects:
		On entry : 
		On exit  : 
		Unchanged: 
 Data sizes:     COMMON   BANK0   BANK1   BANK2   BANK3   BANK4   BANK5   BANK6   BANK7   BANK8   BANK9  BANK10  BANK11  BANK12
      Params:         0       0       0       0       0       0       0       0       0       0       0       0       0       0
      Locals:         0       0       0       0       0       0       0       0       0       0       0       0       0       0
      Temps:          1       0       0       0       0       0       0       0       0       0       0       0       0       0
      Totals:         1       0       0       0       0       0       0       0       0       0       0       0       0       0
Total ram usage:        1 bytes
 Hardware stack levels used:    1
 Hardware stack levels required when called:    5
 This function calls:
		Nothing
 This function is called by:
		_SYSTEM_Initialize
 This function uses a non-reentrant model


 *************** function _Datos_Initialize *****************
 Defined at:
		line 16 in file "../src/vertebra_slave.c"
 Parameters:    Size  Location     Type
		None
 Auto vars:     Size  Location     Type
		None
 Return value:  Size  Location     Type
                  1    wreg      void 
 Registers used:
		wreg
 Tracked objects:
		On entry : 
		On exit  : 
		Unchanged: 
 Data sizes:     COMMON   BANK0   BANK1   BANK2   BANK3   BANK4   BANK5   BANK6   BANK7   BANK8   BANK9  BANK10  BANK11  BANK12
      Params:         0       0       0       0       0       0       0       0       0       0       0       0       0       0
      Locals:         0       0       0       0       0       0       0       0       0       0       0       0       0       0
      Temps:          1       0       0       0       0       0       0       0       0       0       0       0       0       0
      Totals:         1       0       0       0       0       0       0       0       0       0       0       0       0       0
Total ram usage:        1 bytes
 Hardware stack levels used:    1
 Hardware stack levels required when called:    5
 This function calls:
		Nothing
 This function is called by:
		_SYSTEM_Initialize
 This function uses a non-reentrant model


 *************** function _ADC_Initialize *****************
 Defined at:
		line 7 in file "../src/adc.c"
 Parameters:    Size  Location     Type
		None
 Auto vars:     Size  Location     Type
		None
 Return value:  Size  Location     Type
                  1    wreg      void 
 Registers used:
		wreg, status,2
 Tracked objects:
		On entry : 
		On exit  : 
		Unchanged: 
 Data sizes:     COMMON   BANK0   BANK1   BANK2   BANK3   BANK4   BANK5   BANK6   BANK7   BANK8   BANK9  BANK10  BANK11  BANK12
      Params:         0       0       0       0       0       0       0       0       0       0       0       0       0       0
      Locals:         0       0       0       0       0       0       0       0       0       0       0       0       0       0
      Temps:          0       0       0       0       0       0       0       0       0       0       0       0       0       0
      Totals:         0       0       0       0       0       0       0       0       0       0       0       0       0       0
Total ram usage:        0 bytes
 Hardware stack levels used:    1
 Hardware stack levels required when called:    5
 This function calls:
		Nothing
 This function is called by:
		_SYSTEM_Initialize
 This function uses a non-reentrant model


 *************** function _Read_Ldr *****************
 Defined at:
		line 65 in file "../src/vertebra_slave.c"
 Parameters:    Size  Location     Type
		None
 Auto vars:     Size  Location     Type
  Luz2            2    0        unsigned short 
  Luz             2    0        unsigned short 
 Return value:  Size  Location     Type
                  1    wreg      void 
 Registers used:
		wreg, status,2, status,0, pclath, cstack
 Tracked objects:
		On entry : 
		On exit  : 
		Unchanged: 
 Data sizes:     COMMON   BANK0   BANK1   BANK2   BANK3   BANK4   BANK5   BANK6   BANK7   BANK8   BANK9  BANK10  BANK11  BANK12
      Params:         0       0       0       0       0       0       0       0       0       0       0       0       0       0
      Locals:         0       4       0       0       0       0       0       0       0       0       0       0       0       0
      Temps:          0       1       0       0       0       0       0       0       0       0       0       0       0       0
      Totals:         0       5       0       0       0       0       0       0       0       0       0       0       0       0
Total ram usage:        5 bytes
 Hardware stack levels used:    1
 Hardware stack levels required when called:    6
 This function calls:
		_ADC_GetConversion
 This function is called by:
		_main
 This function uses a non-reentrant model


 *************** function _ADC_GetConversion *****************
 Defined at:
		line 29 in file "../src/adc.c"
 Parameters:    Size  Location     Type
  channel         1    wreg     enum E2183
 Auto vars:     Size  Location     Type
  channel         1    1[BANK0 ] enum E2183
 Return value:  Size  Location     Type
                  2    4[COMMON] unsigned short 
 Registers used:
		wreg, status,2, status,0
 Tracked objects:
		On entry : 
		On exit  : 
		Unchanged: 
 Data sizes:     COMMON   BANK0   BANK1   BANK2   BANK3   BANK4   BANK5   BANK6   BANK7   BANK8   BANK9  BANK10  BANK11  BANK12
      Params:         2       0       0       0       0       0       0       0       0       0       0       0       0       0
      Locals:         0       1       0       0       0       0       0       0       0       0       0       0       0       0
      Temps:          0       1       0       0       0       0       0       0       0       0       0       0       0       0
      Totals:         2       2       0       0       0       0       0       0       0       0       0       0       0       0
Total ram usage:        4 bytes
 Hardware stack levels used:    1
 Hardware stack levels required when called:    5
 This function calls:
		Nothing
 This function is called by:
		_Read_Ldr
 This function uses a non-reentrant model


 *************** function _I2C_Read_Write *****************
 Defined at:
		line 76 in file "../src/vertebra_slave.c"
 Parameters:    Size  Location     Type
  data            1    wreg     unsigned char 
 Auto vars:     Size  Location     Type
  data            1    4[BANK0 ] unsigned char 
  i2c_WrData      1    5[BANK0 ] unsigned char 
 Return value:  Size  Location     Type
                  1    wreg      void 
 Registers used:
		wreg, fsr0l, fsr0h, status,2, status,0, pclath, cstack
 Tracked objects:
		On entry : 
		On exit  : 
		Unchanged: 
 Data sizes:     COMMON   BANK0   BANK1   BANK2   BANK3   BANK4   BANK5   BANK6   BANK7   BANK8   BANK9  BANK10  BANK11  BANK12
      Params:         0       0       0       0       0       0       0       0       0       0       0       0       0       0
      Locals:         0       2       0       0       0       0       0       0       0       0       0       0       0       0
      Temps:          0       2       0       0       0       0       0       0       0       0       0       0       0       0
      Totals:         0       4       0       0       0       0       0       0       0       0       0       0       0       0
Total ram usage:        4 bytes
 Hardware stack levels used:    1
 Hardware stack levels required when called:    6
 This function calls:
		_Clear_I2C_data_flag
		_Data_to_master
		_Get_I2C_data_flag
		_I2C_data_slave_flag
		_PWM1_LoadDutyValue
		_PWM2_LoadDutyValue
 This function is called by:
		_main
 This function uses a non-reentrant model


 *************** function _PWM2_LoadDutyValue *****************
 Defined at:
		line 18 in file "../src/pwm2.c"
 Parameters:    Size  Location     Type
  dutyValue       2    4[COMMON] unsigned short 
 Auto vars:     Size  Location     Type
		None
 Return value:  Size  Location     Type
                  1    wreg      void 
 Registers used:
		wreg, status,2, status,0
 Tracked objects:
		On entry : 
		On exit  : 
		Unchanged: 
 Data sizes:     COMMON   BANK0   BANK1   BANK2   BANK3   BANK4   BANK5   BANK6   BANK7   BANK8   BANK9  BANK10  BANK11  BANK12
      Params:         2       0       0       0       0       0       0       0       0       0       0       0       0       0
      Locals:         0       0       0       0       0       0       0       0       0       0       0       0       0       0
      Temps:          0       2       0       0       0       0       0       0       0       0       0       0       0       0
      Totals:         2       2       0       0       0       0       0       0       0       0       0       0       0       0
Total ram usage:        4 bytes
 Hardware stack levels used:    1
 Hardware stack levels required when called:    5
 This function calls:
		Nothing
 This function is called by:
		_I2C_Read_Write
 This function uses a non-reentrant model


 *************** function _PWM1_LoadDutyValue *****************
 Defined at:
		line 18 in file "../src/pwm1.c"
 Parameters:    Size  Location     Type
  dutyValue       2    4[COMMON] unsigned short 
 Auto vars:     Size  Location     Type
		None
 Return value:  Size  Location     Type
                  1    wreg      void 
 Registers used:
		wreg, status,2, status,0
 Tracked objects:
		On entry : 
		On exit  : 
		Unchanged: 
 Data sizes:     COMMON   BANK0   BANK1   BANK2   BANK3   BANK4   BANK5   BANK6   BANK7   BANK8   BANK9  BANK10  BANK11  BANK12
      Params:         2       0       0       0       0       0       0       0       0       0       0       0       0       0
      Locals:         0       0       0       0       0       0       0       0       0       0       0       0       0       0
      Temps:          0       2       0       0       0       0       0       0       0       0       0       0       0       0
      Totals:         2       2       0       0       0       0       0       0       0       0       0       0       0       0
Total ram usage:        4 bytes
 Hardware stack levels used:    1
 Hardware stack levels required when called:    5
 This function calls:
		Nothing
 This function is called by:
		_I2C_Read_Write
 This function uses a non-reentrant model


 *************** function _I2C_data_slave_flag *****************
 Defined at:
		line 52 in file "../src/vertebra_slave.c"
 Parameters:    Size  Location     Type
		None
 Auto vars:     Size  Location     Type
		None
 Return value:  Size  Location     Type
                  1    wreg      void 
 Registers used:
		None
 Tracked objects:
		On entry : 
		On exit  : 
		Unchanged: 
 Data sizes:     COMMON   BANK0   BANK1   BANK2   BANK3   BANK4   BANK5   BANK6   BANK7   BANK8   BANK9  BANK10  BANK11  BANK12
      Params:         0       0       0       0       0       0       0       0       0       0       0       0       0       0
      Locals:         0       0       0       0       0       0       0       0       0       0       0       0       0       0
      Temps:          0       0       0       0       0       0       0       0       0       0       0       0       0       0
[...]
  data            1    wreg     unsigned char 
 Auto vars:     Size  Location     Type
  data            1    0[COMMON] unsigned char 
 Return value:  Size  Location     Type
                  1    wreg      void 
 Registers used:
		wreg
 Tracked objects:
		On entry : 
		On exit  : 
		Unchanged: 
 Data sizes:     COMMON   BANK0   BANK1   BANK2   BANK3   BANK4   BANK5   BANK6   BANK7   BANK8   BANK9  BANK10  BANK11  BANK12
      Params:         0       0       0       0       0       0       0       0       0       0       0       0       0       0
      Locals:         1       0       0       0       0       0       0       0       0       0       0       0       0       0
      Temps:          0       0       0       0       0       0       0       0       0       0       0       0       0       0
      Totals:         1       0       0       0       0       0       0       0       0       0       0       0       0       0
Total ram usage:        1 bytes
 Hardware stack levels used:    1
 This function calls:
		Nothing
 This function is called by:
		_I2C_SlaveDefWrInterruptHandler
 This function uses a non-reentrant model


 *************** function _Get_Data_to_master *****************
 Defined at:
		line 280 in file "../src/i2c_slave.c"
 Parameters:    Size  Location     Type
		None
 Auto vars:     Size  Location     Type
		None
 Return value:  Size  Location     Type
                  1    wreg      unsigned char 
 Registers used:
		wreg
 Tracked objects:
		On entry : 
		On exit  : 
		Unchanged: 
 Data sizes:     COMMON   BANK0   BANK1   BANK2   BANK3   BANK4   BANK5   BANK6   BANK7   BANK8   BANK9  BANK10  BANK11  BANK12
      Params:         0       0       0       0       0       0       0       0       0       0       0       0       0       0
      Locals:         0       0       0       0       0       0       0       0       0       0       0       0       0       0
      Temps:          0       0       0       0       0       0       0       0       0       0       0       0       0       0
      Totals:         0       0       0       0       0       0       0       0       0       0       0       0       0       0
Total ram usage:        0 bytes
 Hardware stack levels used:    1
 This function calls:
		Nothing
 This function is called by:
		_I2C_SlaveDefWrInterruptHandler
 This function uses a non-reentrant model


 *************** function _I2C_SlaveReleaseClock *****************
 Defined at:
		line 250 in file "../src/i2c_slave.c"
 Parameters:    Size  Location     Type
		None
 Auto vars:     Size  Location     Type
		None
 Return value:  Size  Location     Type
                  1    wreg      void 
 Registers used:
		None
 Tracked objects:
		On entry : 
		On exit  : 
		Unchanged: 
 Data sizes:     COMMON   BANK0   BANK1   BANK2   BANK3   BANK4   BANK5   BANK6   BANK7   BANK8   BANK9  BANK10  BANK11  BANK12
      Params:         0       0       0       0       0       0       0       0       0       0       0       0       0       0
      Locals:         0       0       0       0       0       0       0       0       0       0       0       0       0       0
      Temps:          0       0       0       0       0       0       0       0       0       0       0       0       0       0
      Totals:         0       0       0       0       0       0       0       0       0       0       0       0       0       0
Total ram usage:        0 bytes
 Hardware stack levels used:    1
 This function calls:
		Nothing
 This function is called by:
		_I2C_Isr
 This function uses a non-reentrant model


 *************** function _I2C_SlaveRdCallBack *****************
 Defined at:
		line 152 in file "../src/i2c_slave.c"
 Parameters:    Size  Location     Type
		None
 Auto vars:     Size  Location     Type
		None
 Return value:  Size  Location     Type
                  1    wreg      void 
 Registers used:
		wreg, status,2, status,0, pclath, cstack
 Tracked objects:
		On entry : 
		On exit  : 
		Unchanged: 
 Data sizes:     COMMON   BANK0   BANK1   BANK2   BANK3   BANK4   BANK5   BANK6   BANK7   BANK8   BANK9  BANK10  BANK11  BANK12
      Params:         0       0       0       0       0       0       0       0       0       0       0       0       0       0
      Locals:         0       0       0       0       0       0       0       0       0       0       0       0       0       0
      Temps:          0       0       0       0       0       0       0       0       0       0       0       0       0       0
      Totals:         0       0       0       0       0       0       0       0       0       0       0       0       0       0
Total ram usage:        0 bytes
 Hardware stack levels used:    1
 Hardware stack levels required when called:    2
 This function calls:
		Absolute function
		_I2C_SlaveDefRdInterruptHandler
 This function is called by:
		_I2C_Isr
 This function uses a non-reentrant model


 *************** function _I2C_SlaveDefRdInterruptHandler *****************
 Defined at:
		line 159 in file "../src/i2c_slave.c"
 Parameters:    Size  Location     Type
		None
 Auto vars:     Size  Location     Type
		None
 Return value:  Size  Location     Type
                  1    wreg      void 
 Registers used:
		wreg, pclath, cstack
 Tracked objects:
		On entry : 
		On exit  : 
		Unchanged: 
 Data sizes:     COMMON   BANK0   BANK1   BANK2   BANK3   BANK4   BANK5   BANK6   BANK7   BANK8   BANK9  BANK10  BANK11  BANK12
      Params:         0       0       0       0       0       0       0       0       0       0       0       0       0       0
      Locals:         0       0       0       0       0       0       0       0       0       0       0       0       0       0
      Temps:          1       0       0       0       0       0       0       0       0       0       0       0       0       0
      Totals:         1       0       0       0       0       0       0       0       0       0       0       0       0       0
Total ram usage:        1 bytes
 Hardware stack levels used:    1
 Hardware stack levels required when called:    1
 This function calls:
		_I2C_SlaveGetRxData
 This function is called by:
		_I2C_Open
		_I2C_SlaveRdCallBack
 This function uses a non-reentrant model


 *************** function _I2C_SlaveIsTxBufEmpty *****************
 Defined at:
		line 256 in file "../src/i2c_slave.c"
 Parameters:    Size  Location     Type
		None
 Auto vars:     Size  Location     Type
		None
 Return value:  Size  Location     Type
                  1    wreg      _Bool 
 Registers used:
		wreg, status,0
 Tracked objects:
		On entry : 
		On exit  : 
		Unchanged: 
 Data sizes:     COMMON   BANK0   BANK1   BANK2   BANK3   BANK4   BANK5   BANK6   BANK7   BANK8   BANK9  BANK10  BANK11  BANK12
      Params:         0       0       0       0       0       0       0       0       0       0       0       0       0       0
      Locals:         0       0       0       0       0       0       0       0       0       0       0       0       0       0
      Temps:          0       0       0       0       0       0       0       0       0       0       0       0       0       0
      Totals:         0       0       0       0       0       0       0       0       0       0       0       0       0       0
Total ram usage:        0 bytes
 Hardware stack levels used:    1
 This function calls:
		Nothing
 This function is called by:
		_I2C_Isr
 This function uses a non-reentrant model


 *************** function _I2C_SlaveIsRxBufFull *****************
 Defined at:
		line 261 in file "../src/i2c_slave.c"
 Parameters:    Size  Location     Type
		None
 Auto vars:     Size  Location     Type
		None
 Return value:  Size  Location     Type
                  1    wreg      _Bool 
 Registers used:
		wreg, status,2, status,0
 Tracked objects:
		On entry : 
		On exit  : 
		Unchanged: 
 Data sizes:     COMMON   BANK0   BANK1   BANK2   BANK3   BANK4   BANK5   BANK6   BANK7   BANK8   BANK9  BANK10  BANK11  BANK12
      Params:         0       0       0       0       0       0       0       0       0       0       0       0       0       0
      Locals:         0       0       0       0       0       0       0       0       0       0       0       0       0       0
      Temps:          0       0       0       0       0       0       0       0       0       0       0       0       0       0
      Totals:         0       0       0       0       0       0       0       0       0       0       0       0       0       0
Total ram usage:        0 bytes
 Hardware stack levels used:    1
 This function calls:
		Nothing
 This function is called by:
		_I2C_Isr
 This function uses a non-reentrant model


 *************** function _I2C_SlaveIsRead *****************
 Defined at:
		line 240 in file "../src/i2c_slave.c"
 Parameters:    Size  Location     Type
		None
 Auto vars:     Size  Location     Type
		None
 Return value:  Size  Location     Type
                  1    wreg      _Bool 
 Registers used:
		wreg, status,2, status,0
 Tracked objects:
		On entry : 
		On exit  : 
		Unchanged: 
 Data sizes:     COMMON   BANK0   BANK1   BANK2   BANK3   BANK4   BANK5   BANK6   BANK7   BANK8   BANK9  BANK10  BANK11  BANK12
      Params:         0       0       0       0       0       0       0       0       0       0       0       0       0       0
      Locals:         0       0       0       0       0       0       0       0       0       0       0       0       0       0
      Temps:          0       0       0       0       0       0       0       0       0       0       0       0       0       0
      Totals:         0       0       0       0       0       0       0       0       0       0       0       0       0       0
Total ram usage:        0 bytes
 Hardware stack levels used:    1
 This function calls:
		Nothing
 This function is called by:
		_I2C_Isr
 This function uses a non-reentrant model


 *************** function _I2C_SlaveIsAddr *****************
 Defined at:
		line 235 in file "../src/i2c_slave.c"
 Parameters:    Size  Location     Type
		None
 Auto vars:     Size  Location     Type
		None
 Return value:  Size  Location     Type
                  1    wreg      _Bool 
 Registers used:
		wreg, status,0
 Tracked objects:
		On entry : 
		On exit  : 
		Unchanged: 
 Data sizes:     COMMON   BANK0   BANK1   BANK2   BANK3   BANK4   BANK5   BANK6   BANK7   BANK8   BANK9  BANK10  BANK11  BANK12
      Params:         0       0       0       0       0       0       0       0       0       0       0       0       0       0
      Locals:         0       0       0       0       0       0       0       0       0       0       0       0       0       0
      Temps:          0       0       0       0       0       0       0       0       0       0       0       0       0       0
      Totals:         0       0       0       0       0       0       0       0       0       0       0       0       0       0
Total ram usage:        0 bytes
 Hardware stack levels used:    1
 This function calls:
		Nothing
 This function is called by:
		_I2C_Isr
 This function uses a non-reentrant model


 *************** function _I2C_SlaveClearIrq *****************
 Defined at:
		line 245 in file "../src/i2c_slave.c"
 Parameters:    Size  Location     Type
		None
 Auto vars:     Size  Location     Type
		None
 Return value:  Size  Location     Type
                  1    wreg      void 
 Registers used:
		None
 Tracked objects:
		On entry : 
		On exit  : 
		Unchanged: 
 Data sizes:     COMMON   BANK0   BANK1   BANK2   BANK3   BANK4   BANK5   BANK6   BANK7   BANK8   BANK9  BANK10  BANK11  BANK12
      Params:         0       0       0       0       0       0       0       0       0       0       0       0       0       0
      Locals:         0       0       0       0       0       0       0       0       0       0       0       0       0       0
      Temps:          0       0       0       0       0       0       0       0       0       0       0       0       0       0
      Totals:         0       0       0       0       0       0       0       0       0       0       0       0       0       0
Total ram usage:        0 bytes
 Hardware stack levels used:    1
 This function calls:
		Nothing
 This function is called by:
		_I2C_Isr
 This function uses a non-reentrant model


 *************** function _I2C_SlaveAddrCallBack *****************
 Defined at:
		line 186 in file "../src/i2c_slave.c"
 Parameters:    Size  Location     Type
		None
 Auto vars:     Size  Location     Type
		None
 Return value:  Size  Location     Type
                  1    wreg      void 
 Registers used:
		wreg, status,2, status,0, pclath, cstack
 Tracked objects:
		On entry : 
		On exit  : 
		Unchanged: 
 Data sizes:     COMMON   BANK0   BANK1   BANK2   BANK3   BANK4   BANK5   BANK6   BANK7   BANK8   BANK9  BANK10  BANK11  BANK12
      Params:         0       0       0       0       0       0       0       0       0       0       0       0       0       0
      Locals:         0       0       0       0       0       0       0       0       0       0       0       0       0       0
      Temps:          0       0       0       0       0       0       0       0       0       0       0       0       0       0
      Totals:         0       0       0       0       0       0       0       0       0       0       0       0       0       0
Total ram usage:        0 bytes
 Hardware stack levels used:    1
 Hardware stack levels required when called:    2
 This function calls:
		Absolute function
		_I2C_SlaveDefAddrInterruptHandler
 This function is called by:
		_I2C_Isr
 This function uses a non-reentrant model


 *************** function _I2C_SlaveDefAddrInterruptHandler *****************
 Defined at:
		line 193 in file "../src/i2c_slave.c"
 Parameters:    Size  Location     Type
		None
 Auto vars:     Size  Location     Type
		None
 Return value:  Size  Location     Type
                  1    wreg      void 
 Registers used:
		wreg, pclath, cstack
 Tracked objects:
		On entry : 
		On exit  : 
		Unchanged: 
 Data sizes:     COMMON   BANK0   BANK1   BANK2   BANK3   BANK4   BANK5   BANK6   BANK7   BANK8   BANK9  BANK10  BANK11  BANK12
      Params:         0       0       0       0       0       0       0       0       0       0       0       0       0       0
      Locals:         0       0       0       0       0       0       0       0       0       0       0       0       0       0
      Temps:          1       0       0       0       0       0       0       0       0       0       0       0       0       0
      Totals:         1       0       0       0       0       0       0       0       0       0       0       0       0       0
Total ram usage:        1 bytes
 Hardware stack levels used:    1
 Hardware stack levels required when called:    1
 This function calls:
		_I2C_SlaveGetRxData
 This function is called by:
		_I2C_Open
		_I2C_SlaveAddrCallBack
 This function uses a non-reentrant model


 *************** function _I2C_SlaveGetRxData *****************
 Defined at:
		line 271 in file "../src/i2c_slave.c"
 Parameters:    Size  Location     Type
		None
 Auto vars:     Size  Location     Type
		None
 Return value:  Size  Location     Type
                  1    wreg      unsigned char 
 Registers used:
		wreg
 Tracked objects:
		On entry : 
		On exit  : 
		Unchanged: 
 Data sizes:     COMMON   BANK0   BANK1   BANK2   BANK3   BANK4   BANK5   BANK6   BANK7   BANK8   BANK9  BANK10  BANK11  BANK12
      Params:         0       0       0       0       0       0       0       0       0       0       0       0       0       0
      Locals:         0       0       0       0       0       0       0       0       0       0       0       0       0       0
      Temps:          0       0       0       0       0       0       0       0       0       0       0       0       0       0
      Totals:         0       0       0       0       0       0       0       0       0       0       0       0       0       0
Total ram usage:        0 bytes
 Hardware stack levels used:    1
 This function calls:
		Nothing
 This function is called by:
		_I2C_Isr
		_I2C_SlaveDefRdInterruptHandler
		_I2C_SlaveDefAddrInterruptHandler
 This function uses a non-reentrant model



MODULE INFORMATION

Module		Function		Class		Link	Load	Size
../src/tmr1.c
		_TMR1_Initialize		CODE           	0208	0000	25
		_TMR1_SetInterruptHandler		CODE           	0309	0000	7
		_TMR1_WriteTimer		CODE           	024B	0000	18
		_TMR1_ISR      		CODE           	0220	0000	23

../src/tmr1.c estimated size: 73

../src/pwm1.c
		_PWM1_Initialize		CODE           	02DD	0000	9
		_PWM1_LoadDutyValue		CODE           	01EF	0000	26

../src/pwm1.c estimated size: 35

../src/interrupt_manager.c
		_INTERRUPT_InterruptManager		CODE           	0004	0000	50

../src/interrupt_manager.c estimated size: 50

../src/tmr2.c
		_TMR2_Initialize		CODE           	02CD	0000	9

../src/tmr2.c estimated size: 9

../src/pwm2.c
		_PWM2_Initialize		CODE           	02D5	0000	9
		_PWM2_LoadDutyValue		CODE           	01D6	0000	26

../src/pwm2.c estimated size: 35

../src/pin_manager.c
		_PIN_MANAGER_Initialize		CODE           	0236	0000	22

../src/pin_manager.c estimated size: 22

shared
		__initialization		CODE           	0037	0000	13

shared estimated size: 13

../src/i2c_slave.c
		_I2C_SlaveDefRdInterruptHandler		CODE           	02E5	0000	9
		_I2C_SlaveDefWrInterruptHandler		CODE           	029E	0000	12
		_I2C_SlaveSetWrColIntHandler		CODE           	031B	0000	7
		_Data_to_master		CODE           	030F	0000	7
		_I2C_SlaveSetWriteIntHandler		CODE           	0315	0000	7
		_I2C_SlaveOpen 		CODE           	026A	0000	14
		_I2C_SlaveSetSlaveAddr		CODE           	0338	0000	6
		_I2C_SlaveIsRxBufFull		CODE           	034F	0000	5
		_I2C_SlaveClearIrq		CODE           	036B	0000	4
		_I2C_SlaveGetRxData		CODE           	036E	0000	4
		_I2C_SlaveSetSlaveMask		CODE           	0333	0000	6
		_I2C_Isr       		CODE           	0047	0000	120
		_I2C_SlaveDefAddrInterruptHandler		CODE           	02ED	0000	9
		_I2C_Open      		CODE           	011F	0000	51
		_I2C_SlaveIsRead		CODE           	0342	0000	6
		_I2C_SlaveSetIsrHandler		CODE           	0327	0000	7
		_I2C_SlaveIsAddr		CODE           	02FC	0000	8
		_I2C_SlaveEnableIrq		CODE           	0359	0000	4
		_Get_Data_to_master		CODE           	0375	0000	3
		_I2C_SlaveSendTxData		CODE           	033D	0000	6
		_I2C_SlaveRdCallBack		CODE           	0284	0000	14
		_I2C_SlaveWrCallBack		CODE           	0277	0000	14
		_I2C_SlaveSetReadIntHandler		CODE           	0321	0000	7
		_I2C_SlaveAddrCallBack		CODE           	0291	0000	14
		_I2C_Initialize		CODE           	02B2	0000	10
		_I2C_SlaveIsTxBufEmpty		CODE           	02F5	0000	8
		_I2C_SlaveSetAddrIntHandler		CODE           	032D	0000	7
		_I2C_SlaveReleaseClock		CODE           	0368	0000	4

../src/i2c_slave.c estimated size: 373

../src/init.c
		_WDT_Initialize		CODE           	0347	0000	5
		_OSCILLATOR_Initialize		CODE           	02A9	0000	10
		_SYSTEM_Initialize		CODE           	019C	0000	32

../src/init.c estimated size: 47

../src/main.c
		_main          		CODE           	0151	0000	43

../src/main.c estimated size: 43

../src/adc.c
		_ADC_Initialize		CODE           	02BB	0000	10
		_ADC_GetConversion		CODE           	01BB	0000	28

../src/adc.c estimated size: 38

../src/vertebra_slave.c
		_Get_I2C_reg   		CODE           	035F	0000	4
		_Clear_I2C_data_flag		CODE           	0356	0000	4
		_Get_I2C_reg_flag		CODE           	035C	0000	4
		_I2C_data_slave_flag		CODE           	034B	0000	5
		_I2C_reg_Slave_InterruptHandler		CODE           	02C4	0000	10
		_Read_Ldr      		CODE           	017B	0000	34
		_Get_I2C_data_flag		CODE           	0353	0000	4
		_Datos_Initialize		CODE           	025C	0000	15
		_Clear_TMR1_flag		CODE           	0373	0000	3
		_Get_TMR1_flag 		CODE           	0371	0000	3
		_Clear_I2C_reg_flag		CODE           	0362	0000	4
		_TMR1_Slave_InterruptHandler		CODE           	0365	0000	4
		_I2C_Read_Write		CODE           	00BE	0000	98

../src/vertebra_slave.c estimated size: 192

