Microchip MPLAB XC8 Compiler V2.20

Linker command line:

-W-3 --edf=C:\Program Files\Microchip\xc8\v2.20\pic\dat\en_msgs.txt -cn \
  -h+dist/default/production\Tesis_Master_LDR.X.production.sym \
  --cmf=dist/default/production\Tesis_Master_LDR.X.production.cmf -z \
  -Q16F1455 -oC:\Users\julio\AppData\Local\Temp\s3ls.3 \
  --defsym=__MPLAB_BUILD=1 \
  -Mdist/default/production/Tesis_Master_LDR.X.production.map -E1 \
  -ver=XC8 Compiler --acfsm=1493 -ASTACK=0203Fh-023EFh -pstack=STACK \
  -ACODE=00h-07FFhx4 -ASTRCODE=00h-01FFFh -ASTRING=00h-0FFhx32 \
  -ACONST=00h-0FFhx32 -AENTRY=00h-0FFhx32 -ACOMMON=070h-07Fh \
  -ABANK0=020h-06Fh -ABANK1=0A0h-0EFh -ABANK2=0120h-016Fh \
  -ABANK3=01A0h-01EFh -ABANK4=0220h-026Fh -ABANK5=02A0h-02EFh \
  -ABANK6=0320h-036Fh -ABANK7=03A0h-03EFh -ABANK8=0420h-046Fh \
  -ABANK9=04A0h-04EFh -ABANK10=0520h-056Fh -ABANK11=05A0h-05EFh \
  -ABANK12=0620h-064Fh -ABIGRAM=02000h-023EFh \
  -ARAM=020h-06Fh,0A0h-0EFh,0120h-016Fh,01A0h-01EFh,0220h-026Fh,02A0h-02EFh,0320h-036Fh,03A0h-03EFh,0420h-046Fh,04A0h-04EFh,0520h-056Fh,05A0h-05EFh,0620h-064Fh \
  -AABS1=020h-07Fh,0A0h-0EFh,0120h-016Fh,01A0h-01EFh,0220h-026Fh,02A0h-02EFh,0320h-036Fh,03A0h-03EFh,0420h-046Fh,04A0h-04EFh,0520h-056Fh,05A0h-05EFh,0620h-064Fh \
  -ASFR0=00h-01Fh -ASFR1=080h-09Fh -ASFR2=0100h-011Fh -ASFR3=0180h-019Fh \
  -ASFR4=0200h-021Fh -ASFR5=0280h-029Fh -ASFR6=0300h-031Fh \
  -ASFR7=0380h-039Fh -ASFR8=0400h-041Fh -ASFR9=0480h-049Fh \
  -ASFR10=0500h-051Fh -ASFR11=0580h-059Fh -ASFR12=0600h-061Fh \
  -ASFR13=0680h-06EFh -ASFR14=0700h-076Fh -ASFR15=0780h-07EFh \
  -ASFR16=0800h-086Fh -ASFR17=0880h-08EFh -ASFR18=0900h-096Fh \
  -ASFR19=0980h-09EFh -ASFR20=0A00h-0A6Fh -ASFR21=0A80h-0AEFh \
  -ASFR22=0B00h-0B6Fh -ASFR23=0B80h-0BEFh -ASFR24=0C00h-0C6Fh \
  -ASFR25=0C80h-0CEFh -ASFR26=0D00h-0D6Fh -ASFR27=0D80h-0DEFh \
  -ASFR28=0E00h-0E6Fh -ASFR29=0E80h-0EEFh -ASFR30=0F00h-0F6Fh \
  -ASFR31=0F80h-0FEFh -ACONFIG=08007h-08008h -DCONFIG=2 \
  -AIDLOC=08000h-08003h -DIDLOC=2 \
  -preset_vec=00h,intentry=04h,init,end_init -ppowerup=CODE -pcinit=CODE \
  -pfunctab=ENTRY -DCODE=2 -DSTRCODE=2 -DSTRING=2 -DCONST=2 -DENTRY=2 -k \
  C:\Users\julio\AppData\Local\Temp\s3ls.o \
  dist/default/production\Tesis_Master_LDR.X.production.o 

Object code version is 3.11

Machine type is 16F1455



                Name                               Link     Load   Length Selector   Space Scale
C:\Users\julio\AppData\Local\Temp\s3ls.o
                end_init                             19       19        2        8       0
                reset_vec                             0        0        2        0       0
                config                             8007     8007        2        0       4
dist/default/production\Tesis_Master_LDR.X.production.o
                cinit                                1B       1B       1A        8       0
                intentry                              4        4       15        8       0
                config                             8007     8007        2        0       4
                text62                              4D6      4D6        3      5EE       0
                text61                              3CC      3CC       11      5EE       0
                text60                              37D      37D       16      5EE       0
                text58                              4DF      4DF        2      5EE       0
                text57                              4DD      4DD        2      5EE       0
                text56                              4D3      4D3        3      5EE       0
                text55                              4D0      4D0        3      5EE       0
                text54                              4CD      4CD        3      5EE       0
                text53                              333      333       1C      5EE       0
                text52                              4CA      4CA        3      5EE       0
                text51                              4C7      4C7        3      5EE       0
                text50                              4C4      4C4        3      5EE       0
                text49                              3ED      3ED       10      5EE       0
                text48                              2B1      2B1       26        8       0
                text47                              40B      40B        E      5EE       0
                text46                              3BA      3BA       12      5EE       0
                text45                              4DB      4DB        2      5EE       0
                text44                              4D9      4D9        2      5EE       0
                text43                              3A8      3A8       12      5EE       0
                text42                              4C1      4C1        3      5EE       0
                text41                              4B4      4B4        4      5EE       0
                text40                              4BE      4BE        3      5EE       0
                text39                              4B0      4B0        4      5EE       0
                text38                              4A7      4A7        5      5EE       0
                text37                              46F      46F        6      5EE       0
                text36                              4BB      4BB        3      5EE       0
                text35                              22B      22B       2F        8       0
                text34                              4A2      4A2        5      5EE       0
                text33                              445      445        9      5EE       0
                text32                              44E      44E        8      5EE       0
                text31                               ED       ED       55        8       0
                text30                              142      142       46        8       0
                text29                              456      456        7      5EE       0
                text28                              49D      49D        5      5EE       0
                text27                              498      498        5      5EE       0
                text26                              493      493        5      5EE       0
                text25                              48E      48E        5      5EE       0
                text24                              489      489        5      5EE       0
                text23                              484      484        5      5EE       0
                text22                              47F      47F        5      5EE       0
                text21                              47A      47A        5      5EE       0
                text20                              25A      25A       2C        8       0
                text19                              286      286       2B        8       0
                text18                              469      469        6      5EE       0
                text17                              426      426        D      5EE       0
                text16                              2F7      2F7       1F      5EE       0
                text15                              475      475        5      5EE       0
                text14                              419      419        D      5EE       0
                text13                              188      188       3A        8       0
                text12                              3FD      3FD        E      5EE       0
                text11                              1C2      1C2       36        8       0
                text10                              1F8      1F8       33        8       0
                text9                                35       35       B8        8       0
                text8                               316      316       1D      5EE       0
                text7                               43C      43C        9      5EE       0
                text6                               433      433        9      5EE       0
                text5                               393      393       15      5EE       0
                text4                               463      463        6      5EE       0
                text3                               34F      34F       18      5EE       0
                text2                               4AC      4AC        4      5EE       0
                text1                               3DD      3DD       10      5EE       0
                maintext                            367      367       16      5EE       0
                cstackBANK0                          41       41       17       20       1
                cstackCOMMON                         70       70        A       70       1
                clrtext                             45D      45D        6      5EE       0
                dataBANK0                            5C       5C        3       20       1
                bssBANK0                             20       20       21       20       1
                bssCOMMON                            7A       7A        2       70       1
                nvBANK0                              58       58        4       20       1
                stringtext1                         2D7      2D7       20      5AE       0
                idataBANK0                          4B8      4B8        3      5EE       0

TOTAL           Name                               Link     Load   Length     Space
        CLASS   STACK          

        CLASS   CODE           
                end_init                             19       19        2         0
                cinit                                1B       1B       1A         0
                intentry                              4        4       15         0
                reset_vec                             0        0        2         0
                text62                              4D6      4D6        3         0
                text61                              3CC      3CC       11         0
                text60                              37D      37D       16         0
                text58                              4DF      4DF        2         0
                text57                              4DD      4DD        2         0
                text56                              4D3      4D3        3         0
                text55                              4D0      4D0        3         0
                text54                              4CD      4CD        3         0
                text53                              333      333       1C         0
                text52                              4CA      4CA        3         0
                text51                              4C7      4C7        3         0
                text50                              4C4      4C4        3         0
                text49                              3ED      3ED       10         0
                text48                              2B1      2B1       26         0
                text47                              40B      40B        E         0
                text46                              3BA      3BA       12         0
                text45                              4DB      4DB        2         0
                text44                              4D9      4D9        2         0
                text43                              3A8      3A8       12         0
                text42                              4C1      4C1        3         0
                text41                              4B4      4B4        4         0
                text40                              4BE      4BE        3         0
                text39                              4B0      4B0        4         0
                text38                              4A7      4A7        5         0
                text37                              46F      46F        6         0
                text36                              4BB      4BB        3         0
                text35                              22B      22B       2F         0
                text34                              4A2      4A2        5         0
                text33                              445      445        9         0
                text32                              44E      44E        8         0
                text31                               ED       ED       55         0
                text30                              142      142       46         0
                text29                              456      456        7         0
                text28                              49D      49D        5         0
                text27                              498      498        5         0
                text26                              493      493        5         0
                text25                              48E      48E        5         0
                text24                              489      489        5         0
                text23                              484      484        5         0
                text22                              47F      47F        5         0
                text21                              47A      47A        5         0
                text20                              25A      25A       2C         0
                text19                              286      286       2B         0
                text18                              469      469        6         0
                text17                              426      426        D         0
                text16                              2F7      2F7       1F         0
                text15                              475      475        5         0
                text14                              419      419        D         0
                text13                              188      188       3A         0
                text12                              3FD      3FD        E         0
                text11                              1C2      1C2       36         0
                text10                              1F8      1F8       33         0
                text9                                35       35       B8         0
                text8                               316      316       1D         0
                text7                               43C      43C        9         0
                text6                               433      433        9         0
                text5                               393      393       15         0
                text4                               463      463        6         0
                text3                               34F      34F       18         0
                text2                               4AC      4AC        4         0
                text1                               3DD      3DD       10         0
                maintext                            367      367       16         0
                clrtext                             45D      45D        6         0
                idataBANK0                          4B8      4B8        3         0

        CLASS   STRCODE        
                stringtext1                         2D7      2D7       20         0

        CLASS   STRING         

        CLASS   CONST          

        CLASS   ENTRY          

        CLASS   COMMON         
                cstackCOMMON                         70       70        A         1
                bssCOMMON                            7A       7A        2         1

        CLASS   BANK0          
                cstackBANK0                          41       41       17         1
                dataBANK0                            5C       5C        3         1
                bssBANK0                             20       20       21         1
                nvBANK0                              58       58        4         1

        CLASS   BANK1          

        CLASS   BANK2          

        CLASS   BANK3          

        CLASS   BANK4          

        CLASS   BANK5          

        CLASS   BANK6          

        CLASS   BANK7          

        CLASS   BANK8          

        CLASS   BANK9          

        CLASS   BANK10         

        CLASS   BANK11         

        CLASS   BANK12         

        CLASS   BIGRAM         

        CLASS   RAM            

        CLASS   ABS1           
                abs_s1                               7E       7E        2         1

        CLASS   SFR0           

        CLASS   SFR1           

        CLASS   SFR2           

        CLASS   SFR3           

        CLASS   SFR4           

        CLASS   SFR5           

        CLASS   SFR6           

        CLASS   SFR7           

        CLASS   SFR8           

        CLASS   SFR9           

        CLASS   SFR10          

        CLASS   SFR11          

        CLASS   SFR12          

        CLASS   SFR13          

        CLASS   SFR14          

        CLASS   SFR15          

        CLASS   SFR16          

        CLASS   SFR17          

        CLASS   SFR18          

        CLASS   SFR19          

        CLASS   SFR20          

        CLASS   SFR21          

        CLASS   SFR22          

        CLASS   SFR23          

        CLASS   SFR24          

        CLASS   SFR25          

        CLASS   SFR26          

        CLASS   SFR27          

        CLASS   SFR28          

        CLASS   SFR29          

        CLASS   SFR30          

        CLASS   SFR31          

        CLASS   CONFIG         
                config                             8007     8007        2         4

        CLASS   IDLOC          

        CLASS   BANK31         

        CLASS   BANK30         

        CLASS   BANK29         

        CLASS   BANK28         

        CLASS   BANK27         

        CLASS   BANK26         

        CLASS   BANK25         

        CLASS   BANK24         

        CLASS   BANK23         

        CLASS   BANK22         

        CLASS   BANK21         

        CLASS   BANK20         

        CLASS   BANK19         

        CLASS   BANK18         

        CLASS   BANK17         

        CLASS   BANK16         

        CLASS   BANK15         

        CLASS   BANK14         

        CLASS   BANK13         

        CLASS   EEDATA         



SEGMENTS        Name                           Load    Length   Top    Selector   Space  Class     Delta

                reset_vec                      000000  000002  000002         0       0  CODE        2
                intentry                       000004  0002D3  0002D7         8       0  CODE        2
                bssBANK0                       000020  00003F  00005F        20       1  BANK0       1
                cstackCOMMON                   000070  00000C  00007C        70       1  COMMON      1
                stringtext1                    0002D7  000020  0002F7       5AE       0  STRCODE     2
                text16                         0002F7  0001EA  0004E1       5EE       0  CODE        2


UNUSED ADDRESS RANGES

        Name                Unused          Largest block    Delta
        BANK0            0005F-0006F              11           1
        BANK1            000A0-000EF              50           1
        BANK10           00520-0056F              50           1
        BANK11           005A0-005EF              50           1
        BANK12           00620-0064F              30           1
        BANK2            00120-0016F              50           1
        BANK3            001A0-001EF              50           1
        BANK4            00220-0026F              50           1
        BANK5            002A0-002EF              50           1
        BANK6            00320-0036F              50           1
        BANK7            003A0-003EF              50           1
        BANK8            00420-0046F              50           1
        BANK9            004A0-004EF              50           1
        BIGRAM           02000-023EF             3F0           1
        CODE             00002-00003               2           2
                         004E1-01FFF             800
        COMMON           0007C-0007D               2           1
        CONST            00002-00003               2           2
                         004E1-01FFF             100
        ENTRY            00002-00003               2           2
                         004E1-01FFF             100
        IDLOC            08000-08003               4           2
        RAM              0005F-0006F              11           1
                         000A0-000EF              50
                         00120-0016F              50
                         001A0-001EF              50
                         00220-0026F              50
                         002A0-002EF              50
                         00320-0036F              50
                         003A0-003EF              50
                         00420-0046F              50
                         004A0-004EF              50
                         00520-0056F              50
                         005A0-005EF              50
                         00620-0064F              30
        SFR0             00000-0001F              20           1
        SFR1             00080-0009F              20           1
        SFR10            00500-0051F              20           1
        SFR11            00580-0059F              20           1
        SFR12            00600-0061F              20           1
        SFR13            00680-006EF              70           1
        SFR14            00700-0076F              70           1
        SFR15            00780-007EF              70           1
        SFR16            00800-0086F              70           1
        SFR17            00880-008EF              70           1
        SFR18            00900-0096F              70           1
        SFR19            00980-009EF              70           1
        SFR2             00100-0011F              20           1
        SFR20            00A00-00A6F              70           1
        SFR21            00A80-00AEF              70           1
        SFR22            00B00-00B6F              70           1
        SFR23            00B80-00BEF              70           1
        SFR24            00C00-00C6F              70           1
        SFR25            00C80-00CEF              70           1
        SFR26            00D00-00D6F              70           1
        SFR27            00D80-00DEF              70           1
        SFR28            00E00-00E6F              70           1
        SFR29            00E80-00EEF              70           1
        SFR3             00180-0019F              20           1
        SFR30            00F00-00F6F              70           1
        SFR31            00F80-00FEF              70           1
        SFR4             00200-0021F              20           1
        SFR5             00280-0029F              20           1
        SFR6             00300-0031F              20           1
        SFR7             00380-0039F              20           1
        SFR8             00400-0041F              20           1
        SFR9             00480-0049F              20           1
        STACK            0203F-023EF             3B1           1
        STRCODE          00002-00003               2           2
                         004E1-01FFF            1B1F
        STRING           00002-00003               2           2
                         004E1-01FFF             100

                                  Symbol Table

I2C_Close@returnValue                     cstackCOMMON 00073
I2C_MasterOperation@read                  cstackBANK0  00041
I2C_MasterOperation@returnValue           cstackBANK0  00042
I2C_MasterSendTxData@data                 cstackCOMMON 00072
I2C_Open@address                          cstackCOMMON 00073
I2C_Open@returnValue                      cstackCOMMON 00074
I2C_Read1ByteRegister@address             cstackBANK0  00045
I2C_Read1ByteRegister@reg                 cstackBANK0  00043
I2C_Read1ByteRegister@returnValue         cstackBANK0  00046
I2C_SetAddressNackCallback@cb             cstackCOMMON 00077
I2C_SetAddressNackCallback@ptr            cstackCOMMON 00079
I2C_SetBuffer@buffer                      cstackCOMMON 00075
I2C_SetBuffer@bufferSize                  cstackCOMMON 00072
I2C_SetCallback@cb                        cstackCOMMON 00072
I2C_SetCallback@idx                       cstackCOMMON 00076
I2C_SetCallback@ptr                       cstackCOMMON 00074
I2C_SetDataCompleteCallback@cb            cstackCOMMON 00077
I2C_SetDataCompleteCallback@ptr           cstackCOMMON 00079
I2C_Write1ByteRegister@address            cstackBANK0  00046
I2C_Write1ByteRegister@data               cstackBANK0  00044
I2C_Write1ByteRegister@reg                cstackBANK0  00043
Read_All_Slave_Sensors@n                  cstackBANK0  00056
Read_Slave_Sensors@esclavo                cstackBANK0  00054
Read_Slave_Sensors@valor1                 cstackBANK0  0004C
Read_Slave_Sensors@valor2                 cstackBANK0  0004D
Read_Slave_Sensors@valor3                 cstackBANK0  0004E
Read_Slave_Sensors@valor4                 cstackBANK0  0004F
Read_Slave_Sensors@valorLuz               cstackBANK0  00050
Read_Slave_Sensors@valorLuz2              cstackBANK0  00052
TMR1_SetInterruptHandler@InterruptHandler cstackCOMMON 00072
TMR1_WriteTimer@timerVal                  cstackCOMMON 00070
_ACTCON                                   (abs)        0039B
_ANSELA                                   (abs)        0018C
_ANSELC                                   (abs)        0018E
_APFCON                                   (abs)        0011D
_BORCON                                   (abs)        00116
_Clear_Master_TMR1_flag                   text58       004DF
_Get_Master_TMR1_flag                     text57       004DD
_I2C_CallbackReturnReset                  text44       004D9
_I2C_CallbackReturnStop                   text45       004DB
_I2C_Close                                text53       00333
_I2C_DO_ADDRESS_NACK                      text20       0025A
_I2C_DO_IDLE                              text34       004A2
_I2C_DO_RCEN                              text29       00456
_I2C_DO_RESET                             text21       0047A
_I2C_DO_RX                                text30       00142
_I2C_DO_RX_ACK                            text24       00489
_I2C_DO_RX_NACK_RESTART                   text22       0047F
_I2C_DO_RX_NACK_STOP                      text23       00484
_I2C_DO_SEND_ADR_READ                     text33       00445
_I2C_DO_SEND_ADR_WRITE                    text32       0044E
_I2C_DO_SEND_RESTART                      text26       00493
_I2C_DO_SEND_RESTART_READ                 text28       0049D
_I2C_DO_SEND_RESTART_WRITE                text27       00498
_I2C_DO_SEND_STOP                         text25       0048E
_I2C_DO_TX                                text31       000ED
_I2C_DO_TX_EMPTY                          text35       0022B
_I2C_Initialize                           text7        0043C
_I2C_MasterClearIrq                       text56       004D3
_I2C_MasterClose                          text55       004D0
_I2C_MasterDisableIrq                     text54       004CD
_I2C_MasterEnableRestart                  text51       004C7
_I2C_MasterFsm                            text19       00286
_I2C_MasterGetRxData                      text40       004BE
_I2C_MasterIsNack                         text37       0046F
_I2C_MasterOpen                           text14       00419
_I2C_MasterOperation                      text16       002F7
_I2C_MasterSendAck                        text39       004B0
_I2C_MasterSendNack                       text41       004B4
_I2C_MasterSendTxData                     text38       004A7
_I2C_MasterSetIrq                         text36       004BB
_I2C_MasterStart                          text52       004CA
_I2C_MasterStartRx                        text42       004C1
_I2C_MasterStop                           text50       004C4
_I2C_MasterWaitForEvent                   text18       00469
_I2C_MasterWrite                          text15       00475
_I2C_Open                                 text13       00188
_I2C_Poller                               text17       00426
_I2C_Read1ByteRegister                    text11       001C2
_I2C_SetAddressNackCallback               text12       003FD
_I2C_SetBuffer                            text49       003ED
_I2C_SetCallback                          text48       002B1
_I2C_SetDataCompleteCallback              text47       0040B
_I2C_Status                               bssBANK0     00020
_I2C_Write1ByteRegister                   text10       001F8
_INTCONbits                               (abs)        0000B
_INTERRUPT_InterruptManager               intentry     00004
_LATA                                     (abs)        0010C
_LATC                                     (abs)        0010E
_OPTION_REGbits                           (abs)        00095
_OSCCON                                   (abs)        00099
_OSCILLATOR_Initialize                    text6        00433
_OSCTUNE                                  (abs)        00098
_PIE1bits                                 (abs)        00091
_PIN_MANAGER_Initialize                   text5        00393
_PIR1bits                                 (abs)        00011
_Read_All_Slave_Sensors                   text8        00316
_Read_Slave_Sensors                       text9        00035
_SSP1ADD                                  (abs)        00212
_SSP1BUF                                  (abs)        00211
_SSP1CON1                                 (abs)        00215
_SSP1CON1bits                             (abs)        00215
_SSP1CON2                                 (abs)        00216
_SSP1CON2bits                             (abs)        00216
_SSP1STAT                                 (abs)        00214
_SYSTEM_Initialize                        text1        003DD
_T1CON                                    (abs)        00018
_T1CONbits                                (abs)        00018
_T1GCON                                   (abs)        00019
_TMR1H                                    (abs)        00017
_TMR1L                                    (abs)        00016
_TMR1_ISR                                 text60       0037D
_TMR1_Initialize                          text3        0034F
_TMR1_InterruptHandler                    nvBANK0      00058
_TMR1_Master_InterruptHandler             text62       004D6
_TMR1_SetInterruptHandler                 text4        00463
_TMR1_WriteTimer                          text61       003CC
_TRISA                                    (abs)        0008C
_TRISC                                    (abs)        0008E
_WDTCON                                   (abs)        00097
_WDT_Initialize                           text2        004AC
_WPUA                                     (abs)        0020C
__Habs1                                   abs1         00000
__Hbank0                                  bank0        00000
__Hbank1                                  bank1        00000
__Hbank10                                 bank10       00000
__Hbank11                                 bank11       00000
__Hbank12                                 bank12       00000
__Hbank13                                 bank13       00000
__Hbank14                                 bank14       00000
__Hbank15                                 bank15       00000
__Hbank16                                 bank16       00000
__Hbank17                                 bank17       00000
__Hbank18                                 bank18       00000
__Hbank19                                 bank19       00000
__Hbank2                                  bank2        00000
__Hbank20                                 bank20       00000
__Hbank21                                 bank21       00000
__Hbank22                                 bank22       00000
__Hbank23                                 bank23       00000
__Hbank24                                 bank24       00000
__Hbank25                                 bank25       00000
__Hbank26                                 bank26       00000
__Hbank27                                 bank27       00000
__Hbank28                                 bank28       00000
__Hbank29                                 bank29       00000
__Hbank3                                  bank3        00000
__Hbank30                                 bank30       00000
__Hbank31                                 bank31       00000
__Hbank4                                  bank4        00000
__Hbank5                                  bank5        00000
__Hbank6                                  bank6        00000
__Hbank7                                  bank7        00000
__Hbank8                                  bank8        00000
__Hbank9                                  bank9        00000
__Hbigram                                 bigram       00000
__HbssBANK0                               bssBANK0     00000
__HbssCOMMON                              bssCOMMON    00000
__Hcinit                                  cinit        00035
__Hclrtext                                clrtext      00000
__Hcode                                   code         00000
__Hcommon                                 common       00000
__Hconfig                                 config       08009
__HcstackBANK0                            cstackBANK0  00000
__HcstackCOMMON                           cstackCOMMON 00000
__HdataBANK0                              dataBANK0    00000
__Heeprom_data                            eeprom_data  00000
__Hend_init                               end_init     0001B
__Hfunctab                                functab      00000
__HidataBANK0                             idataBANK0   00000
__Hinit                                   init         00019
__Hintentry                               intentry     00019
__Hmaintext                               maintext     00000
__HnvBANK0                                nvBANK0      00000
__Hpowerup                                powerup      00000
__Hram                                    ram          00000
__Hreset_vec                              reset_vec    00002
__Hsfr0                                   sfr0         00000
__Hsfr1                                   sfr1         00000
__Hsfr10                                  sfr10        00000
__Hsfr11                                  sfr11        00000
__Hsfr12                                  sfr12        00000
__Hsfr13                                  sfr13        00000
__Hsfr14                                  sfr14        00000
__Hsfr15                                  sfr15        00000
__Hsfr16                                  sfr16        00000
__Hsfr17                                  sfr17        00000
__Hsfr18                                  sfr18        00000
__Hsfr19                                  sfr19        00000
__Hsfr2                                   sfr2         00000
__Hsfr20                                  sfr20        00000
__Hsfr21                                  sfr21        00000
__Hsfr22                                  sfr22        00000
__Hsfr23                                  sfr23        00000
__Hsfr24                                  sfr24        00000
__Hsfr25                                  sfr25        00000
__Hsfr26                                  sfr26        00000
__Hsfr27                                  sfr27        00000
__Hsfr28                                  sfr28        00000
__Hsfr29                                  sfr29        00000
__Hsfr3                                   sfr3         00000
__Hsfr30                                  sfr30        00000
__Hsfr31                                  sfr31        00000
__Hsfr4                                   sfr4         00000
__Hsfr5                                   sfr5         00000
__Hsfr6                                   sfr6         00000
__Hsfr7                                   sfr7         00000
__Hsfr8                                   sfr8         00000
__Hsfr9                                   sfr9         00000
__Hspace_0                                (abs)        004E1
__Hspace_1                                (abs)        0007C
__Hspace_2                                (abs)        00000
__Hspace_3                                (abs)        00000
__Hspace_4                                (abs)        10010
__Hstack                                  stack        00000
__Hstrings                                strings      00000
__Hstringtext1                            stringtext1  00000
__Htext                                   text         00000
__Labs1                                   abs1         00000
__Lbank0                                  bank0        00000
__Lbank1                                  bank1        00000
__Lbank10                                 bank10       00000
__Lbank11                                 bank11       00000
__Lbank12                                 bank12       00000
__Lbank13                                 bank13       00000
__Lbank14                                 bank14       00000
__Lbank15                                 bank15       00000
__Lbank16                                 bank16       00000
__Lbank17                                 bank17       00000
__Lbank18                                 bank18       00000
__Lbank19                                 bank19       00000
__Lbank2                                  bank2        00000
__Lbank20                                 bank20       00000
__Lbank21                                 bank21       00000
__Lbank22                                 bank22       00000
__Lbank23                                 bank23       00000
__Lbank24                                 bank24       00000
__Lbank25                                 bank25       00000
__Lbank26                                 bank26       00000
__Lbank27                                 bank27       00000
__Lbank28                                 bank28       00000
__Lbank29                                 bank29       00000
__Lbank3                                  bank3        00000
__Lbank30                                 bank30       00000
__Lbank31                                 bank31       00000
__Lbank4                                  bank4        00000
__Lbank5                                  bank5        00000
__Lbank6                                  bank6        00000
__Lbank7                                  bank7        00000
__Lbank8                                  bank8        00000
__Lbank9                                  bank9        00000
__Lbigram                                 bigram       00000
__LbssBANK0                               bssBANK0     00000
__LbssCOMMON                              bssCOMMON    00000
__Lcinit                                  cinit        0001B
__Lclrtext                                clrtext      00000
__Lcode                                   code         00000
__Lcommon                                 common       00000
__Lconfig                                 config       00000
__LcstackBANK0                            cstackBANK0  00000
__LcstackCOMMON                           cstackCOMMON 00000
__LdataBANK0                              dataBANK0    00000
__Leeprom_data                            eeprom_data  00000
__Lend_init                               end_init     00019
__Lfunctab                                functab      00000
__LidataBANK0                             idataBANK0   00000
__Linit                                   init         00019
__Lintentry                               intentry     00004
__Lmaintext                               maintext     00000
__LnvBANK0                                nvBANK0      00000
__Lpowerup                                powerup      00000
__Lram                                    ram          00000
__Lreset_vec                              reset_vec    00000
__Lsfr0                                   sfr0         00000
__Lsfr1                                   sfr1         00000
__Lsfr10                                  sfr10        00000
__Lsfr11                                  sfr11        00000
__Lsfr12                                  sfr12        00000
__Lsfr13                                  sfr13        00000
__Lsfr14                                  sfr14        00000
__Lsfr15                                  sfr15        00000
__Lsfr16                                  sfr16        00000
__Lsfr17                                  sfr17        00000
__Lsfr18                                  sfr18        00000
__Lsfr19                                  sfr19        00000
__Lsfr2                                   sfr2         00000
__Lsfr20                                  sfr20        00000
__Lsfr21                                  sfr21        00000
__Lsfr22                                  sfr22        00000
__Lsfr23                                  sfr23        00000
__Lsfr24                                  sfr24        00000
__Lsfr25                                  sfr25        00000
__Lsfr26                                  sfr26        00000
__Lsfr27                                  sfr27        00000
__Lsfr28                                  sfr28        00000
__Lsfr29                                  sfr29        00000
__Lsfr3                                   sfr3         00000
__Lsfr30                                  sfr30        00000
__Lsfr31                                  sfr31        00000
__Lsfr4                                   sfr4         00000
__Lsfr5                                   sfr5         00000
__Lsfr6                                   sfr6         00000
__Lsfr7                                   sfr7         00000
__Lsfr8                                   sfr8         00000
__Lsfr9                                   sfr9         00000
__Lspace_0                                (abs)        00000
__Lspace_1                                (abs)        00000
__Lspace_2                                (abs)        00000
__Lspace_3                                (abs)        00000
__Lspace_4                                (abs)        00000
__Lstack                                  stack        00000
__Lstrings                                strings      00000
__Lstringtext1                            stringtext1  00000
__Ltext                                   text         00000
__S0                                      (abs)        004E1
__S1                                      (abs)        0007C
__S2                                      (abs)        00000
___int_sp                                 stack        00000
___latbits                                (abs)        00002
___sp                                     stack        00000
___stackhi                                (abs)        023EF
___stacklo                                (abs)        0203F
__end_of_Clear_Master_TMR1_flag           text58       004E1
__end_of_Get_Master_TMR1_flag             text57       004DF
__end_of_I2C_CallbackReturnReset          text44       004DB
__end_of_I2C_CallbackReturnStop           text45       004DD
__end_of_I2C_Close                        text53       0034F
__end_of_I2C_DO_ADDRESS_NACK              text20       00286
__end_of_I2C_DO_IDLE                      text34       004A7
__end_of_I2C_DO_RCEN                      text29       0045D
__end_of_I2C_DO_RESET                     text21       0047F
__end_of_I2C_DO_RX                        text30       00188
__end_of_I2C_DO_RX_ACK                    text24       0048E
__end_of_I2C_DO_RX_NACK_RESTART           text22       00484
__end_of_I2C_DO_RX_NACK_STOP              text23       00489
__end_of_I2C_DO_SEND_ADR_READ             text33       0044E
__end_of_I2C_DO_SEND_ADR_WRITE            text32       00456
__end_of_I2C_DO_SEND_RESTART              text26       00498
__end_of_I2C_DO_SEND_RESTART_READ         text28       004A2
__end_of_I2C_DO_SEND_RESTART_WRITE        text27       0049D
__end_of_I2C_DO_SEND_STOP                 text25       00493
__end_of_I2C_DO_TX                        text31       00142
__end_of_I2C_DO_TX_EMPTY                  text35       0025A
__end_of_I2C_Initialize                   text7        00445
__end_of_I2C_MasterClearIrq               text56       004D6
__end_of_I2C_MasterClose                  text55       004D3
__end_of_I2C_MasterDisableIrq             text54       004D0
__end_of_I2C_MasterEnableRestart          text51       004CA
__end_of_I2C_MasterFsm                    text19       002B1
__end_of_I2C_MasterGetRxData              text40       004C1
__end_of_I2C_MasterIsNack                 text37       00475
__end_of_I2C_MasterOpen                   text14       00426
__end_of_I2C_MasterOperation              text16       00316
__end_of_I2C_MasterSendAck                text39       004B4
__end_of_I2C_MasterSendNack               text41       004B8
__end_of_I2C_MasterSendTxData             text38       004AC
__end_of_I2C_MasterSetIrq                 text36       004BE
__end_of_I2C_MasterStart                  text52       004CD
__end_of_I2C_MasterStartRx                text42       004C4
__end_of_I2C_MasterStop                   text50       004C7
__end_of_I2C_MasterWaitForEvent           text18       0046F
__end_of_I2C_MasterWrite                  text15       0047A
__end_of_I2C_Open                         text13       001C2
__end_of_I2C_Poller                       text17       00433
__end_of_I2C_Read1ByteRegister            text11       001F8
__end_of_I2C_SetAddressNackCallback       text12       0040B
__end_of_I2C_SetBuffer                    text49       003FD
__end_of_I2C_SetCallback                  text48       002D7
__end_of_I2C_SetDataCompleteCallback      text47       00419
__end_of_I2C_Write1ByteRegister           text10       0022B
__end_of_INTERRUPT_InterruptManager       intentry     00019
__end_of_OSCILLATOR_Initialize            text6        0043C
__end_of_PIN_MANAGER_Initialize           text5        003A8
__end_of_Read_All_Slave_Sensors           text8        00333
__end_of_Read_Slave_Sensors               text9        000ED
__end_of_SYSTEM_Initialize                text1        003ED
__end_of_TMR1_ISR                         text60       00393
__end_of_TMR1_Initialize                  text3        00367
__end_of_TMR1_Master_InterruptHandler     text62       004D9
__end_of_TMR1_SetInterruptHandler         text4        00469
__end_of_TMR1_WriteTimer                  text61       003DD
__end_of_WDT_Initialize                   text2        004B0
__end_of__initialization                  cinit        00031
__end_of_i2c_fsmStateTable                stringtext1  002F7
__end_of_main                             maintext     0037D
__end_of_rd1RegCompleteHandler            text43       003BA
__end_of_wr1RegCompleteHandler            text46       003CC
__initialization                          cinit        0001B
__pbssBANK0                               bssBANK0     00020
__pbssCOMMON                              bssCOMMON    0007A
__pcstackBANK0                            cstackBANK0  00041
__pcstackCOMMON                           cstackCOMMON 00070
__pdataBANK0                              dataBANK0    0005C
__pidataBANK0                             idataBANK0   004B8
__pintentry                               intentry     00004
__pmaintext                               maintext     00367
__pnvBANK0                                nvBANK0      00058
__pstringtext1                            stringtext1  002D7
__ptext1                                  text1        003DD
__ptext10                                 text10       001F8
__ptext11                                 text11       001C2
__ptext12                                 text12       003FD
__ptext13                                 text13       00188
__ptext14                                 text14       00419
__ptext15                                 text15       00475
__ptext16                                 text16       002F7
__ptext17                                 text17       00426
__ptext18                                 text18       00469
__ptext19                                 text19       00286
__ptext2                                  text2        004AC
__ptext20                                 text20       0025A
__ptext21                                 text21       0047A
__ptext22                                 text22       0047F
__ptext23                                 text23       00484
__ptext24                                 text24       00489
__ptext25                                 text25       0048E
__ptext26                                 text26       00493
__ptext27                                 text27       00498
__ptext28                                 text28       0049D
__ptext29                                 text29       00456
__ptext3                                  text3        0034F
__ptext30                                 text30       00142
__ptext31                                 text31       000ED
__ptext32                                 text32       0044E
__ptext33                                 text33       00445
__ptext34                                 text34       004A2
__ptext35                                 text35       0022B
__ptext36                                 text36       004BB
__ptext37                                 text37       0046F
__ptext38                                 text38       004A7
__ptext39                                 text39       004B0
__ptext4                                  text4        00463
__ptext40                                 text40       004BE
__ptext41                                 text41       004B4
__ptext42                                 text42       004C1
__ptext43                                 text43       003A8
__ptext44                                 text44       004D9
__ptext45                                 text45       004DB
__ptext46                                 text46       003BA
__ptext47                                 text47       0040B
__ptext48                                 text48       002B1
__ptext49                                 text49       003ED
__ptext5                                  text5        00393
__ptext50                                 text50       004C4
__ptext51                                 text51       004C7
__ptext52                                 text52       004CA
__ptext53                                 text53       00333
__ptext54                                 text54       004CD
__ptext55                                 text55       004D0
__ptext56                                 text56       004D3
__ptext57                                 text57       004DD
__ptext58                                 text58       004DF
__ptext6                                  text6        00433
__ptext60                                 text60       0037D
__ptext61                                 text61       003CC
__ptext62                                 text62       004D6
__ptext7                                  text7        0043C
__ptext8                                  text8        00316
__ptext9                                  text9        00035
__size_of_Clear_Master_TMR1_flag          (abs)        00000
__size_of_Get_Master_TMR1_flag            (abs)        00000
__size_of_I2C_CallbackReturnReset         (abs)        00000
__size_of_I2C_CallbackReturnStop          (abs)        00000
__size_of_I2C_Close                       (abs)        00000
__size_of_I2C_DO_ADDRESS_NACK             (abs)        00000
__size_of_I2C_DO_IDLE                     (abs)        00000
__size_of_I2C_DO_RCEN                     (abs)        00000
__size_of_I2C_DO_RESET                    (abs)        00000
__size_of_I2C_DO_RX                       (abs)        00000
__size_of_I2C_DO_RX_ACK                   (abs)        00000
__size_of_I2C_DO_RX_NACK_RESTART          (abs)        00000
__size_of_I2C_DO_RX_NACK_STOP             (abs)        00000
__size_of_I2C_DO_SEND_ADR_READ            (abs)        00000
__size_of_I2C_DO_SEND_ADR_WRITE           (abs)        00000
__size_of_I2C_DO_SEND_RESTART             (abs)        00000
__size_of_I2C_DO_SEND_RESTART_READ        (abs)        00000
__size_of_I2C_DO_SEND_RESTART_WRITE       (abs)        00000
__size_of_I2C_DO_SEND_STOP                (abs)        00000
__size_of_I2C_DO_TX                       (abs)        00000
__size_of_I2C_DO_TX_EMPTY                 (abs)        00000
__size_of_I2C_Initialize                  (abs)        00000
__size_of_I2C_MasterClearIrq              (abs)        00000
__size_of_I2C_MasterClose                 (abs)        00000
__size_of_I2C_MasterDisableIrq            (abs)        00000
__size_of_I2C_MasterEnableRestart         (abs)        00000
__size_of_I2C_MasterFsm                   (abs)        00000
__size_of_I2C_MasterGetRxData             (abs)        00000
__size_of_I2C_MasterIsNack                (abs)        00000
__size_of_I2C_MasterOpen                  (abs)        00000
__size_of_I2C_MasterOperation             (abs)        00000
__size_of_I2C_MasterSendAck               (abs)        00000
__size_of_I2C_MasterSendNack              (abs)        00000
__size_of_I2C_MasterSendTxData            (abs)        00000
__size_of_I2C_MasterSetIrq                (abs)        00000
__size_of_I2C_MasterStart                 (abs)        00000
__size_of_I2C_MasterStartRx               (abs)        00000
__size_of_I2C_MasterStop                  (abs)        00000
__size_of_I2C_MasterWaitForEvent          (abs)        00000
__size_of_I2C_MasterWrite                 (abs)        00000
__size_of_I2C_Open                        (abs)        00000
__size_of_I2C_Poller                      (abs)        00000
__size_of_I2C_Read1ByteRegister           (abs)        00000
__size_of_I2C_SetAddressNackCallback      (abs)        00000
__size_of_I2C_SetBuffer                   (abs)        00000
__size_of_I2C_SetCallback                 (abs)        00000
__size_of_I2C_SetDataCompleteCallback     (abs)        00000
__size_of_I2C_Write1ByteRegister          (abs)        00000
__size_of_INTERRUPT_InterruptManager      (abs)        00000
__size_of_OSCILLATOR_Initialize           (abs)        00000
__size_of_PIN_MANAGER_Initialize          (abs)        00000
__size_of_Read_All_Slave_Sensors          (abs)        00000
__size_of_Read_Slave_Sensors              (abs)        00000
__size_of_SYSTEM_Initialize               (abs)        00000
__size_of_TMR1_ISR                        (abs)        00000
__size_of_TMR1_Initialize                 (abs)        00000
__size_of_TMR1_Master_InterruptHandler    (abs)        00000
__size_of_TMR1_SetInterruptHandler        (abs)        00000
__size_of_TMR1_WriteTimer                 (abs)        00000
__size_of_WDT_Initialize                  (abs)        00000
__size_of_main                            (abs)        00000
__size_of_rd1RegCompleteHandler           (abs)        00000
__size_of_wr1RegCompleteHandler           (abs)        00000
_flag                                     bssCOMMON    0007A
_i2c_fsmStateTable                        stringtext1  002D7
_main                                     maintext     00367
_rd1RegCompleteHandler                    text43       003A8
_timer1ReloadVal                          nvBANK0      0005A
_wr1RegCompleteHandler                    text46       003BA
btemp                                     (abs)        0007E
clear_ram0                                clrtext      0045D
end_of_initialization                     cinit        00031
int$flags                                 (abs)        0007E
intlevel0                                 functab      00000
intlevel1                                 functab      00000
intlevel2                                 functab      00000
intlevel3                                 functab      00000
intlevel4                                 functab      00000
intlevel5                                 functab      00000
rd1RegCompleteHandler@ptr                 cstackBANK0  00042
reset_vec                                 reset_vec    00000
start                                     init         00019
start_initialization                      cinit        0001B
wr1RegCompleteHandler@ptr                 cstackBANK0  00042
wtemp0                                    (abs)        0007E


FUNCTION INFORMATION:

 *************** function _main *****************
 Defined at:
		line 15 in file "../src/main.c"
 Parameters:    Size  Location     Type
		None
 Auto vars:     Size  Location     Type
		None
 Return value:  Size  Location     Type
                  1    wreg      void 
 Registers used:
		wreg, fsr0l, fsr0h, fsr1l, fsr1h, status,2, status,0, pclath, cstack
 Tracked objects:
		On entry : 
		On exit  : 
		Unchanged: 
 Data sizes:     COMMON   BANK0   BANK1   BANK2   BANK3   BANK4   BANK5   BANK6   BANK7   BANK8   BANK9  BANK10  BANK11  BANK12
      Params:         0       0       0       0       0       0       0       0       0       0       0       0       0       0
      Locals:         0       0       0       0       0       0       0       0       0       0       0       0       0       0
      Temps:          0       0       0       0       0       0       0       0       0       0       0       0       0       0
      Totals:         0       0       0       0       0       0       0       0       0       0       0       0       0       0
Total ram usage:        0 bytes
 Hardware stack levels required when called:   14
 This function calls:
		_Clear_Master_TMR1_flag
		_Get_Master_TMR1_flag
		_Read_All_Slave_Sensors
		_SYSTEM_Initialize
 This function is called by:
		Startup code after reset
 This function uses a non-reentrant model


 *************** function _SYSTEM_Initialize *****************
 Defined at:
		line 4 in file "../src/init.c"
 Parameters:    Size  Location     Type
		None
 Auto vars:     Size  Location     Type
		None
 Return value:  Size  Location     Type
                  1    wreg      void 
 Registers used:
		wreg, status,2, status,0, pclath, cstack
 Tracked objects:
		On entry : 
		On exit  : 
		Unchanged: 
 Data sizes:     COMMON   BANK0   BANK1   BANK2   BANK3   BANK4   BANK5   BANK6   BANK7   BANK8   BANK9  BANK10  BANK11  BANK12
      Params:         0       0       0       0       0       0       0       0       0       0       0       0       0       0
      Locals:         0       0       0       0       0       0       0       0       0       0       0       0       0       0
      Temps:          0       0       0       0       0       0       0       0       0       0       0       0       0       0
      Totals:         0       0       0       0       0       0       0       0       0       0       0       0       0       0
Total ram usage:        0 bytes
 Hardware stack levels used:    1
 Hardware stack levels required when called:    5
 This function calls:
		_I2C_Initialize
		_OSCILLATOR_Initialize
		_PIN_MANAGER_Initialize
		_TMR1_Initialize
		_WDT_Initialize
 This function is called by:
		_main
 This function uses a non-reentrant model


 *************** function _WDT_Initialize *****************
 Defined at:
		line 26 in file "../src/init.c"
 Parameters:    Size  Location     Type
		None
 Auto vars:     Size  Location     Type
		None
 Return value:  Size  Location     Type
                  1    wreg      void 
 Registers used:
		wreg
 Tracked objects:
		On entry : 
		On exit  : 
		Unchanged: 
 Data sizes:     COMMON   BANK0   BANK1   BANK2   BANK3   BANK4   BANK5   BANK6   BANK7   BANK8   BANK9  BANK10  BANK11  BANK12
      Params:         0       0       0       0       0       0       0       0       0       0       0       0       0       0
      Locals:         0       0       0       0       0       0       0       0       0       0       0       0       0       0
      Temps:          0       0       0       0       0       0       0       0       0       0       0       0       0       0
      Totals:         0       0       0       0       0       0       0       0       0       0       0       0       0       0
Total ram usage:        0 bytes
 Hardware stack levels used:    1
 Hardware stack levels required when called:    3
 This function calls:
		Nothing
 This function is called by:
		_SYSTEM_Initialize
 This function uses a non-reentrant model


 *************** function _TMR1_Initialize *****************
 Defined at:
		line 8 in file "../src/tmr1.c"
 Parameters:    Size  Location     Type
		None
 Auto vars:     Size  Location     Type
		None
 Return value:  Size  Location     Type
                  1    wreg      void 
 Registers used:
		wreg, status,2, status,0, pclath, cstack
 Tracked objects:
		On entry : 
		On exit  : 
		Unchanged: 
 Data sizes:     COMMON   BANK0   BANK1   BANK2   BANK3   BANK4   BANK5   BANK6   BANK7   BANK8   BANK9  BANK10  BANK11  BANK12
      Params:         0       0       0       0       0       0       0       0       0       0       0       0       0       0
      Locals:         0       0       0       0       0       0       0       0       0       0       0       0       0       0
      Temps:          0       0       0       0       0       0       0       0       0       0       0       0       0       0
      Totals:         0       0       0       0       0       0       0       0       0       0       0       0       0       0
Total ram usage:        0 bytes
 Hardware stack levels used:    1
 Hardware stack levels required when called:    4
 This function calls:
		_TMR1_SetInterruptHandler
 This function is called by:
		_SYSTEM_Initialize
 This function uses a non-reentrant model


 *************** function _TMR1_SetInterruptHandler *****************
 Defined at:
		line 72 in file "../src/tmr1.c"
 Parameters:    Size  Location     Type
  InterruptHan    2    2[COMMON] PTR FTN()void 
		 -> TMR1_Master_InterruptHandler(1), 
 Auto vars:     Size  Location     Type
		None
 Return value:  Size  Location     Type
                  1    wreg      void 
 Registers used:
		wreg
 Tracked objects:
		On entry : 
		On exit  : 
		Unchanged: 
 Data sizes:     COMMON   BANK0   BANK1   BANK2   BANK3   BANK4   BANK5   BANK6   BANK7   BANK8   BANK9  BANK10  BANK11  BANK12
      Params:         2       0       0       0       0       0       0       0       0       0       0       0       0       0
      Locals:         0       0       0       0       0       0       0       0       0       0       0       0       0       0
      Temps:          0       0       0       0       0       0       0       0       0       0       0       0       0       0
      Totals:         2       0       0       0       0       0       0       0       0       0       0       0       0       0
Total ram usage:        2 bytes
 Hardware stack levels used:    1
 Hardware stack levels required when called:    3
 This function calls:
		Nothing
 This function is called by:
		_TMR1_Initialize
 This function uses a non-reentrant model


 *************** function _PIN_MANAGER_Initialize *****************
 Defined at:
		line 4 in file "../src/pin_manager.c"
 Parameters:    Size  Location     Type
		None
 Auto vars:     Size  Location     Type
		None
 Return value:  Size  Location     Type
                  1    wreg      void 
 Registers used:
		wreg, status,2
 Tracked objects:
		On entry : 
		On exit  : 
		Unchanged: 
 Data sizes:     COMMON   BANK0   BANK1   BANK2   BANK3   BANK4   BANK5   BANK6   BANK7   BANK8   BANK9  BANK10  BANK11  BANK12
      Params:         0       0       0       0       0       0       0       0       0       0       0       0       0       0
      Locals:         0       0       0       0       0       0       0       0       0       0       0       0       0       0
      Temps:          0       0       0       0       0       0       0       0       0       0       0       0       0       0
      Totals:         0       0       0       0       0       0       0       0       0       0       0       0       0       0
Total ram usage:        0 bytes
 Hardware stack levels used:    1
 Hardware stack levels required when called:    3
 This function calls:
		Nothing
 This function is called by:
		_SYSTEM_Initialize
 This function uses a non-reentrant model


 *************** function _OSCILLATOR_Initialize *****************
 Defined at:
		line 14 in file "../src/init.c"
 Parameters:    Size  Location     Type
		None
 Auto vars:     Size  Location     Type
		None
 Return value:  Size  Location     Type
                  1    wreg      void 
 Registers used:
		wreg, status,2
 Tracked objects:
		On entry : 
		On exit  : 
		Unchanged: 
 Data sizes:     COMMON   BANK0   BANK1   BANK2   BANK3   BANK4   BANK5   BANK6   BANK7   BANK8   BANK9  BANK10  BANK11  BANK12
      Params:         0       0       0       0       0       0       0       0       0       0       0       0       0       0
      Locals:         0       0       0       0       0       0       0       0       0       0       0       0       0       0
      Temps:          0       0       0       0       0       0       0       0       0       0       0       0       0       0
      Totals:         0       0       0       0       0       0       0       0       0       0       0       0       0       0
Total ram usage:        0 bytes
 Hardware stack levels used:    1
 Hardware stack levels required when called:    3
 This function calls:
		Nothing
 This function is called by:
		_SYSTEM_Initialize
 This function uses a non-reentrant model


 *************** function _I2C_Initialize *****************
 Defined at:
		line 117 in file "../src/i2c_master.c"
 Parameters:    Size  Location     Type
		None
 Auto vars:     Size  Location     Type
		None
 Return value:  Size  Location     Type
                  1    wreg      void 
 Registers used:
		wreg, status,2
 Tracked objects:
		On entry : 
		On exit  : 
		Unchanged: 
 Data sizes:     COMMON   BANK0   BANK1   BANK2   BANK3   BANK4   BANK5   BANK6   BANK7   BANK8   BANK9  BANK10  BANK11  BANK12
      Params:         0       0       0       0       0       0       0       0       0       0       0       0       0       0
      Locals:         0       0       0       0       0       0       0       0       0       0       0       0       0       0
      Temps:          0       0       0       0       0       0       0       0       0       0       0       0       0       0
      Totals:         0       0       0       0       0       0       0       0       0       0       0       0       0       0
Total ram usage:        0 bytes
 Hardware stack levels used:    1
 Hardware stack levels required when called:    3
 This function calls:
		Nothing
 This function is called by:
		_SYSTEM_Initialize
 This function uses a non-reentrant model


 *************** function _Read_All_Slave_Sensors *****************
 Defined at:
		line 50 in file "../src/vertebra_master_ldr.c"
 Parameters:    Size  Location     Type
		None
 Auto vars:     Size  Location     Type
  n               2   21[BANK0 ] int 
 Return value:  Size  Location     Type
                  1    wreg      void 
 Registers used:
		wreg, fsr0l, fsr0h, fsr1l, fsr1h, status,2, status,0, pclath, cstack
 Tracked objects:
		On entry : 
		On exit  : 
		Unchanged: 
 Data sizes:     COMMON   BANK0   BANK1   BANK2   BANK3   BANK4   BANK5   BANK6   BANK7   BANK8   BANK9  BANK10  BANK11  BANK12
      Params:         0       0       0       0       0       0       0       0       0       0       0       0       0       0
      Locals:         0       2       0       0       0       0       0       0       0       0       0       0       0       0
      Temps:          0       1       0       0       0       0       0       0       0       0       0       0       0       0
      Totals:         0       3       0       0       0       0       0       0       0       0       0       0       0       0
Total ram usage:        3 bytes
 Hardware stack levels used:    1
 Hardware stack levels required when called:   13
 This function calls:
		_Read_Slave_Sensors
 This function is called by:
		_main
 This function uses a non-reentrant model


 *************** function _Read_Slave_Sensors *****************
 Defined at:
		line 18 in file "../src/vertebra_master_ldr.c"
 Parameters:    Size  Location     Type
  esclavo         1    wreg     unsigned char 
 Auto vars:     Size  Location     Type
  esclavo         1   19[BANK0 ] unsigned char 
  valorLuz2       2   17[BANK0 ] unsigned short 
  valorLuz        2   15[BANK0 ] unsigned short 
  valor4          1   14[BANK0 ] unsigned char 
  valor3          1   13[BANK0 ] unsigned char 
  valor2          1   12[BANK0 ] unsigned char 
  valor1          1   11[BANK0 ] unsigned char 
 Return value:  Size  Location     Type
                  1    wreg      void 
 Registers used:
		wreg, fsr0l, fsr0h, fsr1l, fsr1h, status,2, status,0, pclath, cstack
 Tracked objects:
		On entry : 
		On exit  : 
		Unchanged: 
 Data sizes:     COMMON   BANK0   BANK1   BANK2   BANK3   BANK4   BANK5   BANK6   BANK7   BANK8   BANK9  BANK10  BANK11  BANK12
      Params:         0       0       0       0       0       0       0       0       0       0       0       0       0       0
      Locals:         0       9       0       0       0       0       0       0       0       0       0       0       0       0
      Temps:          0       5       0       0       0       0       0       0       0       0       0       0       0       0
      Totals:         0      14       0       0       0       0       0       0       0       0       0       0       0       0
Total ram usage:       14 bytes
 Hardware stack levels used:    1
 Hardware stack levels required when called:   12
 This function calls:
		_I2C_Read1ByteRegister
		_I2C_Write1ByteRegister
 This function is called by:
		_Read_All_Slave_Sensors
 This function uses a non-reentrant model


 *************** function _I2C_Write1ByteRegister *****************
 Defined at:
		line 27 in file "../src/i2c_master_functions.c"
 Parameters:    Size  Location     Type
  address         1    wreg     unsigned char 
  reg             1    2[BANK0 ] unsigned char 
  data            1    3[BANK0 ] unsigned char 
 Auto vars:     Size  Location     Type
  address         1    5[BANK0 ] unsigned char 
 Return value:  Size  Location     Type
                  1    wreg      void 
 Registers used:
		wreg, fsr0l, fsr0h, fsr1l, fsr1h, status,2, status,0, pclath, cstack
 Tracked objects:
		On entry : 
		On exit  : 
		Unchanged: 
 Data sizes:     COMMON   BANK0   BANK1   BANK2   BANK3   BANK4   BANK5   BANK6   BANK7   BANK8   BANK9  BANK10  BANK11  BANK12
      Params:         0       2       0       0       0       0       0       0       0       0       0       0       0       0
      Locals:         0       1       0       0       0       0       0       0       0       0       0       0       0       0
      Temps:          0       1       0       0       0       0       0       0       0       0       0       0       0       0
      Totals:         0       4       0       0       0       0       0       0       0       0       0       0       0       0
Total ram usage:        4 bytes
 Hardware stack levels used:    1
 Hardware stack levels required when called:   11
 This function calls:
		_I2C_Close
		_I2C_MasterWrite
		_I2C_Open
		_I2C_SetAddressNackCallback
		_I2C_SetBuffer
		_I2C_SetDataCompleteCallback
 This function is called by:
		_Read_Slave_Sensors
 This function uses a non-reentrant model


 *************** function _I2C_Read1ByteRegister *****************
 Defined at:
		line 13 in file "../src/i2c_master_functions.c"
 Parameters:    Size  Location     Type
  address         1    wreg     unsigned char 
  reg             1    2[BANK0 ] unsigned char 
 Auto vars:     Size  Location     Type
  address         1    4[BANK0 ] unsigned char 
  returnValue     1    5[BANK0 ] unsigned char 
 Return value:  Size  Location     Type
                  1    wreg      unsigned char 
 Registers used:
		wreg, fsr0l, fsr0h, fsr1l, fsr1h, status,2, status,0, pclath, cstack
 Tracked objects:
		On entry : 
		On exit  : 
		Unchanged: 
 Data sizes:     COMMON   BANK0   BANK1   BANK2   BANK3   BANK4   BANK5   BANK6   BANK7   BANK8   BANK9  BANK10  BANK11  BANK12
      Params:         0       1       0       0       0       0       0       0       0       0       0       0       0       0
      Locals:         0       2       0       0       0       0       0       0       0       0       0       0       0       0
      Temps:          0       1       0       0       0       0       0       0       0       0       0       0       0       0
      Totals:         0       4       0       0       0       0       0       0       0       0       0       0       0       0
Total ram usage:        4 bytes
 Hardware stack levels used:    1
 Hardware stack levels required when called:   11
 This function calls:
		_I2C_Close
		_I2C_MasterWrite
		_I2C_Open
		_I2C_SetAddressNackCallback
		_I2C_SetBuffer
		_I2C_SetDataCompleteCallback
 This function is called by:
		_Read_Slave_Sensors
 This function uses a non-reentrant model


 *************** function _I2C_SetAddressNackCallback *****************
 Defined at:
		line 218 in file "../src/i2c_master.c"
 Parameters:    Size  Location     Type
  cb              2    7[COMMON] PTR FTN(PTR void ,)enum 
		 -> Absolute function(1), 
  ptr             1    9[COMMON] PTR void 
		 -> NULL(0), 
 Auto vars:     Size  Location     Type
		None
 Return value:  Size  Location     Type
                  1    wreg      void 
 Registers used:
		wreg, fsr1l, fsr1h, status,2, status,0, pclath, cstack
 Tracked objects:
		On entry : 
		On exit  : 
		Unchanged: 
 Data sizes:     COMMON   BANK0   BANK1   BANK2   BANK3   BANK4   BANK5   BANK6   BANK7   BANK8   BANK9  BANK10  BANK11  BANK12
      Params:         3       0       0       0       0       0       0       0       0       0       0       0       0       0
      Locals:         0       0       0       0       0       0       0       0       0       0       0       0       0       0
      Temps:          0       1       0       0       0       0       0       0       0       0       0       0       0       0
      Totals:         3       1       0       0       0       0       0       0       0       0       0       0       0       0
Total ram usage:        4 bytes
 Hardware stack levels used:    1
 Hardware stack levels required when called:    4
 This function calls:
		_I2C_SetCallback
 This function is called by:
		_I2C_Read1ByteRegister
		_I2C_Write1ByteRegister
 This function uses a non-reentrant model


 *************** function _I2C_Open *****************
 Defined at:
		line 126 in file "../src/i2c_master.c"
 Parameters:    Size  Location     Type
  address         1    wreg     unsigned char 
 Auto vars:     Size  Location     Type
  address         1    3[COMMON] unsigned char 
  returnValue     1    4[COMMON] enum E353
 Return value:  Size  Location     Type
                  1    wreg      enum E353
 Registers used:
		wreg, status,2, status,0, pclath, cstack
 Tracked objects:
		On entry : 
		On exit  : 
		Unchanged: 
 Data sizes:     COMMON   BANK0   BANK1   BANK2   BANK3   BANK4   BANK5   BANK6   BANK7   BANK8   BANK9  BANK10  BANK11  BANK12
      Params:         0       0       0       0       0       0       0       0       0       0       0       0       0       0
      Locals:         2       0       0       0       0       0       0       0       0       0       0       0       0       0
      Temps:          1       0       0       0       0       0       0       0       0       0       0       0       0       0
      Totals:         3       0       0       0       0       0       0       0       0       0       0       0       0       0
Total ram usage:        3 bytes
 Hardware stack levels used:    1
 Hardware stack levels required when called:    4
 This function calls:
		_I2C_MasterClearIrq
		_I2C_MasterOpen
 This function is called by:
		_I2C_Read1ByteRegister
		_I2C_Write1ByteRegister
 This function uses a non-reentrant model


 *************** function _I2C_MasterOpen *****************
 Defined at:
		line 427 in file "../src/i2c_master.c"
 Parameters:    Size  Location     Type
		None
 Auto vars:     Size  Location     Type
		None
 Return value:  Size  Location     Type
                  1    wreg      _Bool 
 Registers used:
		wreg, status,2
 Tracked objects:
		On entry : 
		On exit  : 
		Unchanged: 
 Data sizes:     COMMON   BANK0   BANK1   BANK2   BANK3   BANK4   BANK5   BANK6   BANK7   BANK8   BANK9  BANK10  BANK11  BANK12
      Params:         0       0       0       0       0       0       0       0       0       0       0       0       0       0
      Locals:         0       0       0       0       0       0       0       0       0       0       0       0       0       0
      Temps:          0       0       0       0       0       0       0       0       0       0       0       0       0       0
      Totals:         0       0       0       0       0       0       0       0       0       0       0       0       0       0
Total ram usage:        0 bytes
 Hardware stack levels used:    1
 Hardware stack levels required when called:    3
 This function calls:
		Nothing
 This function is called by:
		_I2C_Open
 This function uses a non-reentrant model


 *************** function _I2C_MasterWrite *****************
 Defined at:
		line 198 in file "../src/i2c_master.c"
 Parameters:    Size  Location     Type
		None
 Auto vars:     Size  Location     Type
		None
 Return value:  Size  Location     Type
                  1    wreg      enum E353
 Registers used:
		wreg, fsr0l, fsr0h, fsr1l, fsr1h, status,2, status,0, pclath, cstack
 Tracked objects:
		On entry : 
		On exit  : 
		Unchanged: 
 Data sizes:     COMMON   BANK0   BANK1   BANK2   BANK3   BANK4   BANK5   BANK6   BANK7   BANK8   BANK9  BANK10  BANK11  BANK12
      Params:         0       0       0       0       0       0       0       0       0       0       0       0       0       0
      Locals:         0       0       0       0       0       0       0       0       0       0       0       0       0       0
      Temps:          0       0       0       0       0       0       0       0       0       0       0       0       0       0
      Totals:         0       0       0       0       0       0       0       0       0       0       0       0       0       0
Total ram usage:        0 bytes
 Hardware stack levels used:    1
 Hardware stack levels required when called:   10
 This function calls:
		_I2C_MasterOperation
 This function is called by:
		_I2C_Read1ByteRegister
		_I2C_Write1ByteRegister
 This function uses a non-reentrant model


 *************** function _I2C_MasterOperation *****************
 Defined at:
		line 174 in file "../src/i2c_master.c"
 Parameters:    Size  Location     Type
  read            1    wreg     _Bool 
 Auto vars:     Size  Location     Type
  read            1    0[BANK0 ] _Bool 
  returnValue     1    1[BANK0 ] enum E353
 Return value:  Size  Location     Type
                  1    wreg      enum E353
 Registers used:
		wreg, fsr0l, fsr0h, fsr1l, fsr1h, status,2, status,0, pclath, cstack
[...]
      Temps:          0       0       0       0       0       0       0       0       0       0       0       0       0       0
      Totals:         0       0       0       0       0       0       0       0       0       0       0       0       0       0
Total ram usage:        0 bytes
 Hardware stack levels used:    1
 Hardware stack levels required when called:    3
 This function calls:
		Nothing
 This function is called by:
		_I2C_DO_SEND_STOP
 This function uses a non-reentrant model


 *************** function _I2C_MasterEnableRestart *****************
 Defined at:
		line 457 in file "../src/i2c_master.c"
 Parameters:    Size  Location     Type
		None
 Auto vars:     Size  Location     Type
		None
 Return value:  Size  Location     Type
                  1    wreg      void 
 Registers used:
		None
 Tracked objects:
		On entry : 
		On exit  : 
		Unchanged: 
 Data sizes:     COMMON   BANK0   BANK1   BANK2   BANK3   BANK4   BANK5   BANK6   BANK7   BANK8   BANK9  BANK10  BANK11  BANK12
      Params:         0       0       0       0       0       0       0       0       0       0       0       0       0       0
      Locals:         0       0       0       0       0       0       0       0       0       0       0       0       0       0
      Temps:          0       0       0       0       0       0       0       0       0       0       0       0       0       0
      Totals:         0       0       0       0       0       0       0       0       0       0       0       0       0       0
Total ram usage:        0 bytes
 Hardware stack levels used:    1
 Hardware stack levels required when called:    3
 This function calls:
		Nothing
 This function is called by:
		_I2C_DO_SEND_RESTART_READ
		_I2C_DO_SEND_RESTART_WRITE
		_I2C_DO_SEND_RESTART
 This function uses a non-reentrant model


 *************** function _I2C_MasterStart *****************
 Defined at:
		line 467 in file "../src/i2c_master.c"
 Parameters:    Size  Location     Type
		None
 Auto vars:     Size  Location     Type
		None
 Return value:  Size  Location     Type
                  1    wreg      void 
 Registers used:
		None
 Tracked objects:
		On entry : 
		On exit  : 
		Unchanged: 
 Data sizes:     COMMON   BANK0   BANK1   BANK2   BANK3   BANK4   BANK5   BANK6   BANK7   BANK8   BANK9  BANK10  BANK11  BANK12
      Params:         0       0       0       0       0       0       0       0       0       0       0       0       0       0
      Locals:         0       0       0       0       0       0       0       0       0       0       0       0       0       0
      Temps:          0       0       0       0       0       0       0       0       0       0       0       0       0       0
      Totals:         0       0       0       0       0       0       0       0       0       0       0       0       0       0
Total ram usage:        0 bytes
 Hardware stack levels used:    1
 Hardware stack levels required when called:    3
 This function calls:
		Nothing
 This function is called by:
		_I2C_MasterOperation
 This function uses a non-reentrant model


 *************** function _I2C_Close *****************
 Defined at:
		line 159 in file "../src/i2c_master.c"
 Parameters:    Size  Location     Type
		None
 Auto vars:     Size  Location     Type
  returnValue     1    3[COMMON] enum E353
 Return value:  Size  Location     Type
                  1    wreg      enum E353
 Registers used:
		wreg, status,2, status,0, pclath, cstack
 Tracked objects:
		On entry : 
		On exit  : 
		Unchanged: 
 Data sizes:     COMMON   BANK0   BANK1   BANK2   BANK3   BANK4   BANK5   BANK6   BANK7   BANK8   BANK9  BANK10  BANK11  BANK12
      Params:         0       0       0       0       0       0       0       0       0       0       0       0       0       0
      Locals:         1       0       0       0       0       0       0       0       0       0       0       0       0       0
      Temps:          1       0       0       0       0       0       0       0       0       0       0       0       0       0
      Totals:         2       0       0       0       0       0       0       0       0       0       0       0       0       0
Total ram usage:        2 bytes
 Hardware stack levels used:    1
 Hardware stack levels required when called:    4
 This function calls:
		_I2C_MasterClearIrq
		_I2C_MasterClose
		_I2C_MasterDisableIrq
 This function is called by:
		_I2C_Read1ByteRegister
		_I2C_Write1ByteRegister
 This function uses a non-reentrant model


 *************** function _I2C_MasterDisableIrq *****************
 Defined at:
		line 494 in file "../src/i2c_master.c"
 Parameters:    Size  Location     Type
		None
 Auto vars:     Size  Location     Type
		None
 Return value:  Size  Location     Type
                  1    wreg      void 
 Registers used:
		None
 Tracked objects:
		On entry : 
		On exit  : 
		Unchanged: 
 Data sizes:     COMMON   BANK0   BANK1   BANK2   BANK3   BANK4   BANK5   BANK6   BANK7   BANK8   BANK9  BANK10  BANK11  BANK12
      Params:         0       0       0       0       0       0       0       0       0       0       0       0       0       0
      Locals:         0       0       0       0       0       0       0       0       0       0       0       0       0       0
      Temps:          0       0       0       0       0       0       0       0       0       0       0       0       0       0
      Totals:         0       0       0       0       0       0       0       0       0       0       0       0       0       0
Total ram usage:        0 bytes
 Hardware stack levels used:    1
 Hardware stack levels required when called:    3
 This function calls:
		Nothing
 This function is called by:
		_I2C_Close
 This function uses a non-reentrant model


 *************** function _I2C_MasterClose *****************
 Defined at:
		line 441 in file "../src/i2c_master.c"
 Parameters:    Size  Location     Type
		None
 Auto vars:     Size  Location     Type
		None
 Return value:  Size  Location     Type
                  1    wreg      void 
 Registers used:
		None
 Tracked objects:
		On entry : 
		On exit  : 
		Unchanged: 
 Data sizes:     COMMON   BANK0   BANK1   BANK2   BANK3   BANK4   BANK5   BANK6   BANK7   BANK8   BANK9  BANK10  BANK11  BANK12
      Params:         0       0       0       0       0       0       0       0       0       0       0       0       0       0
      Locals:         0       0       0       0       0       0       0       0       0       0       0       0       0       0
      Temps:          0       0       0       0       0       0       0       0       0       0       0       0       0       0
      Totals:         0       0       0       0       0       0       0       0       0       0       0       0       0       0
Total ram usage:        0 bytes
 Hardware stack levels used:    1
 Hardware stack levels required when called:    3
 This function calls:
		Nothing
 This function is called by:
		_I2C_Close
 This function uses a non-reentrant model


 *************** function _I2C_MasterClearIrq *****************
 Defined at:
		line 499 in file "../src/i2c_master.c"
 Parameters:    Size  Location     Type
		None
 Auto vars:     Size  Location     Type
		None
 Return value:  Size  Location     Type
                  1    wreg      void 
 Registers used:
		None
 Tracked objects:
		On entry : 
		On exit  : 
		Unchanged: 
 Data sizes:     COMMON   BANK0   BANK1   BANK2   BANK3   BANK4   BANK5   BANK6   BANK7   BANK8   BANK9  BANK10  BANK11  BANK12
      Params:         0       0       0       0       0       0       0       0       0       0       0       0       0       0
      Locals:         0       0       0       0       0       0       0       0       0       0       0       0       0       0
      Temps:          0       0       0       0       0       0       0       0       0       0       0       0       0       0
      Totals:         0       0       0       0       0       0       0       0       0       0       0       0       0       0
Total ram usage:        0 bytes
 Hardware stack levels used:    1
 Hardware stack levels required when called:    3
 This function calls:
		Nothing
 This function is called by:
		_I2C_Open
		_I2C_Close
		_I2C_MasterFsm
 This function uses a non-reentrant model


 *************** function _Get_Master_TMR1_flag *****************
 Defined at:
		line 11 in file "../src/vertebra_master_ldr.c"
 Parameters:    Size  Location     Type
		None
 Auto vars:     Size  Location     Type
		None
 Return value:  Size  Location     Type
                  1    wreg      unsigned char 
 Registers used:
		wreg
 Tracked objects:
		On entry : 
		On exit  : 
		Unchanged: 
 Data sizes:     COMMON   BANK0   BANK1   BANK2   BANK3   BANK4   BANK5   BANK6   BANK7   BANK8   BANK9  BANK10  BANK11  BANK12
      Params:         0       0       0       0       0       0       0       0       0       0       0       0       0       0
      Locals:         0       0       0       0       0       0       0       0       0       0       0       0       0       0
      Temps:          0       0       0       0       0       0       0       0       0       0       0       0       0       0
      Totals:         0       0       0       0       0       0       0       0       0       0       0       0       0       0
Total ram usage:        0 bytes
 Hardware stack levels used:    1
 Hardware stack levels required when called:    3
 This function calls:
		Nothing
 This function is called by:
		_main
 This function uses a non-reentrant model


 *************** function _Clear_Master_TMR1_flag *****************
 Defined at:
		line 15 in file "../src/vertebra_master_ldr.c"
 Parameters:    Size  Location     Type
		None
 Auto vars:     Size  Location     Type
		None
 Return value:  Size  Location     Type
                  1    wreg      void 
 Registers used:
		status,2
 Tracked objects:
		On entry : 
		On exit  : 
		Unchanged: 
 Data sizes:     COMMON   BANK0   BANK1   BANK2   BANK3   BANK4   BANK5   BANK6   BANK7   BANK8   BANK9  BANK10  BANK11  BANK12
      Params:         0       0       0       0       0       0       0       0       0       0       0       0       0       0
      Locals:         0       0       0       0       0       0       0       0       0       0       0       0       0       0
      Temps:          0       0       0       0       0       0       0       0       0       0       0       0       0       0
      Totals:         0       0       0       0       0       0       0       0       0       0       0       0       0       0
Total ram usage:        0 bytes
 Hardware stack levels used:    1
 Hardware stack levels required when called:    3
 This function calls:
		Nothing
 This function is called by:
		_main
 This function uses a non-reentrant model


 *************** function _INTERRUPT_InterruptManager *****************
 Defined at:
		line 4 in file "../src/interrupt_manager.c"
 Parameters:    Size  Location     Type
		None
 Auto vars:     Size  Location     Type
		None
 Return value:  Size  Location     Type
                  1    wreg      void 
 Registers used:
		wreg, status,2, status,0, pclath, cstack
 Tracked objects:
		On entry : 
		On exit  : 
		Unchanged: 
 Data sizes:     COMMON   BANK0   BANK1   BANK2   BANK3   BANK4   BANK5   BANK6   BANK7   BANK8   BANK9  BANK10  BANK11  BANK12
      Params:         0       0       0       0       0       0       0       0       0       0       0       0       0       0
      Locals:         0       0       0       0       0       0       0       0       0       0       0       0       0       0
      Temps:          0       0       0       0       0       0       0       0       0       0       0       0       0       0
      Totals:         0       0       0       0       0       0       0       0       0       0       0       0       0       0
Total ram usage:        0 bytes
 Hardware stack levels used:    1
 Hardware stack levels required when called:    2
 This function calls:
		_TMR1_ISR
 This function is called by:
		Interrupt level 1
 This function uses a non-reentrant model


 *************** function _TMR1_ISR *****************
 Defined at:
		line 58 in file "../src/tmr1.c"
 Parameters:    Size  Location     Type
		None
 Auto vars:     Size  Location     Type
		None
 Return value:  Size  Location     Type
                  1    wreg      void 
 Registers used:
		wreg, status,2, status,0, pclath, cstack
 Tracked objects:
		On entry : 
		On exit  : 
		Unchanged: 
 Data sizes:     COMMON   BANK0   BANK1   BANK2   BANK3   BANK4   BANK5   BANK6   BANK7   BANK8   BANK9  BANK10  BANK11  BANK12
      Params:         0       0       0       0       0       0       0       0       0       0       0       0       0       0
      Locals:         0       0       0       0       0       0       0       0       0       0       0       0       0       0
      Temps:          0       0       0       0       0       0       0       0       0       0       0       0       0       0
      Totals:         0       0       0       0       0       0       0       0       0       0       0       0       0       0
Total ram usage:        0 bytes
 Hardware stack levels used:    1
 Hardware stack levels required when called:    1
 This function calls:
		Absolute function
		_TMR1_Master_InterruptHandler
		_TMR1_WriteTimer
 This function is called by:
		_INTERRUPT_InterruptManager
 This function uses a non-reentrant model


 *************** function _TMR1_WriteTimer *****************
 Defined at:
		line 36 in file "../src/tmr1.c"
 Parameters:    Size  Location     Type
  timerVal        2    0[COMMON] unsigned short 
 Auto vars:     Size  Location     Type
		None
 Return value:  Size  Location     Type
                  1    wreg      void 
 Registers used:
		wreg, status,2
 Tracked objects:
		On entry : 
		On exit  : 
		Unchanged: 
 Data sizes:     COMMON   BANK0   BANK1   BANK2   BANK3   BANK4   BANK5   BANK6   BANK7   BANK8   BANK9  BANK10  BANK11  BANK12
      Params:         2       0       0       0       0       0       0       0       0       0       0       0       0       0
      Locals:         0       0       0       0       0       0       0       0       0       0       0       0       0       0
      Temps:          0       0       0       0       0       0       0       0       0       0       0       0       0       0
      Totals:         2       0       0       0       0       0       0       0       0       0       0       0       0       0
Total ram usage:        2 bytes
 Hardware stack levels used:    1
 This function calls:
		Nothing
 This function is called by:
		_TMR1_ISR
 This function uses a non-reentrant model


 *************** function _TMR1_Master_InterruptHandler *****************
 Defined at:
		line 7 in file "../src/vertebra_master_ldr.c"
 Parameters:    Size  Location     Type
		None
 Auto vars:     Size  Location     Type
		None
 Return value:  Size  Location     Type
                  1    wreg      void 
 Registers used:
		None
 Tracked objects:
		On entry : 
		On exit  : 
		Unchanged: 
 Data sizes:     COMMON   BANK0   BANK1   BANK2   BANK3   BANK4   BANK5   BANK6   BANK7   BANK8   BANK9  BANK10  BANK11  BANK12
      Params:         0       0       0       0       0       0       0       0       0       0       0       0       0       0
      Locals:         0       0       0       0       0       0       0       0       0       0       0       0       0       0
      Temps:          0       0       0       0       0       0       0       0       0       0       0       0       0       0
      Totals:         0       0       0       0       0       0       0       0       0       0       0       0       0       0
Total ram usage:        0 bytes
 Hardware stack levels used:    1
 This function calls:
		Nothing
 This function is called by:
		_TMR1_Initialize
		_TMR1_ISR
 This function uses a non-reentrant model



MODULE INFORMATION

Module		Function		Class		Link	Load	Size
../src/tmr1.c
		_TMR1_Initialize		CODE           	034F	0000	25
		_TMR1_SetInterruptHandler		CODE           	0463	0000	7
		_TMR1_WriteTimer		CODE           	03CC	0000	18
		_TMR1_ISR      		CODE           	037D	0000	23

../src/tmr1.c estimated size: 73

../src/i2c_master_functions.c
		_wr1RegCompleteHandler		CODE           	03BA	0000	19
		_I2C_Write1ByteRegister		CODE           	01F8	0000	52
		_I2C_Read1ByteRegister		CODE           	01C2	0000	55
		_rd1RegCompleteHandler		CODE           	03A8	0000	19

../src/i2c_master_functions.c estimated size: 145

../src/interrupt_manager.c
		_INTERRUPT_InterruptManager		CODE           	0004	0000	22

../src/interrupt_manager.c estimated size: 22

../src/pin_manager.c
		_PIN_MANAGER_Initialize		CODE           	0393	0000	22

../src/pin_manager.c estimated size: 22

shared
		__initialization		CODE           	001B	0000	23
		_i2c_fsmStateTable		STRCODE        	02D7	0000	33

shared estimated size: 56

../src/vertebra_master_ldr.c
		_Get_Master_TMR1_flag		CODE           	04DD	0000	3
		_Clear_Master_TMR1_flag		CODE           	04DF	0000	3
		_TMR1_Master_InterruptHandler		CODE           	04D6	0000	4
		_Read_Slave_Sensors		CODE           	0035	0000	185
		_Read_All_Slave_Sensors		CODE           	0316	0000	30

../src/vertebra_master_ldr.c estimated size: 225

../src/init.c
		_WDT_Initialize		CODE           	04AC	0000	5
		_OSCILLATOR_Initialize		CODE           	0433	0000	10
		_SYSTEM_Initialize		CODE           	03DD	0000	17

../src/init.c estimated size: 32

../src/main.c
		_main          		CODE           	0367	0000	23

../src/main.c estimated size: 23

../src/i2c_master.c
		_I2C_Close     		CODE           	0333	0000	29
		_I2C_MasterStartRx		CODE           	04C1	0000	4
		_I2C_DO_SEND_ADR_WRITE		CODE           	044E	0000	9
		_I2C_MasterWaitForEvent		CODE           	0469	0000	7
		_I2C_DO_SEND_STOP		CODE           	048E	0000	6
		_I2C_MasterSendNack		CODE           	04B4	0000	5
		_I2C_MasterDisableIrq		CODE           	04CD	0000	4
		_I2C_CallbackReturnStop		CODE           	04DB	0000	3
		_I2C_MasterOperation		CODE           	02F7	0000	32
		_I2C_DO_SEND_ADR_READ		CODE           	0445	0000	10
		_I2C_DO_RX_NACK_STOP		CODE           	0484	0000	6
		_I2C_DO_SEND_RESTART		CODE           	0493	0000	6
		_I2C_DO_RX     		CODE           	0142	0000	71
		_I2C_DO_TX     		CODE           	00ED	0000	86
		_I2C_DO_IDLE   		CODE           	04A2	0000	6
		_I2C_DO_RCEN   		CODE           	0456	0000	8
		_I2C_Poller    		CODE           	0426	0000	14
		_I2C_DO_RESET  		CODE           	047A	0000	6
		_I2C_MasterClose		CODE           	04D0	0000	4
		_I2C_MasterWrite		CODE           	0475	0000	6
		_I2C_DO_RX_ACK 		CODE           	0489	0000	6
		_I2C_MasterStart		CODE           	04CA	0000	4
		_I2C_MasterClearIrq		CODE           	04D3	0000	4
		_I2C_MasterGetRxData		CODE           	04BE	0000	4
		_I2C_SetCallback		CODE           	02B1	0000	39
		_I2C_DO_ADDRESS_NACK		CODE           	025A	0000	45
		_I2C_MasterEnableRestart		CODE           	04C7	0000	4
		_I2C_CallbackReturnReset		CODE           	04D9	0000	3
		_I2C_Open      		CODE           	0188	0000	59
		_I2C_SetAddressNackCallback		CODE           	03FD	0000	15
		_I2C_DO_TX_EMPTY		CODE           	022B	0000	48
		_I2C_DO_SEND_RESTART_WRITE		CODE           	0498	0000	6
		_I2C_MasterIsNack		CODE           	046F	0000	7
		_I2C_SetDataCompleteCallback		CODE           	040B	0000	15
		_I2C_DO_RX_NACK_RESTART		CODE           	047F	0000	6
		_I2C_MasterSendAck		CODE           	04B0	0000	5
		_I2C_MasterFsm 		CODE           	0286	0000	44
		_I2C_MasterSetIrq		CODE           	04BB	0000	4
		_I2C_DO_SEND_RESTART_READ		CODE           	049D	0000	6
		_I2C_Initialize		CODE           	043C	0000	10
		_I2C_SetBuffer 		CODE           	03ED	0000	17
		_I2C_MasterOpen		CODE           	0419	0000	14
		_I2C_MasterSendTxData		CODE           	04A7	0000	6
		_I2C_MasterStop		CODE           	04C4	0000	4

../src/i2c_master.c estimated size: 697

